MySQL Shell 8.0.43

Copyright (c) 2016, 2025, Oracle and/or its affiliates.
Oracle is a registered trademark of Oracle Corporation and/or its affiliates.
Other names may be trademarks of their respective owners.

Type '\help' or '\?' for help; '\quit' to exit.
 MySQL  JS > \sql
Switching to SQL mode... Commands end with ;
 MySQL  SQL > \connect --mc root@localhost
Creating a Classic session to 'root@localhost'
Fetching global names for auto-completion... Press ^C to stop.
Your MySQL connection id is 11
Server version: 8.0.43 MySQL Community Server - GPL
No default schema selected; type \use <schema> to set one.
 MySQL  localhost:3306 ssl  SQL > use sakila;
Default schema set to `sakila`.
Fetching global names, object names from `sakila` for auto-completion... Press ^C to stop.
 MySQL  localhost:3306 ssl  sakila  SQL > show tables;
+----------------------------+
| Tables_in_sakila           |
+----------------------------+
| actor                      |
| actor_info                 |
| address                    |
| category                   |
| city                       |
| country                    |
| customer                   |
| customer_list              |
| film                       |
| film_actor                 |
| film_category              |
| film_list                  |
| film_text                  |
| inventory                  |
| language                   |
| nicer_but_slower_film_list |
| payment                    |
| rental                     |
| sales_by_film_category     |
| sales_by_store             |
| staff                      |
| staff_list                 |
| store                      |
+----------------------------+
23 rows in set (0.0018 sec)
 MySQL  localhost:3306 ssl  sakila  SQL > desc film;
+----------------------+---------------------------------------------------------------------+------+-----+-------------------+-----------------------------------------------+
| Field                | Type                                                                | Null | Key | Default           | Extra                                         |
+----------------------+---------------------------------------------------------------------+------+-----+-------------------+-----------------------------------------------+
| film_id              | smallint unsigned                                                   | NO   | PRI | NULL              | auto_increment                                |
| title                | varchar(128)                                                        | NO   | MUL | NULL              |                                               |
| description          | text                                                                | YES  |     | NULL              |                                               |
| release_year         | year                                                                | YES  |     | NULL              |                                               |
| language_id          | tinyint unsigned                                                    | NO   | MUL | NULL              |                                               |
| original_language_id | tinyint unsigned                                                    | YES  | MUL | NULL              |                                               |
| rental_duration      | tinyint unsigned                                                    | NO   |     | 3
      |                                               |
| rental_rate          | decimal(4,2)                                                        | NO   |     | 4.99              |                                               |
| length               | smallint unsigned                                                   | YES  |     | NULL              |                                               |
| replacement_cost     | decimal(5,2)                                                        | NO   |     | 19.99             |                                               |
| rating               | enum('G','PG','PG-13','R','NC-17')                                  | YES  |     | G
      |                                               |
| special_features     | set('Trailers','Commentaries','Deleted Scenes','Behind the Scenes') | YES  |     | NULL              |                                               |
| last_update          | timestamp                                                           | NO   |     | CURRENT_TIMESTAMP | DEFAULT_GENERATED on update CURRENT_TIMESTAMP |
+----------------------+---------------------------------------------------------------------+------+-----+-------------------+-----------------------------------------------+
13 rows in set (0.0020 sec)
 MySQL  localhost:3306 ssl  sakila  SQL > desc category;
+-------------+------------------+------+-----+-------------------+-----------------------------------------------+
| Field       | Type             | Null | Key | Default           | Extra                                         |
+-------------+------------------+------+-----+-------------------+-----------------------------------------------+
| category_id | tinyint unsigned | NO   | PRI | NULL              | auto_increment                                |
| name        | varchar(25)      | NO   |     | NULL              |                                               |
| last_update | timestamp        | NO   |     | CURRENT_TIMESTAMP | DEFAULT_GENERATED on update CURRENT_TIMESTAMP |
+-------------+------------------+------+-----+-------------------+-----------------------------------------------+
3 rows in set (0.0018 sec)
 MySQL  localhost:3306 ssl  sakila  SQL > select a.title, c.name category from film a inner join film_category b a.film_id = b.film_id inner join category c on b.categoryid = c.category_id order a.title limit100;
ERROR: 1064 (42000): You have an error in your SQL syntax; check the manual that corresponds to your MySQL server version for the right syntax to use near 'a.film_id = b.film_id inner join category c on b.categoryid = c.category_id orde' at line 1
 MySQL  localhost:3306 ssl  sakila  SQL > select a.title, c.name as category from film a inner join film_category b on a.film_id = b.film_id inner join category c on b.category_id = c.category_id limit 100;
+-------------------------+-----------+
| title                   | category  |
+-------------------------+-----------+
| AMADEUS HOLY            | Action    |
| AMERICAN CIRCUS         | Action    |
| ANTITRUST TOMATOES      | Action    |
| ARK RIDGEMONT           | Action    |
| BAREFOOT MANCHURIAN     | Action    |
| BERETS AGENT            | Action    |
| BRIDE INTRIGUE          | Action    |
| BULL SHAWSHANK          | Action    |
| CADDYSHACK JEDI         | Action    |
| CAMPUS REMEMBER         | Action    |
| CASUALTIES ENCINO       | Action    |
| CELEBRITY HORN          | Action    |
| CLUELESS BUCKET         | Action    |
| CROW GREASE             | Action    |
| DANCES NONE             | Action    |
| DARKO DORADO            | Action    |
| DARN FORRESTER          | Action    |
| DEVIL DESIRE            | Action    |
| DRAGON SQUAD            | Action    |
| DREAM PICKUP            | Action    |
| DRIFTER COMMANDMENTS    | Action    |
| EASY GLADIATOR          | Action    |
| ENTRAPMENT SATISFACTION | Action    |
| EXCITEMENT EVE          | Action    |
| FANTASY TROOPERS        | Action    |
| FIREHOUSE VIETNAM       | Action    |
| FOOL MOCKINGBIRD        | Action    |
| FORREST SONS            | Action    |
| GLASS DYING             | Action    |
| GOSFORD DONNIE          | Action    |
| GRAIL FRANKENSTEIN      | Action    |
| HANDICAP BOONDOCK       | Action    |
| HILLS NEIGHBORS         | Action    |
| KISSING DOLLS           | Action    |
| LAWRENCE LOVE           | Action    |
| LORD ARIZONA            | Action    |
| LUST LOCK               | Action    |
| MAGNOLIA FORRESTER      | Action    |
| MIDNIGHT WESTWARD       | Action    |
| MINDS TRUMAN            | Action    |
| MOCKINGBIRD HOLLYWOOD   | Action    |
| MONTEZUMA COMMAND       | Action    |
| PARK CITIZEN            | Action    |
| PATRIOT ROMAN           | Action    |
| PRIMARY GLASS           | Action    |
| QUEST MUSSOLINI         | Action    |
| REAR TRADING            | Action    |
| RINGS HEARTBREAKERS     | Action    |
| RUGRATS SHAKESPEARE     | Action    |
| SHRUNK DIVINE           | Action    |
| SIDE ARK                | Action    |
| SKY MIRACLE             | Action    |
| SOUTH WAIT              | Action    |
| SPEAKEASY DATE          | Action    |
| STAGECOACH ARMAGEDDON   | Action    |
| STORY SIDE              | Action    |
| SUSPECTS QUILLS         | Action    |
| TRIP NEWTON             | Action    |
| TRUMAN CRAZY            | Action    |
| UPRISING UPTOWN         | Action    |
| WATERFRONT DELIVERANCE  | Action    |
| WEREWOLF LOLA           | Action    |
| WOMEN DORADO            | Action    |
| WORST BANGER            | Action    |
| ALTER VICTORY           | Animation |
| ANACONDA CONFESSIONS    | Animation |
| ARGONAUTS TOWN          | Animation |
| BIKINI BORROWERS        | Animation |
| BLACKOUT PRIVATE        | Animation |
| BORROWERS BEDAZZLED     | Animation |
| CANYON STOCK            | Animation |
| CAROL TEXAS             | Animation |
| CHAMPION FLATLINERS     | Animation |
| CLASH FREDDY            | Animation |
| CLUB GRAFFITI           | Animation |
| CROSSROADS CASUALTIES   | Animation |
| DARES PLUTO             | Animation |
| DESIRE ALIEN            | Animation |
| DOGMA FAMILY            | Animation |
| DONNIE ALLEY            | Animation |
| DOORS PRESIDENT         | Animation |
| DOUBLE WRATH            | Animation |
| DUCK RACER              | Animation |
| EARLY HOME              | Animation |
| FALCON VOLUME           | Animation |
| FIGHT JAWBREAKER        | Animation |
| FLOATS GARDEN           | Animation |
| FLYING HOOK             | Animation |
| FORRESTER COMANCHEROS   | Animation |
| GANGS PRIDE             | Animation |
| GHOSTBUSTERS ELF        | Animation |
| HARPER DYING            | Animation |
| HOOK CHARIOTS           | Animation |
| HORN WORKING            | Animation |
| INCH JET                | Animation |
| INSECTS STONE           | Animation |
| INTENTIONS EMPIRE       | Animation |
| ISHTAR ROCKETEER        | Animation |
| JUGGLER HARDLY          | Animation |
| LAWLESS VISION          | Animation |
+-------------------------+-----------+
100 rows in set (0.0018 sec)
 MySQL  localhost:3306 ssl  sakila  SQL > desc customer;
+-------------+-------------------+------+-----+-------------------+-----------------------------------------------+
| Field       | Type              | Null | Key | Default           | Extra                                         |
+-------------+-------------------+------+-----+-------------------+-----------------------------------------------+
| customer_id | smallint unsigned | NO   | PRI | NULL              | auto_increment                                |
| store_id    | tinyint unsigned  | NO   | MUL | NULL              |                                               |
| first_name  | varchar(45)       | NO   |     | NULL              |                                               |
| last_name   | varchar(45)       | NO   | MUL | NULL              |                                               |
| email       | varchar(50)       | YES  |     | NULL              |                                               |
| address_id  | smallint unsigned | NO   | MUL | NULL              |                                               |
| active      | tinyint(1)        | NO   |     | 1                 |                                               |
| create_date | datetime          | NO   |     | NULL              |                                               |
| last_update | timestamp         | YES  |     | CURRENT_TIMESTAMP | DEFAULT_GENERATED on update CURRENT_TIMESTAMP |
+-------------+-------------------+------+-----+-------------------+-----------------------------------------------+
9 rows in set (0.0020 sec)
 MySQL  localhost:3306 ssl  sakila  SQL > desc rental;
+--------------+--------------------+------+-----+-------------------+-----------------------------------------------+
| Field        | Type               | Null | Key | Default           | Extra                                         |
+--------------+--------------------+------+-----+-------------------+-----------------------------------------------+
| rental_id    | int                | NO   | PRI | NULL              | auto_increment                                |
| rental_date  | datetime           | NO   | MUL | NULL              |                                               |
| inventory_id | mediumint unsigned | NO   | MUL | NULL              |                                               |
| customer_id  | smallint unsigned  | NO   | MUL | NULL              |                                               |
| return_date  | datetime           | YES  |     | NULL              |                                               |
| staff_id     | tinyint unsigned   | NO   | MUL | NULL              |                                               |
| last_update  | timestamp          | NO   |     | CURRENT_TIMESTAMP | DEFAULT_GENERATED on update CURRENT_TIMESTAMP |
+--------------+--------------------+------+-----+-------------------+-----------------------------------------------+
7 rows in set (0.0018 sec)
 MySQL  localhost:3306 ssl  sakila  SQL > select a.customer_id, first_name, a.last_name, count b.rental_id as total_rentas from customer a join rental b where a.customerid = b.customer_id group by total_rentas limit = 100;
ERROR: 1064 (42000): You have an error in your SQL syntax; check the manual that corresponds to your MySQL server version for the right syntax to use near '.rental_id as total_rentas from customer a join rental b where a.customerid = b.' at line 1
 MySQL  localhost:3306 ssl  sakila  SQL > select a.customer_id first_name a.last_name, count b.rental_id as total_rentas from customer a join rental b where a.customerid = b.customer_id group by total_rentas limit = 100;
ERROR: 1064 (42000): You have an error in your SQL syntax; check the manual that corresponds to your MySQL server version for the right syntax to use near 'a.last_name, count b.rental_id as total_rentas from customer a join rental b whe' at line 1
 MySQL  localhost:3306 ssl  sakila  SQL > select a.customer_id, a.first_name, a.last_name, count(b.rental_id) as total_rentas from customer a inner join rental b on a.customer_id = b.customer_id group by a.customer_id limit 100;
+-------------+------------+------------+--------------+
| customer_id | first_name | last_name  | total_rentas |
+-------------+------------+------------+--------------+
|           1 | MARY       | SMITH      |           32 |
|           2 | PATRICIA   | JOHNSON    |           27 |
|           3 | LINDA      | WILLIAMS   |           26 |
|           4 | BARBARA    | JONES      |           22 |
|           5 | ELIZABETH  | BROWN      |           38 |
|           6 | JENNIFER   | DAVIS      |           28 |
|           7 | MARIA      | MILLER     |           33 |
|           8 | SUSAN      | WILSON     |           24 |
|           9 | MARGARET   | MOORE      |           23 |
|          10 | DOROTHY    | TAYLOR     |           25 |
|          11 | LISA       | ANDERSON   |           24 |
|          12 | NANCY      | THOMAS     |           28 |
|          13 | KAREN      | JACKSON    |           27 |
|          14 | BETTY      | WHITE      |           28 |
|          15 | HELEN      | HARRIS     |           32 |
|          16 | SANDRA     | MARTIN     |           28 |
|          17 | DONNA      | THOMPSON   |           21 |
|          18 | CAROL      | GARCIA     |           22 |
|          19 | RUTH       | MARTINEZ   |           24 |
|          20 | SHARON     | ROBINSON   |           30 |
|          21 | MICHELLE   | CLARK      |           35 |
|          22 | LAURA      | RODRIGUEZ  |           22 |
|          23 | SARAH      | LEWIS      |           30 |
|          24 | KIMBERLY   | LEE        |           25 |
|          25 | DEBORAH    | WALKER     |           29 |
|          26 | JESSICA    | HALL       |           34 |
|          27 | SHIRLEY    | ALLEN      |           31 |
|          28 | CYNTHIA    | YOUNG      |           32 |
|          29 | ANGELA     | HERNANDEZ  |           36 |
|          30 | MELISSA    | KING       |           34 |
|          31 | BRENDA     | WRIGHT     |           26 |
|          32 | AMY        | LOPEZ      |           29 |
|          33 | ANNA       | HILL       |           21 |
|          34 | REBECCA    | SCOTT      |           24 |
|          35 | VIRGINIA   | GREEN      |           32 |
|          36 | KATHLEEN   | ADAMS      |           27 |
|          37 | PAMELA     | BAKER      |           23 |
|          38 | MARTHA     | GONZALEZ   |           34 |
|          39 | DEBRA      | NELSON     |           29 |
|          40 | AMANDA     | CARTER     |           27 |
|          41 | STEPHANIE  | MITCHELL   |           25 |
|          42 | CAROLYN    | PEREZ      |           30 |
|          43 | CHRISTINE  | ROBERTS    |           24 |
|          44 | MARIE      | TURNER     |           26 |
|          45 | JANET      | PHILLIPS   |           27 |
|          46 | CATHERINE  | CAMPBELL   |           34 |
|          47 | FRANCES    | PARKER     |           22 |
|          48 | ANN        | EVANS      |           17 |
|          49 | JOYCE      | EDWARDS    |           28 |
|          50 | DIANE      | COLLINS    |           35 |
|          51 | ALICE      | STEWART    |           33 |
|          52 | JULIE      | SANCHEZ    |           29 |
|          53 | HEATHER    | MORRIS     |           30 |
|          54 | TERESA     | ROGERS     |           29 |
|          55 | DORIS      | REED       |           22 |
|          56 | GLORIA     | COOK       |           30 |
|          57 | EVELYN     | MORGAN     |           28 |
|          58 | JEAN       | BELL       |           27 |
|          59 | CHERYL     | MURPHY     |           27 |
|          60 | MILDRED    | BAILEY     |           25 |
|          61 | KATHERINE  | RIVERA     |           14 |
|          62 | JOAN       | COOPER     |           23 |
|          63 | ASHLEY     | RICHARDSON |           25 |
|          64 | JUDITH     | COX        |           33 |
|          65 | ROSE       | HOWARD     |           22 |
|          66 | JANICE     | WARD       |           34 |
|          67 | KELLY      | TORRES     |           22 |
|          68 | NICOLE     | PETERSON   |           22 |
|          69 | JUDY       | GRAY       |           25 |
|          70 | CHRISTINA  | RAMIREZ    |           18 |
|          71 | KATHY      | JAMES      |           30 |
|          72 | THERESA    | WATSON     |           30 |
|          73 | BEVERLY    | BROOKS     |           24 |
|          74 | DENISE     | KELLY      |           27 |
|          75 | TAMMY      | SANDERS    |           41 |
|          76 | IRENE      | PRICE      |           23 |
|          77 | JANE       | BENNETT    |           28 |
|          78 | LORI       | WOOD       |           31 |
|          79 | RACHEL     | BARNES     |           22 |
|          80 | MARILYN    | ROSS       |           30 |
|          81 | ANDREA     | HENDERSON  |           22 |
|          82 | KATHRYN    | COLEMAN    |           26 |
|          83 | LOUISE     | JENKINS    |           25 |
|          84 | SARA       | PERRY      |           33 |
|          85 | ANNE       | POWELL     |           23 |
|          86 | JACQUELINE | LONG       |           33 |
|          87 | WANDA      | PATTERSON  |           30 |
|          88 | BONNIE     | HUGHES     |           21 |
|          89 | JULIA      | FLORES     |           32 |
|          90 | RUBY       | WASHINGTON |           28 |
|          91 | LOIS       | BUTLER     |           35 |
|          92 | TINA       | SIMMONS    |           28 |
|          93 | PHYLLIS    | FOSTER     |           23 |
|          94 | NORMA      | GONZALES   |           21 |
|          95 | PAULA      | BRYANT     |           18 |
|          96 | DIANA      | ALEXANDER  |           27 |
|          97 | ANNIE      | RUSSELL    |           18 |
|          98 | LILLIAN    | GRIFFIN    |           25 |
|          99 | EMILY      | DIAZ       |           24 |
|         100 | ROBIN      | HAYES      |           24 |
+-------------+------------+------------+--------------+
100 rows in set (0.0070 sec)
 MySQL  localhost:3306 ssl  sakila  SQL > desc customer;
+-------------+-------------------+------+-----+-------------------+-----------------------------------------------+
| Field       | Type              | Null | Key | Default           | Extra                                         |
+-------------+-------------------+------+-----+-------------------+-----------------------------------------------+
| customer_id | smallint unsigned | NO   | PRI | NULL              | auto_increment                                |
| store_id    | tinyint unsigned  | NO   | MUL | NULL              |                                               |
| first_name  | varchar(45)       | NO   |     | NULL              |                                               |
| last_name   | varchar(45)       | NO   | MUL | NULL              |                                               |
| email       | varchar(50)       | YES  |     | NULL              |                                               |
| address_id  | smallint unsigned | NO   | MUL | NULL              |                                               |
| active      | tinyint(1)        | NO   |     | 1                 |                                               |
| create_date | datetime          | NO   |     | NULL              |                                               |
| last_update | timestamp         | YES  |     | CURRENT_TIMESTAMP | DEFAULT_GENERATED on update CURRENT_TIMESTAMP |
+-------------+-------------------+------+-----+-------------------+-----------------------------------------------+
9 rows in set (0.0019 sec)
 MySQL  localhost:3306 ssl  sakila  SQL > desc rental;
+--------------+--------------------+------+-----+-------------------+-----------------------------------------------+
| Field        | Type               | Null | Key | Default           | Extra                                         |
+--------------+--------------------+------+-----+-------------------+-----------------------------------------------+
| rental_id    | int                | NO   | PRI | NULL              | auto_increment                                |
| rental_date  | datetime           | NO   | MUL | NULL              |                                               |
| inventory_id | mediumint unsigned | NO   | MUL | NULL              |                                               |
| customer_id  | smallint unsigned  | NO   | MUL | NULL              |                                               |
| return_date  | datetime           | YES  |     | NULL              |                                               |
| staff_id     | tinyint unsigned   | NO   | MUL | NULL              |                                               |
| last_update  | timestamp          | NO   |     | CURRENT_TIMESTAMP | DEFAULT_GENERATED on update CURRENT_TIMESTAMP |
+--------------+--------------------+------+-----+-------------------+-----------------------------------------------+
7 rows in set (0.0019 sec)
 MySQL  localhost:3306 ssl  sakila  SQL > desc film;
+----------------------+---------------------------------------------------------------------+------+-----+-------------------+-----------------------------------------------+
| Field                | Type                                                                | Null | Key | Default           | Extra                                         |
+----------------------+---------------------------------------------------------------------+------+-----+-------------------+-----------------------------------------------+
| film_id              | smallint unsigned                                                   | NO   | PRI | NULL              | auto_increment                                |
| title                | varchar(128)                                                        | NO   | MUL | NULL              |                                               |
| description          | text                                                                | YES  |     | NULL              |                                               |
| release_year         | year                                                                | YES  |     | NULL              |                                               |
| language_id          | tinyint unsigned                                                    | NO   | MUL | NULL              |                                               |
| original_language_id | tinyint unsigned                                                    | YES  | MUL | NULL              |                                               |
| rental_duration      | tinyint unsigned                                                    | NO   |     | 3
      |                                               |
| rental_rate          | decimal(4,2)                                                        | NO   |     | 4.99              |                                               |
| length               | smallint unsigned                                                   | YES  |     | NULL              |                                               |
| replacement_cost     | decimal(5,2)                                                        | NO   |     | 19.99             |                                               |
| rating               | enum('G','PG','PG-13','R','NC-17')                                  | YES  |     | G
      |                                               |
| special_features     | set('Trailers','Commentaries','Deleted Scenes','Behind the Scenes') | YES  |     | NULL              |                                               |
| last_update          | timestamp                                                           | NO   |     | CURRENT_TIMESTAMP | DEFAULT_GENERATED on update CURRENT_TIMESTAMP |
+----------------------+---------------------------------------------------------------------+------+-----+-------------------+-----------------------------------------------+
13 rows in set (0.0020 sec)
 MySQL  localhost:3306 ssl  sakila  SQL > desc inventory;
+--------------+--------------------+------+-----+-------------------+-----------------------------------------------+
| Field        | Type               | Null | Key | Default           | Extra                                         |
+--------------+--------------------+------+-----+-------------------+-----------------------------------------------+
| inventory_id | mediumint unsigned | NO   | PRI | NULL              | auto_increment                                |
| film_id      | smallint unsigned  | NO   | MUL | NULL              |                                               |
| store_id     | tinyint unsigned   | NO   | MUL | NULL              |                                               |
| last_update  | timestamp          | NO   |     | CURRENT_TIMESTAMP | DEFAULT_GENERATED on update CURRENT_TIMESTAMP |
+--------------+--------------------+------+-----+-------------------+-----------------------------------------------+
4 rows in set (0.0022 sec)
 MySQL  localhost:3306 ssl  sakila  SQL > select a.first_name, a.last_name, d.title from customer a, rental b inner join inventory c on b.inventory_id = c.inventory_id film d on c.film_id = d.film_id where a.customer_id = r.customer_id;
ERROR: 1064 (42000): You have an error in your SQL syntax; check the manual that corresponds to your MySQL server version for the right syntax to use near 'film d on c.film_id = d.film_id where a.customer_id = r.customer_id' at line 1
 MySQL  localhost:3306 ssl  sakila  SQL > select a.first_name, a.last_name, d.title from customer a inner join rental b on a.customer_id = b.customer_id inner join inventory c on b.inventory_id = c.inventory_id inner join film d on c.film_id = d.film_id limit 100;
+------------+-------------+------------------+
| first_name | last_name   | title            |
+------------+-------------+------------------+
| JOEL       | FRANCISCO   | ACADEMY DINOSAUR |
| GABRIEL    | HARDER      | ACADEMY DINOSAUR |
| DIANNE     | SHELTON     | ACADEMY DINOSAUR |
| NORMAN     | CURRIER     | ACADEMY DINOSAUR |
| BEATRICE   | ARNOLD      | ACADEMY DINOSAUR |
| GERALDINE  | PERKINS     | ACADEMY DINOSAUR |
| VIRGIL     | WOFFORD     | ACADEMY DINOSAUR |
| WILLIE     | MARKHAM     | ACADEMY DINOSAUR |
| DEBRA      | NELSON      | ACADEMY DINOSAUR |
| DARREN     | WINDHAM     | ACADEMY DINOSAUR |
| ROBERT     | BAUGHMAN    | ACADEMY DINOSAUR |
| HENRY      | BILLINGSLEY | ACADEMY DINOSAUR |
| SERGIO     | STANFIELD   | ACADEMY DINOSAUR |
| FREDDIE    | DUGGAN      | ACADEMY DINOSAUR |
| MARIE      | TURNER      | ACADEMY DINOSAUR |
| MATTIE     | HOFFMAN     | ACADEMY DINOSAUR |
| DWAYNE     | OLVERA      | ACADEMY DINOSAUR |
| CARL       | ARTIS       | ACADEMY DINOSAUR |
| NATHAN     | RUNYON      | ACADEMY DINOSAUR |
| HECTOR     | POINDEXTER  | ACADEMY DINOSAUR |
| TINA       | SIMMONS     | ACADEMY DINOSAUR |
| SUSAN      | WILSON      | ACADEMY DINOSAUR |
| REBECCA    | SCOTT       | ACADEMY DINOSAUR |
| PENNY      | NEAL        | ACE GOLDFINGER   |
| BRANDON    | HUEY        | ACE GOLDFINGER   |
| LUCILLE    | HOLMES      | ACE GOLDFINGER   |
| KATHRYN    | COLEMAN     | ACE GOLDFINGER   |
| AMBER      | DIXON       | ACE GOLDFINGER   |
| STACY      | CUNNINGHAM  | ACE GOLDFINGER   |
| JESSIE     | MILAM       | ACE GOLDFINGER   |
| PEARL      | GARZA       | ADAPTATION HOLES |
| TRAVIS     | ESTEP       | ADAPTATION HOLES |
| STELLA     | MORENO      | ADAPTATION HOLES |
| CASSANDRA  | WALTERS     | ADAPTATION HOLES |
| DEBORAH    | WALKER      | ADAPTATION HOLES |
| ROBIN      | HAYES       | ADAPTATION HOLES |
| OLGA       | JIMENEZ     | ADAPTATION HOLES |
| MARY       | SMITH       | ADAPTATION HOLES |
| ROSE       | HOWARD      | ADAPTATION HOLES |
| JOANNE     | ROBERTSON   | ADAPTATION HOLES |
| STEVEN     | CURLEY      | ADAPTATION HOLES |
| MARION     | SNYDER      | ADAPTATION HOLES |
| VIVIAN     | RUIZ        | AFFAIR PREJUDICE |
| NINA       | SOTO        | AFFAIR PREJUDICE |
| JORDAN     | ARCHULETA   | AFFAIR PREJUDICE |
| DANIELLE   | DANIELS     | AFFAIR PREJUDICE |
| SUE        | PETERS      | AFFAIR PREJUDICE |
| MICHAEL    | SILVERMAN   | AFFAIR PREJUDICE |
| JEFF       | EAST        | AFFAIR PREJUDICE |
| MEGAN      | PALMER      | AFFAIR PREJUDICE |
| ELEANOR    | HUNT        | AFFAIR PREJUDICE |
| NATALIE    | MEYER       | AFFAIR PREJUDICE |
| TOMMY      | COLLAZO     | AFFAIR PREJUDICE |
| MINNIE     | ROMERO      | AFFAIR PREJUDICE |
| CARMEN     | OWENS       | AFFAIR PREJUDICE |
| DEANNA     | BYRD        | AFFAIR PREJUDICE |
| KIMBERLY   | LEE         | AFFAIR PREJUDICE |
| BEVERLY    | BROOKS      | AFFAIR PREJUDICE |
| JIMMY      | SCHRADER    | AFFAIR PREJUDICE |
| JANICE     | WARD        | AFFAIR PREJUDICE |
| RUBEN      | GEARY       | AFFAIR PREJUDICE |
| CARMEN     | OWENS       | AFFAIR PREJUDICE |
| WALLACE    | SLONE       | AFFAIR PREJUDICE |
| OSCAR      | AQUINO      | AFFAIR PREJUDICE |
| JEROME     | KENYON      | AFFAIR PREJUDICE |
| CONNIE     | WALLACE     | AFRICAN EGG      |
| RICARDO    | MEADOR      | AFRICAN EGG      |
| BARRY      | LOVELACE    | AFRICAN EGG      |
| CASEY      | MENA        | AFRICAN EGG      |
| JOSHUA     | MARK        | AFRICAN EGG      |
| CURTIS     | IRBY        | AFRICAN EGG      |
| NORA       | HERRERA     | AFRICAN EGG      |
| AMY        | LOPEZ       | AFRICAN EGG      |
| ELAINE     | STEVENS     | AFRICAN EGG      |
| GILBERT    | SLEDGE      | AFRICAN EGG      |
| JOYCE      | EDWARDS     | AFRICAN EGG      |
| SETH       | HANNON      | AFRICAN EGG      |
| CLARENCE   | GAMEZ       | AGENT TRUMAN     |
| JANET      | PHILLIPS    | AGENT TRUMAN     |
| LESLIE     | SEWARD      | AGENT TRUMAN     |
| PERRY      | SWAFFORD    | AGENT TRUMAN     |
| IDA        | ANDREWS     | AGENT TRUMAN     |
| CATHERINE  | CAMPBELL    | AGENT TRUMAN     |
| TERRY      | GRISSOM     | AGENT TRUMAN     |
| BETTY      | WHITE       | AGENT TRUMAN     |
| ALAN       | KAHN        | AGENT TRUMAN     |
| ELIZABETH  | BROWN       | AGENT TRUMAN     |
| TONYA      | CHAPMAN     | AGENT TRUMAN     |
| TRACY      | COLE        | AGENT TRUMAN     |
| DIANE      | COLLINS     | AGENT TRUMAN     |
| CORY       | MEEHAN      | AGENT TRUMAN     |
| MAURICE    | CRAWLEY     | AGENT TRUMAN     |
| GINA       | WILLIAMSON  | AGENT TRUMAN     |
| ANTHONY    | SCHWAB      | AGENT TRUMAN     |
| CLINTON    | BUFORD      | AGENT TRUMAN     |
| KRISTIN    | JOHNSTON    | AGENT TRUMAN     |
| ROSEMARY   | SCHMIDT     | AGENT TRUMAN     |
| MARTHA     | GONZALEZ    | AGENT TRUMAN     |
| FRED       | WHEAT       | AIRPLANE SIERRA  |
| DEAN       | SAUER       | AIRPLANE SIERRA  |
+------------+-------------+------------------+
100 rows in set (0.0020 sec)
 MySQL  localhost:3306 ssl  sakila  SQL > desc film;
+----------------------+---------------------------------------------------------------------+------+-----+-------------------+-----------------------------------------------+
| Field                | Type                                                                | Null | Key | Default           | Extra                                         |
+----------------------+---------------------------------------------------------------------+------+-----+-------------------+-----------------------------------------------+
| film_id              | smallint unsigned                                                   | NO   | PRI | NULL              | auto_increment                                |
| title                | varchar(128)                                                        | NO   | MUL | NULL              |                                               |
| description          | text                                                                | YES  |     | NULL              |                                               |
| release_year         | year                                                                | YES  |     | NULL              |                                               |
| language_id          | tinyint unsigned                                                    | NO   | MUL | NULL              |                                               |
| original_language_id | tinyint unsigned                                                    | YES  | MUL | NULL              |                                               |
| rental_duration      | tinyint unsigned                                                    | NO   |     | 3
      |                                               |
| rental_rate          | decimal(4,2)                                                        | NO   |     | 4.99              |                                               |
| length               | smallint unsigned                                                   | YES  |     | NULL              |                                               |
| replacement_cost     | decimal(5,2)                                                        | NO   |     | 19.99             |                                               |
| rating               | enum('G','PG','PG-13','R','NC-17')                                  | YES  |     | G
      |                                               |
| special_features     | set('Trailers','Commentaries','Deleted Scenes','Behind the Scenes') | YES  |     | NULL              |                                               |
| last_update          | timestamp                                                           | NO   |     | CURRENT_TIMESTAMP | DEFAULT_GENERATED on update CURRENT_TIMESTAMP |
+----------------------+---------------------------------------------------------------------+------+-----+-------------------+-----------------------------------------------+
13 rows in set (0.0019 sec)
 MySQL  localhost:3306 ssl  sakila  SQL > desc store;
+------------------+-------------------+------+-----+-------------------+-----------------------------------------------+
| Field            | Type              | Null | Key | Default           | Extra
|
+------------------+-------------------+------+-----+-------------------+-----------------------------------------------+
| store_id         | tinyint unsigned  | NO   | PRI | NULL              | auto_increment
|
| manager_staff_id | tinyint unsigned  | NO   | UNI | NULL              |
|
| address_id       | smallint unsigned | NO   | MUL | NULL              |
|
| last_update      | timestamp         | NO   |     | CURRENT_TIMESTAMP | DEFAULT_GENERATED on update CURRENT_TIMESTAMP |
+------------------+-------------------+------+-----+-------------------+-----------------------------------------------+
4 rows in set (0.0042 sec)
 MySQL  localhost:3306 ssl  sakila  SQL > desc inventory;
+--------------+--------------------+------+-----+-------------------+-----------------------------------------------+
| Field        | Type               | Null | Key | Default           | Extra                                         |
+--------------+--------------------+------+-----+-------------------+-----------------------------------------------+
| inventory_id | mediumint unsigned | NO   | PRI | NULL              | auto_increment                                |
| film_id      | smallint unsigned  | NO   | MUL | NULL              |                                               |
| store_id     | tinyint unsigned   | NO   | MUL | NULL              |                                               |
| last_update  | timestamp          | NO   |     | CURRENT_TIMESTAMP | DEFAULT_GENERATED on update CURRENT_TIMESTAMP |
+--------------+--------------------+------+-----+-------------------+-----------------------------------------------+
4 rows in set (0.0018 sec)
 MySQL  localhost:3306 ssl  sakila  SQL > select a.store_id f.title from store a join inventory b on a.store_id = b.store_id join film c b.film_id = c.film_id group b.store_id limit100;
ERROR: 1064 (42000): You have an error in your SQL syntax; check the manual that corresponds to your MySQL server version for the right syntax to use near '.title from store a join inventory b on a.store_id = b.store_id join film c b.fi' at line 1
 MySQL  localhost:3306 ssl  sakila  SQL > select a.store_id, c.title from store a inner join inventory b on a.store_id = b.store_id inner join film c on b.film_id = c.film_id limit 100;
+----------+-----------------------------+
| store_id | title                       |
+----------+-----------------------------+
|        1 | ACADEMY DINOSAUR            |
|        1 | ACADEMY DINOSAUR            |
|        1 | ACADEMY DINOSAUR            |
|        1 | ACADEMY DINOSAUR            |
|        1 | AFFAIR PREJUDICE            |
|        1 | AFFAIR PREJUDICE            |
|        1 | AFFAIR PREJUDICE            |
|        1 | AFFAIR PREJUDICE            |
|        1 | AGENT TRUMAN                |
|        1 | AGENT TRUMAN                |
|        1 | AGENT TRUMAN                |
|        1 | AIRPLANE SIERRA             |
|        1 | AIRPLANE SIERRA             |
|        1 | ALABAMA DEVIL               |
|        1 | ALABAMA DEVIL               |
|        1 | ALABAMA DEVIL               |
|        1 | ALADDIN CALENDAR            |
|        1 | ALADDIN CALENDAR            |
|        1 | ALADDIN CALENDAR            |
|        1 | ALADDIN CALENDAR            |
|        1 | ALAMO VIDEOTAPE             |
|        1 | ALAMO VIDEOTAPE             |
|        1 | ALAMO VIDEOTAPE             |
|        1 | ALAMO VIDEOTAPE             |
|        1 | ALASKA PHANTOM              |
|        1 | ALASKA PHANTOM              |
|        1 | ALASKA PHANTOM              |
|        1 | ALIEN CENTER                |
|        1 | ALIEN CENTER                |
|        1 | ALLEY EVOLUTION             |
|        1 | ALLEY EVOLUTION             |
|        1 | ALONE TRIP                  |
|        1 | ALONE TRIP                  |
|        1 | ALONE TRIP                  |
|        1 | ALTER VICTORY               |
|        1 | ALTER VICTORY               |
|        1 | ALTER VICTORY               |
|        1 | AMADEUS HOLY                |
|        1 | AMADEUS HOLY                |
|        1 | AMADEUS HOLY                |
|        1 | AMADEUS HOLY                |
|        1 | AMELIE HELLFIGHTERS         |
|        1 | AMELIE HELLFIGHTERS         |
|        1 | AMELIE HELLFIGHTERS         |
|        1 | AMERICAN CIRCUS             |
|        1 | AMERICAN CIRCUS             |
|        1 | AMISTAD MIDSUMMER           |
|        1 | AMISTAD MIDSUMMER           |
|        1 | AMISTAD MIDSUMMER           |
|        1 | AMISTAD MIDSUMMER           |
|        1 | ANACONDA CONFESSIONS        |
|        1 | ANACONDA CONFESSIONS        |
|        1 | ANACONDA CONFESSIONS        |
|        1 | ANALYZE HOOSIERS            |
|        1 | ANALYZE HOOSIERS            |
|        1 | ANALYZE HOOSIERS            |
|        1 | ANALYZE HOOSIERS            |
|        1 | ANGELS LIFE                 |
|        1 | ANGELS LIFE                 |
|        1 | ANGELS LIFE                 |
|        1 | ANGELS LIFE                 |
|        1 | ANNIE IDENTITY              |
|        1 | ANNIE IDENTITY              |
|        1 | ANONYMOUS HUMAN             |
|        1 | ANONYMOUS HUMAN             |
|        1 | ANONYMOUS HUMAN             |
|        1 | ANONYMOUS HUMAN             |
|        1 | ANTHEM LUKE                 |
|        1 | ANTHEM LUKE                 |
|        1 | ANTHEM LUKE                 |
|        1 | ANTITRUST TOMATOES          |
|        1 | ANTITRUST TOMATOES          |
|        1 | ANYTHING SAVANNAH           |
|        1 | ANYTHING SAVANNAH           |
|        1 | APACHE DIVINE               |
|        1 | APACHE DIVINE               |
|        1 | APACHE DIVINE               |
|        1 | APACHE DIVINE               |
|        1 | ARACHNOPHOBIA ROLLERCOASTER |
|        1 | ARACHNOPHOBIA ROLLERCOASTER |
|        1 | ARACHNOPHOBIA ROLLERCOASTER |
|        1 | ARACHNOPHOBIA ROLLERCOASTER |
|        1 | ARIZONA BANG                |
|        1 | ARIZONA BANG                |
|        1 | ARIZONA BANG                |
|        1 | ARIZONA BANG                |
|        1 | ARMAGEDDON LOST             |
|        1 | ARMAGEDDON LOST             |
|        1 | ARMAGEDDON LOST             |
|        1 | ATLANTIS CAUSE              |
|        1 | ATLANTIS CAUSE              |
|        1 | ATLANTIS CAUSE              |
|        1 | ATTACKS HATE                |
|        1 | ATTACKS HATE                |
|        1 | ATTRACTION NEWTON           |
|        1 | ATTRACTION NEWTON           |
|        1 | ATTRACTION NEWTON           |
|        1 | ATTRACTION NEWTON           |
|        1 | BACKLASH UNDEFEATED         |
|        1 | BACKLASH UNDEFEATED         |
+----------+-----------------------------+
100 rows in set (0.0208 sec)
 MySQL  localhost:3306 ssl  sakila  SQL > desc customer;
+-------------+-------------------+------+-----+-------------------+-----------------------------------------------+
| Field       | Type              | Null | Key | Default           | Extra                                         |
+-------------+-------------------+------+-----+-------------------+-----------------------------------------------+
| customer_id | smallint unsigned | NO   | PRI | NULL              | auto_increment                                |
| store_id    | tinyint unsigned  | NO   | MUL | NULL              |                                               |
| first_name  | varchar(45)       | NO   |     | NULL              |                                               |
| last_name   | varchar(45)       | NO   | MUL | NULL              |                                               |
| email       | varchar(50)       | YES  |     | NULL              |                                               |
| address_id  | smallint unsigned | NO   | MUL | NULL              |                                               |
| active      | tinyint(1)        | NO   |     | 1                 |                                               |
| create_date | datetime          | NO   |     | NULL              |                                               |
| last_update | timestamp         | YES  |     | CURRENT_TIMESTAMP | DEFAULT_GENERATED on update CURRENT_TIMESTAMP |
+-------------+-------------------+------+-----+-------------------+-----------------------------------------------+
9 rows in set (0.0021 sec)
 MySQL  localhost:3306 ssl  sakila  SQL > desc rental;
+--------------+--------------------+------+-----+-------------------+-----------------------------------------------+
| Field        | Type               | Null | Key | Default           | Extra                                         |
+--------------+--------------------+------+-----+-------------------+-----------------------------------------------+
| rental_id    | int                | NO   | PRI | NULL              | auto_increment                                |
| rental_date  | datetime           | NO   | MUL | NULL              |                                               |
| inventory_id | mediumint unsigned | NO   | MUL | NULL              |                                               |
| customer_id  | smallint unsigned  | NO   | MUL | NULL              |                                               |
| return_date  | datetime           | YES  |     | NULL              |                                               |
| staff_id     | tinyint unsigned   | NO   | MUL | NULL              |                                               |
| last_update  | timestamp          | NO   |     | CURRENT_TIMESTAMP | DEFAULT_GENERATED on update CURRENT_TIMESTAMP |
+--------------+--------------------+------+-----+-------------------+-----------------------------------------------+
7 rows in set (0.0019 sec)
 MySQL  localhost:3306 ssl  sakila  SQL > desc staff;
+-------------+-------------------+------+-----+-------------------+-----------------------------------------------+
| Field       | Type              | Null | Key | Default           | Extra                                         |
+-------------+-------------------+------+-----+-------------------+-----------------------------------------------+
| staff_id    | tinyint unsigned  | NO   | PRI | NULL              | auto_increment                                |
| first_name  | varchar(45)       | NO   |     | NULL              |                                               |
| last_name   | varchar(45)       | NO   |     | NULL              |                                               |
| address_id  | smallint unsigned | NO   | MUL | NULL              |                                               |
| picture     | blob              | YES  |     | NULL              |                                               |
| email       | varchar(50)       | YES  |     | NULL              |                                               |
| store_id    | tinyint unsigned  | NO   | MUL | NULL              |                                               |
| active      | tinyint(1)        | NO   |     | 1                 |                                               |
| username    | varchar(16)       | NO   |     | NULL              |                                               |
| password    | varchar(40)       | YES  |     | NULL              |                                               |
| last_update | timestamp         | NO   |     | CURRENT_TIMESTAMP | DEFAULT_GENERATED on update CURRENT_TIMESTAMP |
+-------------+-------------------+------+-----+-------------------+-----------------------------------------------+
11 rows in set (0.0021 sec)
 MySQL  localhost:3306 ssl  sakila  SQL > desc inventory;
+--------------+--------------------+------+-----+-------------------+-----------------------------------------------+
| Field        | Type               | Null | Key | Default           | Extra                                         |
+--------------+--------------------+------+-----+-------------------+-----------------------------------------------+
| inventory_id | mediumint unsigned | NO   | PRI | NULL              | auto_increment                                |
| film_id      | smallint unsigned  | NO   | MUL | NULL              |                                               |
| store_id     | tinyint unsigned   | NO   | MUL | NULL              |                                               |
| last_update  | timestamp          | NO   |     | CURRENT_TIMESTAMP | DEFAULT_GENERATED on update CURRENT_TIMESTAMP |
+--------------+--------------------+------+-----+-------------------+-----------------------------------------------+
4 rows in set (0.0026 sec)
 MySQL  localhost:3306 ssl  sakila  SQL > show tables;
+----------------------------+
| Tables_in_sakila           |
+----------------------------+
| actor                      |
| actor_info                 |
| address                    |
| category                   |
| city                       |
| country                    |
| customer                   |
| customer_list              |
| film                       |
| film_actor                 |
| film_category              |
| film_list                  |
| film_text                  |
| inventory                  |
| language                   |
| nicer_but_slower_film_list |
| payment                    |
| rental                     |
| sales_by_film_category     |
| sales_by_store             |
| staff                      |
| staff_list                 |
| store                      |
+----------------------------+
23 rows in set (0.0021 sec)
 MySQL  localhost:3306 ssl  sakila  SQL > select b.first_name as cliente, b.last_name as apellido, d.title as pelicula, a.rental_date as fecha_renta, x.first_name as empleado, e.last_name as emp_apellido from rental a inner join customer c on a.staff_id = c.customer_id inner join inventary i on a.inventory_id = i.inventory inner join flim d on i.film_idd = d.film_id inner join staff e limit 100;
ERROR: 1146 (42S02): Table 'sakila.inventary' doesn't exist
 MySQL  localhost:3306 ssl  sakila  SQL > select b.first_name as cliente, b.last_name as apellido, d.title as pelicula, a.rental_date as fecha_renta, x.first_name as empleado, e.last_name as emp_apellido from rental a inner join customer c on a.staff_id = c.customer_id inner join inventory i on a.inventory_id = i.inventory inner join flim d on i.film_idd = d.film_id inner join staff e limit 100;
ERROR: 1146 (42S02): Table 'sakila.flim' doesn't exist
 MySQL  localhost:3306 ssl  sakila  SQL > select b.first_name as cliente, b.last_name as apellido, d.title as pelicula, a.rental_date as fecha_renta, x.first_name as empleado, e.last_name as emp_apellido from rental a inner join customer c on a.staff_id = c.customer_id inner join inventory i on a.inventory_id = i.inventory inner join film d on i.film_idd = d.film_id inner join staff e limit 100;
ERROR: 1054 (42S22): Unknown column 'b.first_name' in 'field list'
 MySQL  localhost:3306 ssl  sakila  SQL > select b.first_name as cliente, b.last_name as apellido, d.title as pelicula, a.rental_date as fecha_renta, e.first_name as empleado, e.last_name as emp_apellido from rental a inner join customer b on a.customer_id = b.customer_id inner join inventory c on a.inventory_id = c.inventory_id inner join film d on c.film_id = d.film_id inner join staff e on a.staff_id = e.staff_id limit 100;
+-----------+-------------+-------------------+---------------------+----------+--------------+
| cliente   | apellido    | pelicula          | fecha_renta         | empleado | emp_apellido |
+-----------+-------------+-------------------+---------------------+----------+--------------+
| BRANDY    | GRAVES      | HUMAN GRAFFITI    | 2005-08-17 17:28:01 | Mike     | Hillyer      |
| RAMONA    | HALE        | HUMAN GRAFFITI    | 2005-07-30 14:15:02 | Mike     | Hillyer      |
| ARTHUR    | SIMPKINS    | HUMAN GRAFFITI    | 2005-08-02 06:52:54 | Mike     | Hillyer      |
| BYRON     | BOX         | HUMAN GRAFFITI    | 2005-07-12 12:37:00 | Mike     | Hillyer      |
| JEREMY    | HURTADO     | HUMAN GRAFFITI    | 2005-07-10 03:46:47 | Mike     | Hillyer      |
| KIM       | CRUZ        | HUMAN GRAFFITI    | 2005-07-30 00:22:31 | Mike     | Hillyer      |
| CAROLE    | BARNETT     | HUMAN GRAFFITI    | 2005-07-08 21:26:11 | Mike     | Hillyer      |
| CHARLIE   | BESS        | HOUSE DYNAMITE    | 2005-08-23 20:16:27 | Mike     | Hillyer      |
| CODY      | NOLEN       | HOUSE DYNAMITE    | 2005-07-29 11:35:46 | Mike     | Hillyer      |
| GREG      | ROBINS      | HOUSE DYNAMITE    | 2005-08-21 17:38:37 | Mike     | Hillyer      |
| ROBIN     | HAYES       | HOUSE DYNAMITE    | 2005-07-07 11:35:08 | Mike     | Hillyer      |
| DAVE      | GARDINER    | HOUSE DYNAMITE    | 2005-08-22 06:30:28 | Mike     | Hillyer      |
| ANDREW    | PURDY       | HOUSE DYNAMITE    | 2005-06-20 17:40:12 | Mike     | Hillyer      |
| JIM       | REA         | HOUSE DYNAMITE    | 2005-08-20 08:20:19 | Mike     | Hillyer      |
| JOYCE     | EDWARDS     | HOUSE DYNAMITE    | 2005-07-10 00:09:45 | Mike     | Hillyer      |
| MARCUS    | HIDALGO     | HOUSE DYNAMITE    | 2005-06-19 02:51:04 | Mike     | Hillyer      |
| MAXINE    | SILVA       | HOUSE DYNAMITE    | 2005-08-19 12:06:42 | Mike     | Hillyer      |
| BESSIE    | MORRISON    | HOUSE DYNAMITE    | 2005-07-27 05:06:34 | Mike     | Hillyer      |
| LAURA     | RODRIGUEZ   | HOURS RAGE        | 2005-08-19 00:42:24 | Mike     | Hillyer      |
| HAZEL     | WARREN      | HOURS RAGE        | 2005-08-21 03:40:11 | Mike     | Hillyer      |
| ANDREW    | PURDY       | HOURS RAGE        | 2005-07-27 10:30:41 | Mike     | Hillyer      |
| DEBRA     | NELSON      | HOURS RAGE        | 2005-07-11 03:21:05 | Mike     | Hillyer      |
| CARL      | ARTIS       | HOURS RAGE        | 2005-06-16 01:58:35 | Mike     | Hillyer      |
| LYNN      | PAYNE       | HOURS RAGE        | 2005-08-22 16:49:02 | Mike     | Hillyer      |
| THERESA   | WATSON      | HOURS RAGE        | 2005-05-30 01:17:25 | Mike     | Hillyer      |
| GENE      | SANBORN     | HOURS RAGE        | 2005-08-02 21:07:06 | Mike     | Hillyer      |
| PEDRO     | CHESTNUT    | HOTEL HAPPINESS   | 2005-08-22 19:23:58 | Mike     | Hillyer      |
| ALLISON   | STANLEY     | HOTEL HAPPINESS   | 2005-05-28 00:24:58 | Mike     | Hillyer      |
| ERIK      | GUILLEN     | HOTEL HAPPINESS   | 2005-08-19 07:53:58 | Mike     | Hillyer      |
| HELEN     | HARRIS      | HOTEL HAPPINESS   | 2005-06-20 05:15:37 | Mike     | Hillyer      |
| GAIL      | KNIGHT      | HORROR REIGN      | 2005-08-22 04:48:44 | Mike     | Hillyer      |
| JASON     | MORRISSEY   | HORROR REIGN      | 2005-07-12 11:50:56 | Mike     | Hillyer      |
| TROY      | QUIGLEY     | HORROR REIGN      | 2005-08-23 13:10:16 | Mike     | Hillyer      |
| TARA      | RYAN        | HORROR REIGN      | 2005-07-28 16:35:16 | Mike     | Hillyer      |
| JORGE     | OLIVARES    | HORROR REIGN      | 2005-08-21 03:51:52 | Mike     | Hillyer      |
| ALVIN     | DELOACH     | HORROR REIGN      | 2005-07-28 23:59:02 | Mike     | Hillyer      |
| APRIL     | BURNS       | HORROR REIGN      | 2005-07-08 01:51:32 | Mike     | Hillyer      |
| DIANE     | COLLINS     | HORROR REIGN      | 2005-05-29 16:44:11 | Mike     | Hillyer      |
| FREDDIE   | DUGGAN      | HORROR REIGN      | 2005-08-02 12:34:27 | Mike     | Hillyer      |
| EDNA      | WEST        | HORROR REIGN      | 2005-06-19 12:12:30 | Mike     | Hillyer      |
| HILDA     | HOPKINS     | HORROR REIGN      | 2005-08-01 10:03:20 | Mike     | Hillyer      |
| RHONDA    | KENNEDY     | HORROR REIGN      | 2005-06-18 20:24:23 | Mike     | Hillyer      |
| TONI      | HOLT        | HORROR REIGN      | 2005-05-29 09:26:34 | Mike     | Hillyer      |
| MARK      | RINEHART    | HORROR REIGN      | 2005-08-21 09:19:49 | Mike     | Hillyer      |
| FLORENCE  | WOODS       | HORROR REIGN      | 2005-07-11 08:25:22 | Mike     | Hillyer      |
| DAN       | PAINE       | HORROR REIGN      | 2005-08-21 15:59:27 | Mike     | Hillyer      |
| VANESSA   | SIMS        | HORROR REIGN      | 2005-07-29 08:42:04 | Mike     | Hillyer      |
| EDITH     | MCDONALD    | HORN WORKING      | 2005-08-22 02:26:47 | Mike     | Hillyer      |
| DEREK     | BLAKELY     | HORN WORKING      | 2005-07-28 02:24:23 | Mike     | Hillyer      |
| REGINA    | BERRY       | HORN WORKING      | 2005-08-18 14:28:00 | Mike     | Hillyer      |
| BESSIE    | MORRISON    | HORN WORKING      | 2005-07-30 22:20:04 | Mike     | Hillyer      |
| MARTIN    | BALES       | HORN WORKING      | 2005-06-18 05:05:18 | Mike     | Hillyer      |
| BETTY     | WHITE       | HORN WORKING      | 2005-08-18 19:16:47 | Mike     | Hillyer      |
| KIMBERLY  | LEE         | HORN WORKING      | 2005-05-31 10:22:54 | Mike     | Hillyer      |
| JESSIE    | BANKS       | HORN WORKING      | 2005-06-20 04:09:04 | Mike     | Hillyer      |
| JUNE      | CARROLL     | HORN WORKING      | 2005-07-27 09:19:05 | Mike     | Hillyer      |
| EDDIE     | TOMLIN      | HORN WORKING      | 2005-06-18 17:51:46 | Mike     | Hillyer      |
| DARRELL   | POWER       | HOPE TOOTSIE      | 2005-07-30 20:22:17 | Mike     | Hillyer      |
| CONNIE    | WALLACE     | HOPE TOOTSIE      | 2005-07-07 14:52:12 | Mike     | Hillyer      |
| VERA      | MCCOY       | HOPE TOOTSIE      | 2005-07-30 05:28:40 | Mike     | Hillyer      |
| VIOLA     | HANSON      | HOPE TOOTSIE      | 2005-07-10 15:05:42 | Mike     | Hillyer      |
| BILLY     | POULIN      | HOPE TOOTSIE      | 2005-06-20 22:31:54 | Mike     | Hillyer      |
| JORDAN    | ARCHULETA   | HOPE TOOTSIE      | 2005-08-22 00:24:37 | Mike     | Hillyer      |
| HAZEL     | WARREN      | HOPE TOOTSIE      | 2005-07-28 06:10:55 | Mike     | Hillyer      |
| VANESSA   | SIMS        | HOPE TOOTSIE      | 2005-08-17 10:59:00 | Mike     | Hillyer      |
| KATIE     | ELLIOTT     | HOPE TOOTSIE      | 2005-08-20 03:07:47 | Mike     | Hillyer      |
| CAROLYN   | PEREZ       | HOPE TOOTSIE      | 2005-07-31 19:23:00 | Mike     | Hillyer      |
| CARMEN    | OWENS       | HOPE TOOTSIE      | 2005-06-17 09:30:05 | Mike     | Hillyer      |
| BRYAN     | HARDISON    | HOOSIERS BIRDCAGE | 2005-08-17 03:12:04 | Mike     | Hillyer      |
| ERICA     | MATTHEWS    | HOOSIERS BIRDCAGE | 2005-08-17 06:39:59 | Mike     | Hillyer      |
| MARSHA    | DOUGLAS     | HOOSIERS BIRDCAGE | 2005-07-28 20:59:04 | Mike     | Hillyer      |
| CONSTANCE | REID        | HOOSIERS BIRDCAGE | 2005-06-19 21:34:54 | Mike     | Hillyer      |
| TERESA    | ROGERS      | HOOK CHARIOTS     | 2005-08-19 02:57:37 | Mike     | Hillyer      |
| HARRY     | ARCE        | HOOK CHARIOTS     | 2005-07-07 04:34:09 | Mike     | Hillyer      |
| CATHERINE | CAMPBELL    | HOOK CHARIOTS     | 2005-08-23 10:35:51 | Mike     | Hillyer      |
| JULIA     | FLORES      | HOOK CHARIOTS     | 2005-07-30 04:06:25 | Mike     | Hillyer      |
| KATHY     | JAMES       | HOOK CHARIOTS     | 2005-07-11 02:08:55 | Mike     | Hillyer      |
| ALMA      | AUSTIN      | HOOK CHARIOTS     | 2005-07-29 01:20:16 | Mike     | Hillyer      |
| VIRGIL    | WOFFORD     | HOOK CHARIOTS     | 2005-07-07 11:36:20 | Mike     | Hillyer      |
| DWIGHT    | LOMBARDI    | HOOK CHARIOTS     | 2005-06-21 02:30:37 | Mike     | Hillyer      |
| RAMONA    | HALE        | HONEY TIES        | 2005-08-20 19:29:44 | Mike     | Hillyer      |
| CHARLIE   | BESS        | HONEY TIES        | 2005-07-31 09:09:22 | Mike     | Hillyer      |
| DARYL     | LARUE       | HONEY TIES        | 2005-07-30 04:53:23 | Mike     | Hillyer      |
| JAMES     | GANNON      | HONEY TIES        | 2005-07-06 00:00:03 | Mike     | Hillyer      |
| ARMANDO   | GRUBER      | HONEY TIES        | 2005-05-26 05:29:49 | Mike     | Hillyer      |
| ETHEL     | WEBB        | HONEY TIES        | 2005-07-28 10:27:46 | Mike     | Hillyer      |
| VIOLET    | RODRIQUEZ   | HONEY TIES        | 2005-08-19 15:23:41 | Mike     | Hillyer      |
| RONNIE    | RICKETTS    | HONEY TIES        | 2005-08-01 11:44:13 | Mike     | Hillyer      |
| RHONDA    | KENNEDY     | HONEY TIES        | 2005-07-06 09:10:37 | Mike     | Hillyer      |
| ELLEN     | SIMPSON     | HOMICIDE PEACH    | 2005-08-21 16:52:29 | Mike     | Hillyer      |
| HELEN     | HARRIS      | HOMICIDE PEACH    | 2005-08-18 04:39:10 | Mike     | Hillyer      |
| TOMMY     | COLLAZO     | HOMICIDE PEACH    | 2005-07-30 01:00:17 | Mike     | Hillyer      |
| CHRISTIAN | JUNG        | HOMICIDE PEACH    | 2005-07-27 05:41:20 | Mike     | Hillyer      |
| NELSON    | CHRISTENSON | HOMICIDE PEACH    | 2005-06-17 15:07:30 | Mike     | Hillyer      |
| DARLENE   | ROSE        | HOMICIDE PEACH    | 2005-08-20 10:11:07 | Mike     | Hillyer      |
| PATRICK   | NEWSOM      | HOMICIDE PEACH    | 2005-08-01 17:11:52 | Mike     | Hillyer      |
| DAISY     | BATES       | HOMICIDE PEACH    | 2005-06-17 07:14:15 | Mike     | Hillyer      |
| MELINDA   | FERNANDEZ   | HOMICIDE PEACH    | 2005-05-28 03:57:28 | Mike     | Hillyer      |
| SARA      | PERRY       | HOMICIDE PEACH    | 2005-08-19 11:27:43 | Mike     | Hillyer      |
| LAURIE    | LAWRENCE    | HOMICIDE PEACH    | 2005-07-31 11:59:32 | Mike     | Hillyer      |
+-----------+-------------+-------------------+---------------------+----------+--------------+
100 rows in set (0.0478 sec)
 MySQL  localhost:3306 ssl  sakila  SQL >
 MySQL  localhost:3306 ssl  sakila  SQL > select a.title, c.name as category from film a inner join film_category b on a.film_id = b.film_id inner join category c on b.category_id = c.category_id limit 500;
+-------------------------+-------------+
| title                   | category    |
+-------------------------+-------------+
| AMADEUS HOLY            | Action      |
| AMERICAN CIRCUS         | Action      |
| ANTITRUST TOMATOES      | Action      |
| ARK RIDGEMONT           | Action      |
| BAREFOOT MANCHURIAN     | Action      |
| BERETS AGENT            | Action      |
| BRIDE INTRIGUE          | Action      |
| BULL SHAWSHANK          | Action      |
| CADDYSHACK JEDI         | Action      |
| CAMPUS REMEMBER         | Action      |
| CASUALTIES ENCINO       | Action      |
| CELEBRITY HORN          | Action      |
| CLUELESS BUCKET         | Action      |
| CROW GREASE             | Action      |
| DANCES NONE             | Action      |
| DARKO DORADO            | Action      |
| DARN FORRESTER          | Action      |
| DEVIL DESIRE            | Action      |
| DRAGON SQUAD            | Action      |
| DREAM PICKUP            | Action      |
| DRIFTER COMMANDMENTS    | Action      |
| EASY GLADIATOR          | Action      |
| ENTRAPMENT SATISFACTION | Action      |
| EXCITEMENT EVE          | Action      |
| FANTASY TROOPERS        | Action      |
| FIREHOUSE VIETNAM       | Action      |
| FOOL MOCKINGBIRD        | Action      |
| FORREST SONS            | Action      |
| GLASS DYING             | Action      |
| GOSFORD DONNIE          | Action      |
| GRAIL FRANKENSTEIN      | Action      |
| HANDICAP BOONDOCK       | Action      |
| HILLS NEIGHBORS         | Action      |
| KISSING DOLLS           | Action      |
| LAWRENCE LOVE           | Action      |
| LORD ARIZONA            | Action      |
| LUST LOCK               | Action      |
| MAGNOLIA FORRESTER      | Action      |
| MIDNIGHT WESTWARD       | Action      |
| MINDS TRUMAN            | Action      |
| MOCKINGBIRD HOLLYWOOD   | Action      |
| MONTEZUMA COMMAND       | Action      |
| PARK CITIZEN            | Action      |
| PATRIOT ROMAN           | Action      |
| PRIMARY GLASS           | Action      |
| QUEST MUSSOLINI         | Action      |
| REAR TRADING            | Action      |
| RINGS HEARTBREAKERS     | Action      |
| RUGRATS SHAKESPEARE     | Action      |
| SHRUNK DIVINE           | Action      |
| SIDE ARK                | Action      |
| SKY MIRACLE             | Action      |
| SOUTH WAIT              | Action      |
| SPEAKEASY DATE          | Action      |
| STAGECOACH ARMAGEDDON   | Action      |
| STORY SIDE              | Action      |
| SUSPECTS QUILLS         | Action      |
| TRIP NEWTON             | Action      |
| TRUMAN CRAZY            | Action      |
| UPRISING UPTOWN         | Action      |
| WATERFRONT DELIVERANCE  | Action      |
| WEREWOLF LOLA           | Action      |
| WOMEN DORADO            | Action      |
| WORST BANGER            | Action      |
| ALTER VICTORY           | Animation   |
| ANACONDA CONFESSIONS    | Animation   |
| ARGONAUTS TOWN          | Animation   |
| BIKINI BORROWERS        | Animation   |
| BLACKOUT PRIVATE        | Animation   |
| BORROWERS BEDAZZLED     | Animation   |
| CANYON STOCK            | Animation   |
| CAROL TEXAS             | Animation   |
| CHAMPION FLATLINERS     | Animation   |
| CLASH FREDDY            | Animation   |
| CLUB GRAFFITI           | Animation   |
| CROSSROADS CASUALTIES   | Animation   |
| DARES PLUTO             | Animation   |
| DESIRE ALIEN            | Animation   |
| DOGMA FAMILY            | Animation   |
| DONNIE ALLEY            | Animation   |
| DOORS PRESIDENT         | Animation   |
| DOUBLE WRATH            | Animation   |
| DUCK RACER              | Animation   |
| EARLY HOME              | Animation   |
| FALCON VOLUME           | Animation   |
| FIGHT JAWBREAKER        | Animation   |
| FLOATS GARDEN           | Animation   |
| FLYING HOOK             | Animation   |
| FORRESTER COMANCHEROS   | Animation   |
| GANGS PRIDE             | Animation   |
| GHOSTBUSTERS ELF        | Animation   |
| HARPER DYING            | Animation   |
| HOOK CHARIOTS           | Animation   |
| HORN WORKING            | Animation   |
| INCH JET                | Animation   |
| INSECTS STONE           | Animation   |
| INTENTIONS EMPIRE       | Animation   |
| ISHTAR ROCKETEER        | Animation   |
| JUGGLER HARDLY          | Animation   |
| LAWLESS VISION          | Animation   |
| LUKE MUMMY              | Animation   |
| MASSAGE IMAGE           | Animation   |
| MENAGERIE RUSHMORE      | Animation   |
| MIRACLE VIRTUAL         | Animation   |
| MISSION ZOOLANDER       | Animation   |
| NASH CHOCOLAT           | Animation   |
| OSCAR GOLD              | Animation   |
| OZ LIAISONS             | Animation   |
| PACKER MADIGAN          | Animation   |
| POND SEATTLE            | Animation   |
| POTLUCK MIXED           | Animation   |
| POTTER CONNECTICUT      | Animation   |
| PRIDE ALAMO             | Animation   |
| PUNK DIVORCE            | Animation   |
| ROOM ROMAN              | Animation   |
| SLEEPLESS MONSOON       | Animation   |
| SNOWMAN ROLLERCOASTER   | Animation   |
| SONS INTERVIEW          | Animation   |
| STORM HAPPINESS         | Animation   |
| SUGAR WONKA             | Animation   |
| SUNRISE LEAGUE          | Animation   |
| TELEMARK HEARTBREAKERS  | Animation   |
| THEORY MERMAID          | Animation   |
| THIEF PELICAN           | Animation   |
| TITANIC BOONDOCK        | Animation   |
| TRACY CIDER             | Animation   |
| TURN STAR               | Animation   |
| WAIT CIDER              | Animation   |
| WATCH TRACY             | Animation   |
| WONKA SEA               | Animation   |
| BACKLASH UNDEFEATED     | Children    |
| BEAR GRACELAND          | Children    |
| BENEATH RUSH            | Children    |
| BETRAYED REAR           | Children    |
| CABIN FLASH             | Children    |
| CASPER DRAGONFLY        | Children    |
| CHRISTMAS MOONSHINE     | Children    |
| CIRCUS YOUTH            | Children    |
| CLOCKWORK PARADISE      | Children    |
| COMANCHEROS ENEMY       | Children    |
| CROOKED FROGMEN         | Children    |
| DAUGHTER MADIGAN        | Children    |
| DOCTOR GRAIL            | Children    |
| EMPIRE MALKOVICH        | Children    |
| FARGO GANDHI            | Children    |
| FOREVER CANDIDATE       | Children    |
| FULL FLATLINERS         | Children    |
| FURY MURDER             | Children    |
| GHOST GROUNDHOG         | Children    |
| GIANT TROOPERS          | Children    |
| GORGEOUS BINGO          | Children    |
| GRADUATE LORD           | Children    |
| HALL CASSIDY            | Children    |
| HEARTBREAKERS BRIGHT    | Children    |
| HOLLYWOOD ANONYMOUS     | Children    |
| HOLOCAUST HIGHBALL      | Children    |
| IDOLS SNATCHERS         | Children    |
| INVASION CYCLONE        | Children    |
| JERSEY SASSY            | Children    |
| JUMPING WRATH           | Children    |
| LABYRINTH LEAGUE        | Children    |
| LANGUAGE COWBOY         | Children    |
| LEGALLY SECRETARY       | Children    |
| MAGIC MALLRATS          | Children    |
| MAKER GABLES            | Children    |
| MICROCOSMOS PARADISE    | Children    |
| MODEL FISH              | Children    |
| MURDER ANTITRUST        | Children    |
| NOON PAPI               | Children    |
| POLISH BROOKLYN         | Children    |
| ROBBERS JOON            | Children    |
| SABRINA MIDNIGHT        | Children    |
| SANTA PARIS             | Children    |
| SCARFACE BANG           | Children    |
| SHEPHERD MIDSUMMER      | Children    |
| SISTER FREDDY           | Children    |
| SPLENDOR PATTON         | Children    |
| STRANGELOVE DESIRE      | Children    |
| STRANGER STRANGERS      | Children    |
| SUNDANCE INVASION       | Children    |
| SWEETHEARTS SUSPECTS    | Children    |
| TEQUILA PAST            | Children    |
| TIES HUNGER             | Children    |
| TOOTSIE PILOT           | Children    |
| TWISTED PIRATES         | Children    |
| UPTOWN YOUNG            | Children    |
| WALLS ARTIST            | Children    |
| WARLOCK WEREWOLF        | Children    |
| WRONG BEHAVIOR          | Children    |
| ZOOLANDER FICTION       | Children    |
| ALICE FANTASIA          | Classics    |
| ARIZONA BANG            | Classics    |
| BEAST HUNCHBACK         | Classics    |
| BOUND CHEAPER           | Classics    |
| CANDIDATE PERDITION     | Classics    |
| CENTER DINOSAUR         | Classics    |
| COLOR PHILADELPHIA      | Classics    |
| CONSPIRACY SPIRIT       | Classics    |
| CORE SUIT               | Classics    |
| CREEPERS KANE           | Classics    |
| CRUELTY UNFORGIVEN      | Classics    |
| DETECTIVE VISION        | Classics    |
| DRACULA CRYSTAL         | Classics    |
| DYNAMITE TARZAN         | Classics    |
| EXTRAORDINARY CONQUERER | Classics    |
| FROST HEAD              | Classics    |
| GALAXY SWEETHEARTS      | Classics    |
| GILBERT PELICAN         | Classics    |
| GILMORE BOILED          | Classics    |
| HOLY TADPOLE            | Classics    |
| HOPE TOOTSIE            | Classics    |
| HYDE DOCTOR             | Classics    |
| IRON MOON               | Classics    |
| ISLAND EXORCIST         | Classics    |
| JEEPERS WEDDING         | Classics    |
| JEOPARDY ENCINO         | Classics    |
| JERK PAYCHECK           | Classics    |
| JINGLE SAGEBRUSH        | Classics    |
| LEAGUE HELLFIGHTERS     | Classics    |
| LIGHTS DEER             | Classics    |
| LOATHING LEGALLY        | Classics    |
| LOVELY JINGLE           | Classics    |
| LOVER TRUMAN            | Classics    |
| MAGNIFICENT CHITTY      | Classics    |
| MALKOVICH PET           | Classics    |
| MILLION ACE             | Classics    |
| MUSKETEERS WAIT         | Classics    |
| OCTOBER SUBMARINE       | Classics    |
| PAJAMA JAWBREAKER       | Classics    |
| PATIENT SISTER          | Classics    |
| PREJUDICE OLEANDER      | Classics    |
| REQUIEM TYCOON          | Classics    |
| RIGHT CRANES            | Classics    |
| ROOTS REMEMBER          | Classics    |
| SLING LUKE              | Classics    |
| SNATCHERS MONTEZUMA     | Classics    |
| SPIKING ELEMENT         | Classics    |
| STEEL SANTA             | Classics    |
| SUMMER SCARFACE         | Classics    |
| TADPOLE PARK            | Classics    |
| TIMBERLAND SKY          | Classics    |
| TOMORROW HUSTLER        | Classics    |
| TOWERS HURRICANE        | Classics    |
| VOLUME HOUSE            | Classics    |
| VOYAGE LEGALLY          | Classics    |
| WASTELAND DIVINE        | Classics    |
| WESTWARD SEABISCUIT     | Classics    |
| AIRPLANE SIERRA         | Comedy      |
| ANTHEM LUKE             | Comedy      |
| BRINGING HYSTERICAL     | Comedy      |
| CAPER MOTIONS           | Comedy      |
| CAT CONEHEADS           | Comedy      |
| CLOSER BANG             | Comedy      |
| CONNECTION MICROCOSMOS  | Comedy      |
| CONTROL ANTHEM          | Comedy      |
| CRAZY HOME              | Comedy      |
| DADDY PITTSBURGH        | Comedy      |
| DOOM DANCING            | Comedy      |
| DOWNHILL ENOUGH         | Comedy      |
| DYING MAKER             | Comedy      |
| ELEMENT FREDDY          | Comedy      |
| FERRIS MOTHER           | Comedy      |
| FIREBALL PHILADELPHIA   | Comedy      |
| FLINTSTONES HAPPINESS   | Comedy      |
| FRANKENSTEIN STRANGER   | Comedy      |
| FREEDOM CLEOPATRA       | Comedy      |
| GOLD RIVER              | Comedy      |
| GROUNDHOG UNCUT         | Comedy      |
| GUNFIGHT MOON           | Comedy      |
| HATE HANDICAP           | Comedy      |
| HEAVEN FREEDOM          | Comedy      |
| HEDWIG ALTER            | Comedy      |
| HURRICANE AFFAIR        | Comedy      |
| HUSTLER PARTY           | Comedy      |
| JAWS HARRY              | Comedy      |
| KNOCK WARLOCK           | Comedy      |
| LIFE TWISTED            | Comedy      |
| LION UNCUT              | Comedy      |
| LONELY ELEPHANT         | Comedy      |
| MALLRATS UNITED         | Comedy      |
| MEMENTO ZOOLANDER       | Comedy      |
| MULAN MOON              | Comedy      |
| MYSTIC TRUMAN           | Comedy      |
| OPERATION OPERATION     | Comedy      |
| PARADISE SABRINA        | Comedy      |
| PARTY KNOCK             | Comedy      |
| PERFECT GROOVE          | Comedy      |
| PINOCCHIO SIMON         | Comedy      |
| PURE RUNNER             | Comedy      |
| RUSHMORE MERMAID        | Comedy      |
| SADDLE ANTITRUST        | Comedy      |
| SATURN NAME             | Comedy      |
| SEARCHERS WAIT          | Comedy      |
| SNATCH SLIPPER          | Comedy      |
| STAGE WORLD             | Comedy      |
| STRICTLY SCARFACE       | Comedy      |
| SUBMARINE BED           | Comedy      |
| SWEDEN SHINING          | Comedy      |
| TRAINSPOTTING STRANGERS | Comedy      |
| TRAMP OTHERS            | Comedy      |
| VALLEY PACKER           | Comedy      |
| VELVET TERMINATOR       | Comedy      |
| VERTIGO NORTHWEST       | Comedy      |
| WISDOM WORKER           | Comedy      |
| ZORRO ARK               | Comedy      |
| ACADEMY DINOSAUR        | Documentary |
| ADAPTATION HOLES        | Documentary |
| ARMY FLINTSTONES        | Documentary |
| BEACH HEARTBREAKERS     | Documentary |
| BED HIGHBALL            | Documentary |
| BILL OTHERS             | Documentary |
| BONNIE HOLOCAUST        | Documentary |
| BROTHERHOOD BLANKET     | Documentary |
| CAUSE DATE              | Documentary |
| CHICKEN HELLFIGHTERS    | Documentary |
| CIDER DESIRE            | Documentary |
| CLERKS ANGELS           | Documentary |
| COAST RAINBOW           | Documentary |
| CUPBOARD SINNERS        | Documentary |
| DANCING FEVER           | Documentary |
| DEEP CRUSADE            | Documentary |
| DELIVERANCE MULHOLLAND  | Documentary |
| DOZEN LION              | Documentary |
| DUFFEL APOCALYPSE       | Documentary |
| EGG IGBY                | Documentary |
| EXPENDABLE STALLION     | Documentary |
| FRENCH HOLIDAY          | Documentary |
| HALLOWEEN NUTS          | Documentary |
| HARDLY ROBBERS          | Documentary |
| HAWK CHILL              | Documentary |
| HEAVYWEIGHTS BEAST      | Documentary |
| HOMEWARD CIDER          | Documentary |
| HUNTER ALTER            | Documentary |
| INDEPENDENCE HOTEL      | Documentary |
| INTOLERABLE INTENTIONS  | Documentary |
| KILL BROTHERHOOD        | Documentary |
| MADISON TRAP            | Documentary |
| MAJESTIC FLOATS         | Documentary |
| METAL ARMAGEDDON        | Documentary |
| MIDSUMMER GROUNDHOG     | Documentary |
| MIGHTY LUCK             | Documentary |
| MOD SECRETARY           | Documentary |
| MODERN DORADO           | Documentary |
| NATIONAL STORY          | Documentary |
| NEWSIES STORY           | Documentary |
| NORTH TEQUILA           | Documentary |
| NOTORIOUS REUNION       | Documentary |
| PACIFIC AMISTAD         | Documentary |
| PELICAN COMFORTS        | Documentary |
| POCUS PULP              | Documentary |
| PRINCESS GIANT          | Documentary |
| QUILLS BULL             | Documentary |
| RAIDERS ANTITRUST       | Documentary |
| RAINBOW SHOCK           | Documentary |
| ROAD ROXANNE            | Documentary |
| SAGEBRUSH CLUELESS      | Documentary |
| SECRET GROUNDHOG        | Documentary |
| SHIP WONDERLAND         | Documentary |
| SHOW LORD               | Documentary |
| SMOKING BARBARELLA      | Documentary |
| SPOILERS HELLFIGHTERS   | Documentary |
| STREAK RIDGEMONT        | Documentary |
| THIN SAGEBRUSH          | Documentary |
| UNITED PILOT            | Documentary |
| UNTOUCHABLES SUNRISE    | Documentary |
| VILLAIN DESPERATE       | Documentary |
| VIRGINIAN PLUTO         | Documentary |
| WAGON JAWS              | Documentary |
| WARS PLUTO              | Documentary |
| WEDDING APOLLO          | Documentary |
| WIFE TURN               | Documentary |
| WRATH MILE              | Documentary |
| YOUNG LANGUAGE          | Documentary |
| APOLLO TEEN             | Drama       |
| BEAUTY GREASE           | Drama       |
| BEETHOVEN EXORCIST      | Drama       |
| BLADE POLISH            | Drama       |
| BRIGHT ENCOUNTERS       | Drama       |
| BUNCH MINDS             | Drama       |
| CHILL LUCK              | Drama       |
| CHITTY LOCK             | Drama       |
| CONEHEADS SMOOCHY       | Drama       |
| CONFESSIONS MAGUIRE     | Drama       |
| CONQUERER NUTS          | Drama       |
| CRAFT OUTFIELD          | Drama       |
| DALMATIONS SWEDEN       | Drama       |
| DARKNESS WAR            | Drama       |
| DECEIVER BETRAYED       | Drama       |
| DESTINATION JERK        | Drama       |
| DIARY PANIC             | Drama       |
| EDGE KISSING            | Drama       |
| ENCOUNTERS CURTAIN      | Drama       |
| GOLDFINGER SENSIBILITY  | Drama       |
| GONE TROUBLE            | Drama       |
| GREEDY ROOTS            | Drama       |
| HANGING DEEP            | Drama       |
| HAROLD FRENCH           | Drama       |
| HARRY IDAHO             | Drama       |
| HOBBIT ALIEN            | Drama       |
| HUNCHBACK IMPOSSIBLE    | Drama       |
| JACKET FRISCO           | Drama       |
| KWAI HOMEWARD           | Drama       |
| LEBOWSKI SOLDIERS       | Drama       |
| LIES TREATMENT          | Drama       |
| LUCK OPUS               | Drama       |
| MOB DUFFEL              | Drama       |
| NECKLACE OUTBREAK       | Drama       |
| NOTTING SPEAKEASY       | Drama       |
| ORIENT CLOSER           | Drama       |
| PATHS CONTROL           | Drama       |
| PAYCHECK WAIT           | Drama       |
| PITY BOUND              | Drama       |
| QUEEN LUKE              | Drama       |
| RACER EGG               | Drama       |
| REUNION WITCHES         | Drama       |
| ROCKY WAR               | Drama       |
| SAINTS BRIDE            | Drama       |
| SAVANNAH TOWN           | Drama       |
| SCORPION APOLLO         | Drama       |
| SEA VIRGIN              | Drama       |
| SEATTLE EXPECATIONS     | Drama       |
| SHOOTIST SUPERFLY       | Drama       |
| SLACKER LIAISONS        | Drama       |
| SOMETHING DUCK          | Drama       |
| SPICE SORORITY          | Drama       |
| TENENBAUMS COMMAND      | Drama       |
| TORQUE BOUND            | Drama       |
| TRANSLATION SUMMER      | Drama       |
| TREATMENT JEKYLL        | Drama       |
| UNFAITHFUL KILL         | Drama       |
| VIETNAM SMOOCHY         | Drama       |
| VIRGIN DAISY            | Drama       |
| WARDROBE PHANTOM        | Drama       |
| WEST LION               | Drama       |
| WITCHES PANIC           | Drama       |
| AFRICAN EGG             | Family      |
| APACHE DIVINE           | Family      |
| ATLANTIS CAUSE          | Family      |
| BAKED CLEOPATRA         | Family      |
| BANG KWAI               | Family      |
| BEDAZZLED MARRIED       | Family      |
| BILKO ANONYMOUS         | Family      |
| BLANKET BEVERLY         | Family      |
| BLOOD ARGONAUTS         | Family      |
| BLUES INSTINCT          | Family      |
| BRAVEHEART HUMAN        | Family      |
| CHASING FIGHT           | Family      |
| CHISUM BEHAVIOR         | Family      |
| CHOCOLAT HARRY          | Family      |
| CONFUSED CANDLES        | Family      |
| CONVERSATION DOWNHILL   | Family      |
| DATE SPEED              | Family      |
| DINOSAUR SECRETARY      | Family      |
| DUMBO LUST              | Family      |
| EARRING INSTINCT        | Family      |
| EFFECT GLADIATOR        | Family      |
| FEUD FROGMEN            | Family      |
| FINDING ANACONDA        | Family      |
| GABLES METROPOLIS       | Family      |
| GANDHI KWAI             | Family      |
| GLADIATOR WESTWARD      | Family      |
| GREASE YOUTH            | Family      |
| HALF OUTFIELD           | Family      |
| HOCUS FRIDA             | Family      |
| HOMICIDE PEACH          | Family      |
| HOUSE DYNAMITE          | Family      |
| HUNTING MUSKETEERS      | Family      |
| INDIAN LOVE             | Family      |
| JASON TRAP              | Family      |
| JEDI BENEATH            | Family      |
| KILLER INNOCENT         | Family      |
| KING EVOLUTION          | Family      |
| LOLITA WORLD            | Family      |
| LOUISIANA HARRY         | Family      |
| MAGUIRE APACHE          | Family      |
| MANCHURIAN CURTAIN      | Family      |
| MOVIE SHAKESPEARE       | Family      |
| MUSIC BOONDOCK          | Family      |
| NATURAL STOCK           | Family      |
| NETWORK PEAK            | Family      |
| ODDS BOOGIE             | Family      |
| OPPOSITE NECKLACE       | Family      |
| PILOT HOOSIERS          | Family      |
| PITTSBURGH HUNCHBACK    | Family      |
| PRESIDENT BANG          | Family      |
| PRIX UNDEFEATED         | Family      |
| RAGE GAMES              | Family      |
| RANGE MOONWALKER        | Family      |
| REMEMBER DIARY          | Family      |
| RESURRECTION SILVERADO  | Family      |
| ROBBERY BRIGHT          | Family      |
| RUSH GOODFELLAS         | Family      |
| SECRETS PARADISE        | Family      |
| SENSIBILITY REAR        | Family      |
| SIEGE MADRE             | Family      |
| SLUMS DUCK              | Family      |
| SOUP WISDOM             | Family      |
| SPARTACUS CHEAPER       | Family      |
| SPINAL ROCKY            | Family      |
| SPLASH GUMP             | Family      |
+-------------------------+-------------+
500 rows in set (0.0039 sec)
 MySQL  localhost:3306 ssl  sakila  SQL > select a.customer_id, a.first_name, a.last_name, count(b.rental_id) as total_rentas from customer a inner join rental b on a.customer_id = b.customer_id group by a.customer_id limit 500;
+-------------+-------------+-------------+--------------+
| customer_id | first_name  | last_name   | total_rentas |
+-------------+-------------+-------------+--------------+
|           1 | MARY        | SMITH       |           32 |
|           2 | PATRICIA    | JOHNSON     |           27 |
|           3 | LINDA       | WILLIAMS    |           26 |
|           4 | BARBARA     | JONES       |           22 |
|           5 | ELIZABETH   | BROWN       |           38 |
|           6 | JENNIFER    | DAVIS       |           28 |
|           7 | MARIA       | MILLER      |           33 |
|           8 | SUSAN       | WILSON      |           24 |
|           9 | MARGARET    | MOORE       |           23 |
|          10 | DOROTHY     | TAYLOR      |           25 |
|          11 | LISA        | ANDERSON    |           24 |
|          12 | NANCY       | THOMAS      |           28 |
|          13 | KAREN       | JACKSON     |           27 |
|          14 | BETTY       | WHITE       |           28 |
|          15 | HELEN       | HARRIS      |           32 |
|          16 | SANDRA      | MARTIN      |           28 |
|          17 | DONNA       | THOMPSON    |           21 |
|          18 | CAROL       | GARCIA      |           22 |
|          19 | RUTH        | MARTINEZ    |           24 |
|          20 | SHARON      | ROBINSON    |           30 |
|          21 | MICHELLE    | CLARK       |           35 |
|          22 | LAURA       | RODRIGUEZ   |           22 |
|          23 | SARAH       | LEWIS       |           30 |
|          24 | KIMBERLY    | LEE         |           25 |
|          25 | DEBORAH     | WALKER      |           29 |
|          26 | JESSICA     | HALL        |           34 |
|          27 | SHIRLEY     | ALLEN       |           31 |
|          28 | CYNTHIA     | YOUNG       |           32 |
|          29 | ANGELA      | HERNANDEZ   |           36 |
|          30 | MELISSA     | KING        |           34 |
|          31 | BRENDA      | WRIGHT      |           26 |
|          32 | AMY         | LOPEZ       |           29 |
|          33 | ANNA        | HILL        |           21 |
|          34 | REBECCA     | SCOTT       |           24 |
|          35 | VIRGINIA    | GREEN       |           32 |
|          36 | KATHLEEN    | ADAMS       |           27 |
|          37 | PAMELA      | BAKER       |           23 |
|          38 | MARTHA      | GONZALEZ    |           34 |
|          39 | DEBRA       | NELSON      |           29 |
|          40 | AMANDA      | CARTER      |           27 |
|          41 | STEPHANIE   | MITCHELL    |           25 |
|          42 | CAROLYN     | PEREZ       |           30 |
|          43 | CHRISTINE   | ROBERTS     |           24 |
|          44 | MARIE       | TURNER      |           26 |
|          45 | JANET       | PHILLIPS    |           27 |
|          46 | CATHERINE   | CAMPBELL    |           34 |
|          47 | FRANCES     | PARKER      |           22 |
|          48 | ANN         | EVANS       |           17 |
|          49 | JOYCE       | EDWARDS     |           28 |
|          50 | DIANE       | COLLINS     |           35 |
|          51 | ALICE       | STEWART     |           33 |
|          52 | JULIE       | SANCHEZ     |           29 |
|          53 | HEATHER     | MORRIS      |           30 |
|          54 | TERESA      | ROGERS      |           29 |
|          55 | DORIS       | REED        |           22 |
|          56 | GLORIA      | COOK        |           30 |
|          57 | EVELYN      | MORGAN      |           28 |
|          58 | JEAN        | BELL        |           27 |
|          59 | CHERYL      | MURPHY      |           27 |
|          60 | MILDRED     | BAILEY      |           25 |
|          61 | KATHERINE   | RIVERA      |           14 |
|          62 | JOAN        | COOPER      |           23 |
|          63 | ASHLEY      | RICHARDSON  |           25 |
|          64 | JUDITH      | COX         |           33 |
|          65 | ROSE        | HOWARD      |           22 |
|          66 | JANICE      | WARD        |           34 |
|          67 | KELLY       | TORRES      |           22 |
|          68 | NICOLE      | PETERSON    |           22 |
|          69 | JUDY        | GRAY        |           25 |
|          70 | CHRISTINA   | RAMIREZ     |           18 |
|          71 | KATHY       | JAMES       |           30 |
|          72 | THERESA     | WATSON      |           30 |
|          73 | BEVERLY     | BROOKS      |           24 |
|          74 | DENISE      | KELLY       |           27 |
|          75 | TAMMY       | SANDERS     |           41 |
|          76 | IRENE       | PRICE       |           23 |
|          77 | JANE        | BENNETT     |           28 |
|          78 | LORI        | WOOD        |           31 |
|          79 | RACHEL      | BARNES      |           22 |
|          80 | MARILYN     | ROSS        |           30 |
|          81 | ANDREA      | HENDERSON   |           22 |
|          82 | KATHRYN     | COLEMAN     |           26 |
|          83 | LOUISE      | JENKINS     |           25 |
|          84 | SARA        | PERRY       |           33 |
|          85 | ANNE        | POWELL      |           23 |
|          86 | JACQUELINE  | LONG        |           33 |
|          87 | WANDA       | PATTERSON   |           30 |
|          88 | BONNIE      | HUGHES      |           21 |
|          89 | JULIA       | FLORES      |           32 |
|          90 | RUBY        | WASHINGTON  |           28 |
|          91 | LOIS        | BUTLER      |           35 |
|          92 | TINA        | SIMMONS     |           28 |
|          93 | PHYLLIS     | FOSTER      |           23 |
|          94 | NORMA       | GONZALES    |           21 |
|          95 | PAULA       | BRYANT      |           18 |
|          96 | DIANA       | ALEXANDER   |           27 |
|          97 | ANNIE       | RUSSELL     |           18 |
|          98 | LILLIAN     | GRIFFIN     |           25 |
|          99 | EMILY       | DIAZ        |           24 |
|         100 | ROBIN       | HAYES       |           24 |
|         101 | PEGGY       | MYERS       |           24 |
|         102 | CRYSTAL     | FORD        |           33 |
|         103 | GLADYS      | HAMILTON    |           31 |
|         104 | RITA        | GRAHAM      |           24 |
|         105 | DAWN        | SULLIVAN    |           26 |
|         106 | CONNIE      | WALLACE     |           23 |
|         107 | FLORENCE    | WOODS       |           30 |
|         108 | TRACY       | COLE        |           30 |
|         109 | EDNA        | WEST        |           26 |
|         110 | TIFFANY     | JORDAN      |           14 |
|         111 | CARMEN      | OWENS       |           26 |
|         112 | ROSA        | REYNOLDS    |           30 |
|         113 | CINDY       | FISHER      |           29 |
|         114 | GRACE       | ELLIS       |           33 |
|         115 | WENDY       | HARRISON    |           30 |
|         116 | VICTORIA    | GIBSON      |           27 |
|         117 | EDITH       | MCDONALD    |           19 |
|         118 | KIM         | CRUZ        |           21 |
|         119 | SHERRY      | MARSHALL    |           34 |
|         120 | SYLVIA      | ORTIZ       |           32 |
|         121 | JOSEPHINE   | GOMEZ       |           26 |
|         122 | THELMA      | MURRAY      |           32 |
|         123 | SHANNON     | FREEMAN     |           24 |
|         124 | SHEILA      | WELLS       |           18 |
|         125 | ETHEL       | WEBB        |           32 |
|         126 | ELLEN       | SIMPSON     |           28 |
|         127 | ELAINE      | STEVENS     |           24 |
|         128 | MARJORIE    | TUCKER      |           32 |
|         129 | CARRIE      | PORTER      |           34 |
|         130 | CHARLOTTE   | HUNTER      |           24 |
|         131 | MONICA      | HICKS       |           30 |
|         132 | ESTHER      | CRAWFORD    |           28 |
|         133 | PAULINE     | HENRY       |           27 |
|         134 | EMMA        | BOYD        |           23 |
|         135 | JUANITA     | MASON       |           30 |
|         136 | ANITA       | MORALES     |           15 |
|         137 | RHONDA      | KENNEDY     |           39 |
|         138 | HAZEL       | WARREN      |           34 |
|         139 | AMBER       | DIXON       |           27 |
|         140 | EVA         | RAMOS       |           18 |
|         141 | DEBBIE      | REYES       |           32 |
|         142 | APRIL       | BURNS       |           26 |
|         143 | LESLIE      | GORDON      |           22 |
|         144 | CLARA       | SHAW        |           42 |
|         145 | LUCILLE     | HOLMES      |           28 |
|         146 | JAMIE       | RICE        |           29 |
|         147 | JOANNE      | ROBERTSON   |           34 |
|         148 | ELEANOR     | HUNT        |           46 |
|         149 | VALERIE     | BLACK       |           26 |
|         150 | DANIELLE    | DANIELS     |           25 |
|         151 | MEGAN       | PALMER      |           27 |
|         152 | ALICIA      | MILLS       |           21 |
|         153 | SUZANNE     | NICHOLS     |           24 |
|         154 | MICHELE     | GRANT       |           30 |
|         155 | GAIL        | KNIGHT      |           25 |
|         156 | BERTHA      | FERGUSON    |           25 |
|         157 | DARLENE     | ROSE        |           31 |
|         158 | VERONICA    | STONE       |           32 |
|         159 | JILL        | HAWKINS     |           21 |
|         160 | ERIN        | DUNN        |           27 |
|         161 | GERALDINE   | PERKINS     |           30 |
|         162 | LAUREN      | HUDSON      |           20 |
|         163 | CATHY       | SPENCER     |           29 |
|         164 | JOANN       | GARDNER     |           16 |
|         165 | LORRAINE    | STEPHENS    |           21 |
|         166 | LYNN        | PAYNE       |           28 |
|         167 | SALLY       | PIERCE      |           32 |
|         168 | REGINA      | BERRY       |           34 |
|         169 | ERICA       | MATTHEWS    |           22 |
|         170 | BEATRICE    | ARNOLD      |           26 |
|         171 | DOLORES     | WAGNER      |           26 |
|         172 | BERNICE     | WILLIS      |           33 |
|         173 | AUDREY      | RAY         |           29 |
|         174 | YVONNE      | WATKINS     |           21 |
|         175 | ANNETTE     | OLSON       |           24 |
|         176 | JUNE        | CARROLL     |           37 |
|         177 | SAMANTHA    | DUNCAN      |           23 |
|         178 | MARION      | SNYDER      |           39 |
|         179 | DANA        | HART        |           29 |
|         180 | STACY       | CUNNINGHAM  |           23 |
|         181 | ANA         | BRADLEY     |           34 |
|         182 | RENEE       | LANE        |           26 |
|         183 | IDA         | ANDREWS     |           23 |
|         184 | VIVIAN      | RUIZ        |           23 |
|         185 | ROBERTA     | HARPER      |           23 |
|         186 | HOLLY       | FOX         |           31 |
|         187 | BRITTANY    | RILEY       |           28 |
|         188 | MELANIE     | ARMSTRONG   |           25 |
|         189 | LORETTA     | CARPENTER   |           22 |
|         190 | YOLANDA     | WEAVER      |           27 |
|         191 | JEANETTE    | GREENE      |           20 |
|         192 | LAURIE      | LAWRENCE    |           23 |
|         193 | KATIE       | ELLIOTT     |           25 |
|         194 | KRISTEN     | CHAVEZ      |           18 |
|         195 | VANESSA     | SIMS        |           19 |
|         196 | ALMA        | AUSTIN      |           35 |
|         197 | SUE         | PETERS      |           40 |
|         198 | ELSIE       | KELLEY      |           37 |
|         199 | BETH        | FRANKLIN    |           25 |
|         200 | JEANNE      | LAWSON      |           27 |
|         201 | VICKI       | FIELDS      |           25 |
|         202 | CARLA       | GUTIERREZ   |           26 |
|         203 | TARA        | RYAN        |           20 |
|         204 | ROSEMARY    | SCHMIDT     |           35 |
|         205 | EILEEN      | CARR        |           18 |
|         206 | TERRI       | VASQUEZ     |           27 |
|         207 | GERTRUDE    | CASTILLO    |           34 |
|         208 | LUCY        | WHEELER     |           26 |
|         209 | TONYA       | CHAPMAN     |           32 |
|         210 | ELLA        | OLIVER      |           31 |
|         211 | STACEY      | MONTGOMERY  |           34 |
|         212 | WILMA       | RICHARDS    |           20 |
|         213 | GINA        | WILLIAMSON  |           28 |
|         214 | KRISTIN     | JOHNSTON    |           31 |
|         215 | JESSIE      | BANKS       |           26 |
|         216 | NATALIE     | MEYER       |           23 |
|         217 | AGNES       | BISHOP      |           23 |
|         218 | VERA        | MCCOY       |           18 |
|         219 | WILLIE      | HOWELL      |           26 |
|         220 | CHARLENE    | ALVAREZ     |           27 |
|         221 | BESSIE      | MORRISON    |           28 |
|         222 | DELORES     | HANSEN      |           21 |
|         223 | MELINDA     | FERNANDEZ   |           17 |
|         224 | PEARL       | GARZA       |           22 |
|         225 | ARLENE      | HARVEY      |           26 |
|         226 | MAUREEN     | LITTLE      |           21 |
|         227 | COLLEEN     | BURTON      |           24 |
|         228 | ALLISON     | STANLEY     |           27 |
|         229 | TAMARA      | NGUYEN      |           25 |
|         230 | JOY         | GEORGE      |           33 |
|         231 | GEORGIA     | JACOBS      |           26 |
|         232 | CONSTANCE   | REID        |           25 |
|         233 | LILLIE      | KIM         |           23 |
|         234 | CLAUDIA     | FULLER      |           26 |
|         235 | JACKIE      | LYNCH       |           25 |
|         236 | MARCIA      | DEAN        |           42 |
|         237 | TANYA       | GILBERT     |           33 |
|         238 | NELLIE      | GARRETT     |           21 |
|         239 | MINNIE      | ROMERO      |           34 |
|         240 | MARLENE     | WELCH       |           26 |
|         241 | HEIDI       | LARSON      |           34 |
|         242 | GLENDA      | FRAZIER     |           32 |
|         243 | LYDIA       | BURKE       |           24 |
|         244 | VIOLA       | HANSON      |           32 |
|         245 | COURTNEY    | DAY         |           32 |
|         246 | MARIAN      | MENDOZA     |           23 |
|         247 | STELLA      | MORENO      |           22 |
|         248 | CAROLINE    | BOWMAN      |           15 |
|         249 | DORA        | MEDINA      |           23 |
|         250 | JO          | FOWLER      |           20 |
|         251 | VICKIE      | BREWER      |           31 |
|         252 | MATTIE      | HOFFMAN     |           22 |
|         253 | TERRY       | CARLSON     |           29 |
|         254 | MAXINE      | SILVA       |           32 |
|         255 | IRMA        | PEARSON     |           18 |
|         256 | MABEL       | HOLLAND     |           30 |
|         257 | MARSHA      | DOUGLAS     |           37 |
|         258 | MYRTLE      | FLEMING     |           24 |
|         259 | LENA        | JENSEN      |           32 |
|         260 | CHRISTY     | VARGAS      |           31 |
|         261 | DEANNA      | BYRD        |           26 |
|         262 | PATSY       | DAVIDSON    |           28 |
|         263 | HILDA       | HOPKINS     |           29 |
|         264 | GWENDOLYN   | MAY         |           25 |
|         265 | JENNIE      | TERRY       |           29 |
|         266 | NORA        | HERRERA     |           28 |
|         267 | MARGIE      | WADE        |           36 |
|         268 | NINA        | SOTO        |           29 |
|         269 | CASSANDRA   | WALTERS     |           30 |
|         270 | LEAH        | CURTIS      |           25 |
|         271 | PENNY       | NEAL        |           18 |
|         272 | KAY         | CALDWELL    |           20 |
|         273 | PRISCILLA   | LOWE        |           35 |
|         274 | NAOMI       | JENNINGS    |           35 |
|         275 | CAROLE      | BARNETT     |           30 |
|         276 | BRANDY      | GRAVES      |           28 |
|         277 | OLGA        | JIMENEZ     |           32 |
|         278 | BILLIE      | HORTON      |           26 |
|         279 | DIANNE      | SHELTON     |           31 |
|         280 | TRACEY      | BARRETT     |           27 |
|         281 | LEONA       | OBRIEN      |           14 |
|         282 | JENNY       | CASTRO      |           27 |
|         283 | FELICIA     | SUTTON      |           28 |
|         284 | SONIA       | GREGORY     |           28 |
|         285 | MIRIAM      | MCKINNEY    |           26 |
|         286 | VELMA       | LUCAS       |           27 |
|         287 | BECKY       | MILES       |           29 |
|         288 | BOBBIE      | CRAIG       |           24 |
|         289 | VIOLET      | RODRIQUEZ   |           30 |
|         290 | KRISTINA    | CHAMBERS    |           28 |
|         291 | TONI        | HOLT        |           23 |
|         292 | MISTY       | LAMBERT     |           27 |
|         293 | MAE         | FLETCHER    |           31 |
|         294 | SHELLY      | WATTS       |           26 |
|         295 | DAISY       | BATES       |           38 |
|         296 | RAMONA      | HALE        |           30 |
|         297 | SHERRI      | RHODES      |           33 |
|         298 | ERIKA       | PENA        |           26 |
|         299 | JAMES       | GANNON      |           30 |
|         300 | JOHN        | FARNSWORTH  |           31 |
|         301 | ROBERT      | BAUGHMAN    |           21 |
|         302 | MICHAEL     | SILVERMAN   |           29 |
|         303 | WILLIAM     | SATTERFIELD |           26 |
|         304 | DAVID       | ROYAL       |           26 |
|         305 | RICHARD     | MCCRARY     |           25 |
|         306 | CHARLES     | KOWALSKI    |           32 |
|         307 | JOSEPH      | JOY         |           30 |
|         308 | THOMAS      | GRIGSBY     |           25 |
|         309 | CHRISTOPHER | GRECO       |           31 |
|         310 | DANIEL      | CABRAL      |           20 |
|         311 | PAUL        | TROUT       |           23 |
|         312 | MARK        | RINEHART    |           26 |
|         313 | DONALD      | MAHON       |           23 |
|         314 | GEORGE      | LINTON      |           33 |
|         315 | KENNETH     | GOODEN      |           17 |
|         316 | STEVEN      | CURLEY      |           29 |
|         317 | EDWARD      | BAUGH       |           28 |
|         318 | BRIAN       | WYMAN       |           12 |
|         319 | RONALD      | WEINER      |           30 |
|         320 | ANTHONY     | SCHWAB      |           20 |
|         321 | KEVIN       | SCHULER     |           22 |
|         322 | JASON       | MORRISSEY   |           28 |
|         323 | MATTHEW     | MAHAN       |           31 |
|         324 | GARY        | COY         |           25 |
|         325 | TIMOTHY     | BUNN        |           22 |
|         326 | JOSE        | ANDREW      |           25 |
|         327 | LARRY       | THRASHER    |           26 |
|         328 | JEFFREY     | SPEAR       |           23 |
|         329 | FRANK       | WAGGONER    |           32 |
|         330 | SCOTT       | SHELLEY     |           25 |
|         331 | ERIC        | ROBERT      |           27 |
|         332 | STEPHEN     | QUALLS      |           28 |
|         333 | ANDREW      | PURDY       |           27 |
|         334 | RAYMOND     | MCWHORTER   |           30 |
|         335 | GREGORY     | MAULDIN     |           23 |
|         336 | JOSHUA      | MARK        |           30 |
|         337 | JERRY       | JORDON      |           29 |
|         338 | DENNIS      | GILMAN      |           28 |
|         339 | WALTER      | PERRYMAN    |           30 |
|         340 | PATRICK     | NEWSOM      |           31 |
|         341 | PETER       | MENARD      |           23 |
|         342 | HAROLD      | MARTINO     |           32 |
|         343 | DOUGLAS     | GRAF        |           25 |
|         344 | HENRY       | BILLINGSLEY |           18 |
|         345 | CARL        | ARTIS       |           23 |
|         346 | ARTHUR      | SIMPKINS    |           32 |
|         347 | RYAN        | SALISBURY   |           30 |
|         348 | ROGER       | QUINTANILLA |           36 |
|         349 | JOE         | GILLILAND   |           29 |
|         350 | JUAN        | FRALEY      |           23 |
|         351 | JACK        | FOUST       |           24 |
|         352 | ALBERT      | CROUSE      |           23 |
|         353 | JONATHAN    | SCARBOROUGH |           18 |
|         354 | JUSTIN      | NGO         |           36 |
|         355 | TERRY       | GRISSOM     |           20 |
|         356 | GERALD      | FULTZ       |           30 |
|         357 | KEITH       | RICO        |           26 |
|         358 | SAMUEL      | MARLOW      |           21 |
|         359 | WILLIE      | MARKHAM     |           25 |
|         360 | RALPH       | MADRIGAL    |           34 |
|         361 | LAWRENCE    | LAWTON      |           31 |
|         362 | NICHOLAS    | BARFIELD    |           32 |
|         363 | ROY         | WHITING     |           29 |
|         364 | BENJAMIN    | VARNEY      |           23 |
|         365 | BRUCE       | SCHWARZ     |           23 |
|         366 | BRANDON     | HUEY        |           37 |
|         367 | ADAM        | GOOCH       |           22 |
|         368 | HARRY       | ARCE        |           35 |
|         369 | FRED        | WHEAT       |           25 |
|         370 | WAYNE       | TRUONG      |           19 |
|         371 | BILLY       | POULIN      |           35 |
|         372 | STEVE       | MACKENZIE   |           34 |
|         373 | LOUIS       | LEONE       |           35 |
|         374 | JEREMY      | HURTADO     |           28 |
|         375 | AARON       | SELBY       |           24 |
|         376 | RANDY       | GAITHER     |           28 |
|         377 | HOWARD      | FORTNER     |           26 |
|         378 | EUGENE      | CULPEPPER   |           19 |
|         379 | CARLOS      | COUGHLIN    |           23 |
|         380 | RUSSELL     | BRINSON     |           36 |
|         381 | BOBBY       | BOUDREAU    |           35 |
|         382 | VICTOR      | BARKLEY     |           24 |
|         383 | MARTIN      | BALES       |           27 |
|         384 | ERNEST      | STEPP       |           25 |
|         385 | PHILLIP     | HOLM        |           26 |
|         386 | TODD        | TAN         |           29 |
|         387 | JESSE       | SCHILLING   |           26 |
|         388 | CRAIG       | MORRELL     |           30 |
|         389 | ALAN        | KAHN        |           26 |
|         390 | SHAWN       | HEATON      |           33 |
|         391 | CLARENCE    | GAMEZ       |           30 |
|         392 | SEAN        | DOUGLASS    |           23 |
|         393 | PHILIP      | CAUSEY      |           31 |
|         394 | CHRIS       | BROTHERS    |           22 |
|         395 | JOHNNY      | TURPIN      |           19 |
|         396 | EARL        | SHANKS      |           27 |
|         397 | JIMMY       | SCHRADER    |           29 |
|         398 | ANTONIO     | MEEK        |           16 |
|         399 | DANNY       | ISOM        |           21 |
|         400 | BRYAN       | HARDISON    |           28 |
|         401 | TONY        | CARRANZA    |           21 |
|         402 | LUIS        | YANEZ       |           20 |
|         403 | MIKE        | WAY         |           35 |
|         404 | STANLEY     | SCROGGINS   |           30 |
|         405 | LEONARD     | SCHOFIELD   |           32 |
|         406 | NATHAN      | RUNYON      |           32 |
|         407 | DALE        | RATCLIFF    |           27 |
|         408 | MANUEL      | MURRELL     |           30 |
|         409 | RODNEY      | MOELLER     |           23 |
|         410 | CURTIS      | IRBY        |           38 |
|         411 | NORMAN      | CURRIER     |           26 |
|         412 | ALLEN       | BUTTERFIELD |           21 |
|         413 | MARVIN      | YEE         |           21 |
|         414 | VINCENT     | RALSTON     |           25 |
|         415 | GLENN       | PULLEN      |           23 |
|         416 | JEFFERY     | PINSON      |           31 |
|         417 | TRAVIS      | ESTEP       |           25 |
|         418 | JEFF        | EAST        |           30 |
|         419 | CHAD        | CARBONE     |           25 |
|         420 | JACOB       | LANCE       |           21 |
|         421 | LEE         | HAWKS       |           27 |
|         422 | MELVIN      | ELLINGTON   |           26 |
|         423 | ALFRED      | CASILLAS    |           26 |
|         424 | KYLE        | SPURLOCK    |           30 |
|         425 | FRANCIS     | SIKES       |           26 |
|         426 | BRADLEY     | MOTLEY      |           27 |
|         427 | JESUS       | MCCARTNEY   |           24 |
|         428 | HERBERT     | KRUGER      |           20 |
|         429 | FREDERICK   | ISBELL      |           21 |
|         430 | RAY         | HOULE       |           22 |
|         431 | JOEL        | FRANCISCO   |           23 |
|         432 | EDWIN       | BURK        |           23 |
|         433 | DON         | BONE        |           25 |
|         434 | EDDIE       | TOMLIN      |           27 |
|         435 | RICKY       | SHELBY      |           25 |
|         436 | TROY        | QUIGLEY     |           30 |
|         437 | RANDALL     | NEUMANN     |           23 |
|         438 | BARRY       | LOVELACE    |           33 |
|         439 | ALEXANDER   | FENNELL     |           36 |
|         440 | BERNARD     | COLBY       |           22 |
|         441 | MARIO       | CHEATHAM    |           28 |
|         442 | LEROY       | BUSTAMANTE  |           32 |
|         443 | FRANCISCO   | SKIDMORE    |           22 |
|         444 | MARCUS      | HIDALGO     |           30 |
|         445 | MICHEAL     | FORMAN      |           26 |
|         446 | THEODORE    | CULP        |           31 |
|         447 | CLIFFORD    | BOWENS      |           29 |
|         448 | MIGUEL      | BETANCOURT  |           29 |
|         449 | OSCAR       | AQUINO      |           20 |
|         450 | JAY         | ROBB        |           26 |
|         451 | JIM         | REA         |           33 |
|         452 | TOM         | MILNER      |           32 |
|         453 | CALVIN      | MARTEL      |           23 |
|         454 | ALEX        | GRESHAM     |           33 |
|         455 | JON         | WILES       |           24 |
|         456 | RONNIE      | RICKETTS    |           25 |
|         457 | BILL        | GAVIN       |           28 |
|         458 | LLOYD       | DOWD        |           19 |
|         459 | TOMMY       | COLLAZO     |           38 |
|         460 | LEON        | BOSTIC      |           25 |
|         461 | DEREK       | BLAKELY     |           28 |
|         462 | WARREN      | SHERROD     |           33 |
|         463 | DARRELL     | POWER       |           25 |
|         464 | JEROME      | KENYON      |           16 |
|         465 | FLOYD       | GANDY       |           17 |
|         466 | LEO         | EBERT       |           23 |
|         467 | ALVIN       | DELOACH     |           29 |
|         468 | TIM         | CARY        |           39 |
|         469 | WESLEY      | BULL        |           40 |
|         470 | GORDON      | ALLARD      |           32 |
|         471 | DEAN        | SAUER       |           27 |
|         472 | GREG        | ROBINS      |           30 |
|         473 | JORGE       | OLIVARES    |           34 |
|         474 | DUSTIN      | GILLETTE    |           26 |
|         475 | PEDRO       | CHESTNUT    |           24 |
|         476 | DERRICK     | BOURQUE     |           22 |
|         477 | DAN         | PAINE       |           22 |
|         478 | LEWIS       | LYMAN       |           19 |
|         479 | ZACHARY     | HITE        |           31 |
|         480 | COREY       | HAUSER      |           22 |
|         481 | HERMAN      | DEVORE      |           29 |
|         482 | MAURICE     | CRAWLEY     |           29 |
|         483 | VERNON      | CHAPA       |           18 |
|         484 | ROBERTO     | VU          |           30 |
|         485 | CLYDE       | TOBIAS      |           29 |
|         486 | GLEN        | TALBERT     |           26 |
|         487 | HECTOR      | POINDEXTER  |           26 |
|         488 | SHANE       | MILLARD     |           22 |
|         489 | RICARDO     | MEADOR      |           21 |
|         490 | SAM         | MCDUFFIE    |           24 |
|         491 | RICK        | MATTOX      |           27 |
|         492 | LESTER      | KRAUS       |           16 |
|         493 | BRENT       | HARKINS     |           23 |
|         494 | RAMON       | CHOATE      |           31 |
|         495 | CHARLIE     | BESS        |           26 |
|         496 | TYLER       | WREN        |           21 |
|         497 | GILBERT     | SLEDGE      |           28 |
|         498 | GENE        | SANBORN     |           27 |
|         499 | MARC        | OUTLAW      |           30 |
|         500 | REGINALD    | KINDER      |           28 |
+-------------+-------------+-------------+--------------+
500 rows in set (0.0238 sec)
 MySQL  localhost:3306 ssl  sakila  SQL > select a.first_name, a.last_name, d.title from customer a inner join rental b on a.customer_id = b.customer_id inner join inventory c on b.inventory_id = c.inventory_id inner join film d on c.film_id = d.film_id limit 500;
+------------+-------------+----------------------+
| first_name | last_name   | title                |
+------------+-------------+----------------------+
| JOEL       | FRANCISCO   | ACADEMY DINOSAUR     |
| GABRIEL    | HARDER      | ACADEMY DINOSAUR     |
| DIANNE     | SHELTON     | ACADEMY DINOSAUR     |
| NORMAN     | CURRIER     | ACADEMY DINOSAUR     |
| BEATRICE   | ARNOLD      | ACADEMY DINOSAUR     |
| GERALDINE  | PERKINS     | ACADEMY DINOSAUR     |
| VIRGIL     | WOFFORD     | ACADEMY DINOSAUR     |
| WILLIE     | MARKHAM     | ACADEMY DINOSAUR     |
| DEBRA      | NELSON      | ACADEMY DINOSAUR     |
| DARREN     | WINDHAM     | ACADEMY DINOSAUR     |
| ROBERT     | BAUGHMAN    | ACADEMY DINOSAUR     |
| HENRY      | BILLINGSLEY | ACADEMY DINOSAUR     |
| SERGIO     | STANFIELD   | ACADEMY DINOSAUR     |
| FREDDIE    | DUGGAN      | ACADEMY DINOSAUR     |
| MARIE      | TURNER      | ACADEMY DINOSAUR     |
| MATTIE     | HOFFMAN     | ACADEMY DINOSAUR     |
| DWAYNE     | OLVERA      | ACADEMY DINOSAUR     |
| CARL       | ARTIS       | ACADEMY DINOSAUR     |
| NATHAN     | RUNYON      | ACADEMY DINOSAUR     |
| HECTOR     | POINDEXTER  | ACADEMY DINOSAUR     |
| TINA       | SIMMONS     | ACADEMY DINOSAUR     |
| SUSAN      | WILSON      | ACADEMY DINOSAUR     |
| REBECCA    | SCOTT       | ACADEMY DINOSAUR     |
| PENNY      | NEAL        | ACE GOLDFINGER       |
| BRANDON    | HUEY        | ACE GOLDFINGER       |
| LUCILLE    | HOLMES      | ACE GOLDFINGER       |
| KATHRYN    | COLEMAN     | ACE GOLDFINGER       |
| AMBER      | DIXON       | ACE GOLDFINGER       |
| STACY      | CUNNINGHAM  | ACE GOLDFINGER       |
| JESSIE     | MILAM       | ACE GOLDFINGER       |
| PEARL      | GARZA       | ADAPTATION HOLES     |
| TRAVIS     | ESTEP       | ADAPTATION HOLES     |
| STELLA     | MORENO      | ADAPTATION HOLES     |
| CASSANDRA  | WALTERS     | ADAPTATION HOLES     |
| DEBORAH    | WALKER      | ADAPTATION HOLES     |
| ROBIN      | HAYES       | ADAPTATION HOLES     |
| OLGA       | JIMENEZ     | ADAPTATION HOLES     |
| MARY       | SMITH       | ADAPTATION HOLES     |
| ROSE       | HOWARD      | ADAPTATION HOLES     |
| JOANNE     | ROBERTSON   | ADAPTATION HOLES     |
| STEVEN     | CURLEY      | ADAPTATION HOLES     |
| MARION     | SNYDER      | ADAPTATION HOLES     |
| VIVIAN     | RUIZ        | AFFAIR PREJUDICE     |
| NINA       | SOTO        | AFFAIR PREJUDICE     |
| JORDAN     | ARCHULETA   | AFFAIR PREJUDICE     |
| DANIELLE   | DANIELS     | AFFAIR PREJUDICE     |
| SUE        | PETERS      | AFFAIR PREJUDICE     |
| MICHAEL    | SILVERMAN   | AFFAIR PREJUDICE     |
| JEFF       | EAST        | AFFAIR PREJUDICE     |
| MEGAN      | PALMER      | AFFAIR PREJUDICE     |
| ELEANOR    | HUNT        | AFFAIR PREJUDICE     |
| NATALIE    | MEYER       | AFFAIR PREJUDICE     |
| TOMMY      | COLLAZO     | AFFAIR PREJUDICE     |
| MINNIE     | ROMERO      | AFFAIR PREJUDICE     |
| CARMEN     | OWENS       | AFFAIR PREJUDICE     |
| DEANNA     | BYRD        | AFFAIR PREJUDICE     |
| KIMBERLY   | LEE         | AFFAIR PREJUDICE     |
| BEVERLY    | BROOKS      | AFFAIR PREJUDICE     |
| JIMMY      | SCHRADER    | AFFAIR PREJUDICE     |
| JANICE     | WARD        | AFFAIR PREJUDICE     |
| RUBEN      | GEARY       | AFFAIR PREJUDICE     |
| CARMEN     | OWENS       | AFFAIR PREJUDICE     |
| WALLACE    | SLONE       | AFFAIR PREJUDICE     |
| OSCAR      | AQUINO      | AFFAIR PREJUDICE     |
| JEROME     | KENYON      | AFFAIR PREJUDICE     |
| CONNIE     | WALLACE     | AFRICAN EGG          |
| RICARDO    | MEADOR      | AFRICAN EGG          |
| BARRY      | LOVELACE    | AFRICAN EGG          |
| CASEY      | MENA        | AFRICAN EGG          |
| JOSHUA     | MARK        | AFRICAN EGG          |
| CURTIS     | IRBY        | AFRICAN EGG          |
| NORA       | HERRERA     | AFRICAN EGG          |
| AMY        | LOPEZ       | AFRICAN EGG          |
| ELAINE     | STEVENS     | AFRICAN EGG          |
| GILBERT    | SLEDGE      | AFRICAN EGG          |
| JOYCE      | EDWARDS     | AFRICAN EGG          |
| SETH       | HANNON      | AFRICAN EGG          |
| CLARENCE   | GAMEZ       | AGENT TRUMAN         |
| JANET      | PHILLIPS    | AGENT TRUMAN         |
| LESLIE     | SEWARD      | AGENT TRUMAN         |
| PERRY      | SWAFFORD    | AGENT TRUMAN         |
| IDA        | ANDREWS     | AGENT TRUMAN         |
| CATHERINE  | CAMPBELL    | AGENT TRUMAN         |
| TERRY      | GRISSOM     | AGENT TRUMAN         |
| BETTY      | WHITE       | AGENT TRUMAN         |
| ALAN       | KAHN        | AGENT TRUMAN         |
| ELIZABETH  | BROWN       | AGENT TRUMAN         |
| TONYA      | CHAPMAN     | AGENT TRUMAN         |
| TRACY      | COLE        | AGENT TRUMAN         |
| DIANE      | COLLINS     | AGENT TRUMAN         |
| CORY       | MEEHAN      | AGENT TRUMAN         |
| MAURICE    | CRAWLEY     | AGENT TRUMAN         |
| GINA       | WILLIAMSON  | AGENT TRUMAN         |
| ANTHONY    | SCHWAB      | AGENT TRUMAN         |
| CLINTON    | BUFORD      | AGENT TRUMAN         |
| KRISTIN    | JOHNSTON    | AGENT TRUMAN         |
| ROSEMARY   | SCHMIDT     | AGENT TRUMAN         |
| MARTHA     | GONZALEZ    | AGENT TRUMAN         |
| FRED       | WHEAT       | AIRPLANE SIERRA      |
| DEAN       | SAUER       | AIRPLANE SIERRA      |
| CRAIG      | MORRELL     | AIRPLANE SIERRA      |
| PRISCILLA  | LOWE        | AIRPLANE SIERRA      |
| WANDA      | PATTERSON   | AIRPLANE SIERRA      |
| ANDREA     | HENDERSON   | AIRPLANE SIERRA      |
| JAMIE      | WAUGH       | AIRPLANE SIERRA      |
| MICHELE    | GRANT       | AIRPLANE SIERRA      |
| VIVIAN     | RUIZ        | AIRPLANE SIERRA      |
| JESSE      | SCHILLING   | AIRPLANE SIERRA      |
| PHYLLIS    | FOSTER      | AIRPLANE SIERRA      |
| FREDERICK  | ISBELL      | AIRPLANE SIERRA      |
| TERESA     | ROGERS      | AIRPLANE SIERRA      |
| CARLA      | GUTIERREZ   | AIRPLANE SIERRA      |
| DANIEL     | CABRAL      | AIRPLANE SIERRA      |
| BRUCE      | SCHWARZ     | AIRPORT POLLOCK      |
| EVELYN     | MORGAN      | AIRPORT POLLOCK      |
| NINA       | SOTO        | AIRPORT POLLOCK      |
| LYNN       | PAYNE       | AIRPORT POLLOCK      |
| CAROLE     | BARNETT     | AIRPORT POLLOCK      |
| WILLIAM    | SATTERFIELD | AIRPORT POLLOCK      |
| ALBERT     | CROUSE      | AIRPORT POLLOCK      |
| DIANA      | ALEXANDER   | AIRPORT POLLOCK      |
| THERESA    | WATSON      | AIRPORT POLLOCK      |
| CLARA      | SHAW        | AIRPORT POLLOCK      |
| FRANCIS    | SIKES       | AIRPORT POLLOCK      |
| STEPHEN    | QUALLS      | AIRPORT POLLOCK      |
| DUANE      | TUBBS       | AIRPORT POLLOCK      |
| VICTORIA   | GIBSON      | AIRPORT POLLOCK      |
| PATSY      | DAVIDSON    | AIRPORT POLLOCK      |
| MIGUEL     | BETANCOURT  | AIRPORT POLLOCK      |
| DEBBIE     | REYES       | AIRPORT POLLOCK      |
| RUBEN      | GEARY       | AIRPORT POLLOCK      |
| RICHARD    | MCCRARY     | ALABAMA DEVIL        |
| RICK       | MATTOX      | ALABAMA DEVIL        |
| VERONICA   | STONE       | ALABAMA DEVIL        |
| EDGAR      | RHOADS      | ALABAMA DEVIL        |
| STEVE      | MACKENZIE   | ALABAMA DEVIL        |
| KRISTIN    | JOHNSTON    | ALABAMA DEVIL        |
| KURT       | EMMONS      | ALABAMA DEVIL        |
| FRANKLIN   | TROUTMAN    | ALABAMA DEVIL        |
| TAMMY      | SANDERS     | ALABAMA DEVIL        |
| DARRELL    | POWER       | ALABAMA DEVIL        |
| MAUREEN    | LITTLE      | ALABAMA DEVIL        |
| MIRIAM     | MCKINNEY    | ALABAMA DEVIL        |
| JULIA      | FLORES      | ALADDIN CALENDAR     |
| GORDON     | ALLARD      | ALADDIN CALENDAR     |
| IVAN       | CROMWELL    | ALADDIN CALENDAR     |
| LENA       | JENSEN      | ALADDIN CALENDAR     |
| SYLVIA     | ORTIZ       | ALADDIN CALENDAR     |
| DORIS      | REED        | ALADDIN CALENDAR     |
| SAMUEL     | MARLOW      | ALADDIN CALENDAR     |
| RODNEY     | MOELLER     | ALADDIN CALENDAR     |
| WAYNE      | TRUONG      | ALADDIN CALENDAR     |
| CLARENCE   | GAMEZ       | ALADDIN CALENDAR     |
| HERMAN     | DEVORE      | ALADDIN CALENDAR     |
| CAROL      | GARCIA      | ALADDIN CALENDAR     |
| DOROTHY    | TAYLOR      | ALADDIN CALENDAR     |
| SAM        | MCDUFFIE    | ALADDIN CALENDAR     |
| ADAM       | GOOCH       | ALADDIN CALENDAR     |
| JENNIE     | TERRY       | ALADDIN CALENDAR     |
| MATHEW     | BOLIN       | ALADDIN CALENDAR     |
| BRUCE      | SCHWARZ     | ALADDIN CALENDAR     |
| PHYLLIS    | FOSTER      | ALADDIN CALENDAR     |
| KATIE      | ELLIOTT     | ALADDIN CALENDAR     |
| VELMA      | LUCAS       | ALADDIN CALENDAR     |
| DAN        | PAINE       | ALADDIN CALENDAR     |
| STELLA     | MORENO      | ALADDIN CALENDAR     |
| GARY       | COY         | ALAMO VIDEOTAPE      |
| DENISE     | KELLY       | ALAMO VIDEOTAPE      |
| VIOLA      | HANSON      | ALAMO VIDEOTAPE      |
| TRACEY     | BARRETT     | ALAMO VIDEOTAPE      |
| MARILYN    | ROSS        | ALAMO VIDEOTAPE      |
| JACK       | FOUST       | ALAMO VIDEOTAPE      |
| LOUIS      | LEONE       | ALAMO VIDEOTAPE      |
| GRACE      | ELLIS       | ALAMO VIDEOTAPE      |
| MARVIN     | YEE         | ALAMO VIDEOTAPE      |
| JESSIE     | BANKS       | ALAMO VIDEOTAPE      |
| VICTORIA   | GIBSON      | ALAMO VIDEOTAPE      |
| KENNETH    | GOODEN      | ALAMO VIDEOTAPE      |
| LEE        | HAWKS       | ALAMO VIDEOTAPE      |
| BARBARA    | JONES       | ALAMO VIDEOTAPE      |
| GLORIA     | COOK        | ALAMO VIDEOTAPE      |
| RALPH      | MADRIGAL    | ALAMO VIDEOTAPE      |
| RUBY       | WASHINGTON  | ALAMO VIDEOTAPE      |
| DUSTIN     | GILLETTE    | ALAMO VIDEOTAPE      |
| KIM        | CRUZ        | ALAMO VIDEOTAPE      |
| TED        | BREAUX      | ALAMO VIDEOTAPE      |
| ALLAN      | CORNISH     | ALAMO VIDEOTAPE      |
| VIOLA      | HANSON      | ALAMO VIDEOTAPE      |
| LILLIE     | KIM         | ALAMO VIDEOTAPE      |
| REGINA     | BERRY       | ALAMO VIDEOTAPE      |
| TED        | BREAUX      | ALASKA PHANTOM       |
| MELVIN     | ELLINGTON   | ALASKA PHANTOM       |
| JAMIE      | RICE        | ALASKA PHANTOM       |
| BERNARD    | COLBY       | ALASKA PHANTOM       |
| KELLY      | TORRES      | ALASKA PHANTOM       |
| ELIZABETH  | BROWN       | ALASKA PHANTOM       |
| BYRON      | BOX         | ALASKA PHANTOM       |
| JOHNNY     | TURPIN      | ALASKA PHANTOM       |
| CHRISTINA  | RAMIREZ     | ALASKA PHANTOM       |
| DIANE      | COLLINS     | ALASKA PHANTOM       |
| CLIFFORD   | BOWENS      | ALASKA PHANTOM       |
| WENDY      | HARRISON    | ALASKA PHANTOM       |
| MARIAN     | MENDOZA     | ALASKA PHANTOM       |
| MICHAEL    | SILVERMAN   | ALASKA PHANTOM       |
| JORGE      | OLIVARES    | ALASKA PHANTOM       |
| BERNARD    | COLBY       | ALASKA PHANTOM       |
| ERIN       | DUNN        | ALASKA PHANTOM       |
| JOAN       | COOPER      | ALASKA PHANTOM       |
| TIMOTHY    | BUNN        | ALASKA PHANTOM       |
| MELINDA    | FERNANDEZ   | ALASKA PHANTOM       |
| BYRON      | BOX         | ALASKA PHANTOM       |
| CAROLE     | BARNETT     | ALASKA PHANTOM       |
| AMBER      | DIXON       | ALASKA PHANTOM       |
| TONYA      | CHAPMAN     | ALASKA PHANTOM       |
| ANN        | EVANS       | ALASKA PHANTOM       |
| TERRANCE   | ROUSH       | ALASKA PHANTOM       |
| SUZANNE    | NICHOLS     | ALI FOREVER          |
| DOROTHY    | TAYLOR      | ALI FOREVER          |
| ALVIN      | DELOACH     | ALI FOREVER          |
| WESLEY     | BULL        | ALI FOREVER          |
| JESSE      | SCHILLING   | ALI FOREVER          |
| MISTY      | LAMBERT     | ALI FOREVER          |
| EVELYN     | MORGAN      | ALI FOREVER          |
| ARTHUR     | SIMPKINS    | ALI FOREVER          |
| TRACY      | COLE        | ALI FOREVER          |
| CARMEN     | OWENS       | ALIEN CENTER         |
| CHARLIE    | BESS        | ALIEN CENTER         |
| HEIDI      | LARSON      | ALIEN CENTER         |
| ROGER      | QUINTANILLA | ALIEN CENTER         |
| KELLY      | KNOTT       | ALIEN CENTER         |
| MICHEAL    | FORMAN      | ALIEN CENTER         |
| MARGIE     | WADE        | ALIEN CENTER         |
| ALAN       | KAHN        | ALIEN CENTER         |
| ANA        | BRADLEY     | ALIEN CENTER         |
| JACQUELINE | LONG        | ALIEN CENTER         |
| JIM        | REA         | ALIEN CENTER         |
| CURTIS     | IRBY        | ALIEN CENTER         |
| HEATHER    | MORRIS      | ALIEN CENTER         |
| ROBERTA    | HARPER      | ALIEN CENTER         |
| JEFF       | EAST        | ALIEN CENTER         |
| BYRON      | BOX         | ALIEN CENTER         |
| FRANCES    | PARKER      | ALIEN CENTER         |
| MARIA      | MILLER      | ALIEN CENTER         |
| JEROME     | KENYON      | ALIEN CENTER         |
| CINDY      | FISHER      | ALIEN CENTER         |
| ANTONIO    | MEEK        | ALIEN CENTER         |
| ANDY       | VANHORN     | ALIEN CENTER         |
| DEBORAH    | WALKER      | ALLEY EVOLUTION      |
| VIRGIL     | WOFFORD     | ALLEY EVOLUTION      |
| DOUGLAS    | GRAF        | ALLEY EVOLUTION      |
| KIRK       | STCLAIR     | ALLEY EVOLUTION      |
| ELLA       | OLIVER      | ALLEY EVOLUTION      |
| LEAH       | CURTIS      | ALLEY EVOLUTION      |
| HARRY      | ARCE        | ALLEY EVOLUTION      |
| ROSA       | REYNOLDS    | ALLEY EVOLUTION      |
| FERNANDO   | CHURCHILL   | ALLEY EVOLUTION      |
| JENNY      | CASTRO      | ALLEY EVOLUTION      |
| DEANNA     | BYRD        | ALLEY EVOLUTION      |
| JAVIER     | ELROD       | ALLEY EVOLUTION      |
| DOROTHY    | TAYLOR      | ALLEY EVOLUTION      |
| ROBERTA    | HARPER      | ALLEY EVOLUTION      |
| GREGORY    | MAULDIN     | ALONE TRIP           |
| MARCIA     | DEAN        | ALONE TRIP           |
| BILLY      | POULIN      | ALONE TRIP           |
| HARVEY     | GUAJARDO    | ALONE TRIP           |
| MELISSA    | KING        | ALONE TRIP           |
| HERMAN     | DEVORE      | ALONE TRIP           |
| JAMIE      | RICE        | ALONE TRIP           |
| HERBERT    | KRUGER      | ALONE TRIP           |
| WANDA      | PATTERSON   | ALONE TRIP           |
| KATHLEEN   | ADAMS       | ALONE TRIP           |
| WILLIE     | MARKHAM     | ALONE TRIP           |
| RALPH      | MADRIGAL    | ALONE TRIP           |
| JOANN      | GARDNER     | ALONE TRIP           |
| JAVIER     | ELROD       | ALONE TRIP           |
| DEANNA     | BYRD        | ALONE TRIP           |
| LORRAINE   | STEPHENS    | ALONE TRIP           |
| TRACY      | COLE        | ALONE TRIP           |
| TODD       | TAN         | ALONE TRIP           |
| HARVEY     | GUAJARDO    | ALTER VICTORY        |
| NORMAN     | CURRIER     | ALTER VICTORY        |
| BARRY      | LOVELACE    | ALTER VICTORY        |
| LOIS       | BUTLER      | ALTER VICTORY        |
| ANNA       | HILL        | ALTER VICTORY        |
| DONALD     | MAHON       | ALTER VICTORY        |
| BRADLEY    | MOTLEY      | ALTER VICTORY        |
| OSCAR      | AQUINO      | ALTER VICTORY        |
| JOANNE     | ROBERTSON   | ALTER VICTORY        |
| PHILIP     | CAUSEY      | ALTER VICTORY        |
| JORDAN     | ARCHULETA   | ALTER VICTORY        |
| MICHAEL    | SILVERMAN   | ALTER VICTORY        |
| LEROY      | BUSTAMANTE  | ALTER VICTORY        |
| SEAN       | DOUGLASS    | ALTER VICTORY        |
| BEN        | EASTER      | ALTER VICTORY        |
| NATHAN     | RUNYON      | ALTER VICTORY        |
| ANGELA     | HERNANDEZ   | ALTER VICTORY        |
| ETHEL      | WEBB        | ALTER VICTORY        |
| RUBY       | WASHINGTON  | ALTER VICTORY        |
| CLYDE      | TOBIAS      | ALTER VICTORY        |
| ELIZABETH  | BROWN       | ALTER VICTORY        |
| TIM        | CARY        | ALTER VICTORY        |
| JANE       | BENNETT     | AMADEUS HOLY         |
| DEBRA      | NELSON      | AMADEUS HOLY         |
| REBECCA    | SCOTT       | AMADEUS HOLY         |
| MAXINE     | SILVA       | AMADEUS HOLY         |
| BRANDY     | GRAVES      | AMADEUS HOLY         |
| JESSICA    | HALL        | AMADEUS HOLY         |
| JULIA      | FLORES      | AMADEUS HOLY         |
| VERNON     | CHAPA       | AMADEUS HOLY         |
| KATHLEEN   | ADAMS       | AMADEUS HOLY         |
| HECTOR     | POINDEXTER  | AMADEUS HOLY         |
| SAMANTHA   | DUNCAN      | AMADEUS HOLY         |
| NATHANIEL  | ADAM        | AMADEUS HOLY         |
| SHERRY     | MARSHALL    | AMADEUS HOLY         |
| BARBARA    | JONES       | AMADEUS HOLY         |
| EDUARDO    | HIATT       | AMADEUS HOLY         |
| HAZEL      | WARREN      | AMADEUS HOLY         |
| CECIL      | VINES       | AMADEUS HOLY         |
| SUZANNE    | NICHOLS     | AMADEUS HOLY         |
| CLIFFORD   | BOWENS      | AMADEUS HOLY         |
| EVERETT    | BANDA       | AMADEUS HOLY         |
| JENNIFER   | DAVIS       | AMADEUS HOLY         |
| DOLORES    | WAGNER      | AMELIE HELLFIGHTERS  |
| ESTHER     | CRAWFORD    | AMELIE HELLFIGHTERS  |
| RUBY       | WASHINGTON  | AMELIE HELLFIGHTERS  |
| FERNANDO   | CHURCHILL   | AMELIE HELLFIGHTERS  |
| GLEN       | TALBERT     | AMELIE HELLFIGHTERS  |
| REGINALD   | KINDER      | AMELIE HELLFIGHTERS  |
| CODY       | NOLEN       | AMELIE HELLFIGHTERS  |
| TAMARA     | NGUYEN      | AMELIE HELLFIGHTERS  |
| DAWN       | SULLIVAN    | AMELIE HELLFIGHTERS  |
| JAMIE      | RICE        | AMELIE HELLFIGHTERS  |
| FRANCES    | PARKER      | AMERICAN CIRCUS      |
| ERIKA      | PENA        | AMERICAN CIRCUS      |
| BILLY      | POULIN      | AMERICAN CIRCUS      |
| MELANIE    | ARMSTRONG   | AMERICAN CIRCUS      |
| JOE        | GILLILAND   | AMERICAN CIRCUS      |
| DAVID      | ROYAL       | AMERICAN CIRCUS      |
| SYLVIA     | ORTIZ       | AMERICAN CIRCUS      |
| ELEANOR    | HUNT        | AMERICAN CIRCUS      |
| MICHAEL    | SILVERMAN   | AMERICAN CIRCUS      |
| ERIKA      | PENA        | AMERICAN CIRCUS      |
| CLAUDE     | HERZOG      | AMERICAN CIRCUS      |
| TAMMY      | SANDERS     | AMERICAN CIRCUS      |
| JULIO      | NOLAND      | AMERICAN CIRCUS      |
| JIM        | REA         | AMERICAN CIRCUS      |
| FRANCES    | PARKER      | AMERICAN CIRCUS      |
| TIM        | CARY        | AMERICAN CIRCUS      |
| ALEXANDER  | FENNELL     | AMERICAN CIRCUS      |
| BRIAN      | WYMAN       | AMERICAN CIRCUS      |
| AMANDA     | CARTER      | AMERICAN CIRCUS      |
| MARIE      | TURNER      | AMERICAN CIRCUS      |
| VICKIE     | BREWER      | AMERICAN CIRCUS      |
| ALICIA     | MILLS       | AMERICAN CIRCUS      |
| CHERYL     | MURPHY      | AMISTAD MIDSUMMER    |
| WALTER     | PERRYMAN    | AMISTAD MIDSUMMER    |
| MARY       | SMITH       | AMISTAD MIDSUMMER    |
| MARJORIE   | TUCKER      | AMISTAD MIDSUMMER    |
| ANGELA     | HERNANDEZ   | AMISTAD MIDSUMMER    |
| CRAIG      | MORRELL     | AMISTAD MIDSUMMER    |
| JORDAN     | ARCHULETA   | AMISTAD MIDSUMMER    |
| DONNA      | THOMPSON    | AMISTAD MIDSUMMER    |
| ZACHARY    | HITE        | AMISTAD MIDSUMMER    |
| RHONDA     | KENNEDY     | AMISTAD MIDSUMMER    |
| IAN        | STILL       | AMISTAD MIDSUMMER    |
| TERRY      | CARLSON     | AMISTAD MIDSUMMER    |
| ELIZABETH  | BROWN       | AMISTAD MIDSUMMER    |
| MILTON     | HOWLAND     | AMISTAD MIDSUMMER    |
| VELMA      | LUCAS       | AMISTAD MIDSUMMER    |
| JOE        | GILLILAND   | AMISTAD MIDSUMMER    |
| ROSEMARY   | SCHMIDT     | AMISTAD MIDSUMMER    |
| RALPH      | MADRIGAL    | AMISTAD MIDSUMMER    |
| CHARLENE   | ALVAREZ     | AMISTAD MIDSUMMER    |
| DAISY      | BATES       | AMISTAD MIDSUMMER    |
| VIVIAN     | RUIZ        | AMISTAD MIDSUMMER    |
| BRYAN      | HARDISON    | ANACONDA CONFESSIONS |
| CLARA      | SHAW        | ANACONDA CONFESSIONS |
| JEREMY     | HURTADO     | ANACONDA CONFESSIONS |
| GEORGIA    | JACOBS      | ANACONDA CONFESSIONS |
| LINDA      | WILLIAMS    | ANACONDA CONFESSIONS |
| FRANCIS    | SIKES       | ANACONDA CONFESSIONS |
| ROBIN      | HAYES       | ANACONDA CONFESSIONS |
| MIRIAM     | MCKINNEY    | ANACONDA CONFESSIONS |
| CARMEN     | OWENS       | ANACONDA CONFESSIONS |
| KYLE       | SPURLOCK    | ANACONDA CONFESSIONS |
| TONI       | HOLT        | ANACONDA CONFESSIONS |
| JOANN      | GARDNER     | ANACONDA CONFESSIONS |
| HOWARD     | FORTNER     | ANACONDA CONFESSIONS |
| MARCIA     | DEAN        | ANACONDA CONFESSIONS |
| AGNES      | BISHOP      | ANACONDA CONFESSIONS |
| HOLLY      | FOX         | ANACONDA CONFESSIONS |
| MORRIS     | MCCARTER    | ANACONDA CONFESSIONS |
| PAMELA     | BAKER       | ANACONDA CONFESSIONS |
| NATHAN     | RUNYON      | ANACONDA CONFESSIONS |
| BERNICE    | WILLIS      | ANACONDA CONFESSIONS |
| ESTHER     | CRAWFORD    | ANACONDA CONFESSIONS |
| JOAN       | COOPER      | ANALYZE HOOSIERS     |
| REBECCA    | SCOTT       | ANALYZE HOOSIERS     |
| JAMIE      | WAUGH       | ANALYZE HOOSIERS     |
| TIM        | CARY        | ANALYZE HOOSIERS     |
| BETTY      | WHITE       | ANALYZE HOOSIERS     |
| MARCUS     | HIDALGO     | ANALYZE HOOSIERS     |
| MICHELE    | GRANT       | ANALYZE HOOSIERS     |
| SERGIO     | STANFIELD   | ANALYZE HOOSIERS     |
| ARLENE     | HARVEY      | ANALYZE HOOSIERS     |
| EILEEN     | CARR        | ANALYZE HOOSIERS     |
| BOB        | PFEIFFER    | ANALYZE HOOSIERS     |
| MIKE       | WAY         | ANALYZE HOOSIERS     |
| ROSEMARY   | SCHMIDT     | ANALYZE HOOSIERS     |
| NATHANIEL  | ADAM        | ANALYZE HOOSIERS     |
| JENNIE     | TERRY       | ANGELS LIFE          |
| GILBERT    | SLEDGE      | ANGELS LIFE          |
| VERONICA   | STONE       | ANGELS LIFE          |
| HOWARD     | FORTNER     | ANGELS LIFE          |
| CATHY      | SPENCER     | ANGELS LIFE          |
| DEBBIE     | REYES       | ANGELS LIFE          |
| JIMMIE     | EGGLESTON   | ANGELS LIFE          |
| LARRY      | THRASHER    | ANGELS LIFE          |
| JOANNE     | ROBERTSON   | ANGELS LIFE          |
| ARLENE     | HARVEY      | ANGELS LIFE          |
| PHILIP     | CAUSEY      | ANGELS LIFE          |
| FRANCIS    | SIKES       | ANGELS LIFE          |
| JOSHUA     | MARK        | ANGELS LIFE          |
| JUAN       | FRALEY      | ANGELS LIFE          |
| DIANA      | ALEXANDER   | ANGELS LIFE          |
| PRISCILLA  | LOWE        | ANGELS LIFE          |
| CATHY      | SPENCER     | ANGELS LIFE          |
| GENE       | SANBORN     | ANGELS LIFE          |
| RALPH      | MADRIGAL    | ANGELS LIFE          |
| MISTY      | LAMBERT     | ANGELS LIFE          |
| WILLARD    | LUMPKIN     | ANGELS LIFE          |
| HEATHER    | MORRIS      | ANGELS LIFE          |
| MARIAN     | MENDOZA     | ANNIE IDENTITY       |
| PHILLIP    | HOLM        | ANNIE IDENTITY       |
| IDA        | ANDREWS     | ANNIE IDENTITY       |
| SIDNEY     | BURLESON    | ANNIE IDENTITY       |
| MICHELE    | GRANT       | ANNIE IDENTITY       |
| JOYCE      | EDWARDS     | ANNIE IDENTITY       |
| PETER      | MENARD      | ANNIE IDENTITY       |
| CHARLENE   | ALVAREZ     | ANNIE IDENTITY       |
| TERRANCE   | ROUSH       | ANNIE IDENTITY       |
| LEWIS      | LYMAN       | ANNIE IDENTITY       |
| TINA       | SIMMONS     | ANNIE IDENTITY       |
| JO         | FOWLER      | ANNIE IDENTITY       |
| CLYDE      | TOBIAS      | ANNIE IDENTITY       |
| BARBARA    | JONES       | ANNIE IDENTITY       |
| GERALDINE  | PERKINS     | ANNIE IDENTITY       |
| ELMER      | NOE         | ANNIE IDENTITY       |
| BILLY      | POULIN      | ANNIE IDENTITY       |
| GUY        | BROWNLEE    | ANNIE IDENTITY       |
| LONNIE     | TIRADO      | ANNIE IDENTITY       |
| FELIX      | GAFFNEY     | ANNIE IDENTITY       |
| CONSTANCE  | REID        | ANNIE IDENTITY       |
| ERIC       | ROBERT      | ANNIE IDENTITY       |
| ALEX       | GRESHAM     | ANONYMOUS HUMAN      |
| TERESA     | ROGERS      | ANONYMOUS HUMAN      |
| RANDALL    | NEUMANN     | ANONYMOUS HUMAN      |
| KATHERINE  | RIVERA      | ANONYMOUS HUMAN      |
| CURTIS     | IRBY        | ANONYMOUS HUMAN      |
| RACHEL     | BARNES      | ANONYMOUS HUMAN      |
| BYRON      | BOX         | ANONYMOUS HUMAN      |
| SARAH      | LEWIS       | ANONYMOUS HUMAN      |
| DONALD     | MAHON       | ANONYMOUS HUMAN      |
| SHANNON    | FREEMAN     | ANONYMOUS HUMAN      |
| STEPHEN    | QUALLS      | ANONYMOUS HUMAN      |
| PATRICIA   | JOHNSON     | ANONYMOUS HUMAN      |
| VIOLET     | RODRIQUEZ   | ANONYMOUS HUMAN      |
| MARGIE     | WADE        | ANTHEM LUKE          |
| RONALD     | WEINER      | ANTHEM LUKE          |
| STELLA     | MORENO      | ANTHEM LUKE          |
| JORGE      | OLIVARES    | ANTHEM LUKE          |
| GLEN       | TALBERT     | ANTHEM LUKE          |
| DARLENE    | ROSE        | ANTHEM LUKE          |
| JEANNE     | LAWSON      | ANTHEM LUKE          |
| SUE        | PETERS      | ANTHEM LUKE          |
| JAMIE      | WAUGH       | ANTHEM LUKE          |
| EDDIE      | TOMLIN      | ANTHEM LUKE          |
| THEODORE   | CULP        | ANTHEM LUKE          |
| ALVIN      | DELOACH     | ANTHEM LUKE          |
| HAROLD     | MARTINO     | ANTHEM LUKE          |
| DANA       | HART        | ANTHEM LUKE          |
| DEBBIE     | REYES       | ANTHEM LUKE          |
| MIGUEL     | BETANCOURT  | ANTITRUST TOMATOES   |
| VIOLA      | HANSON      | ANTITRUST TOMATOES   |
| STACEY     | MONTGOMERY  | ANTITRUST TOMATOES   |
| MILTON     | HOWLAND     | ANTITRUST TOMATOES   |
| STACY      | CUNNINGHAM  | ANTITRUST TOMATOES   |
| JEANETTE   | GREENE      | ANTITRUST TOMATOES   |
| MISTY      | LAMBERT     | ANTITRUST TOMATOES   |
| RONNIE     | RICKETTS    | ANTITRUST TOMATOES   |
| ERIK       | GUILLEN     | ANTITRUST TOMATOES   |
| JANICE     | WARD        | ANTITRUST TOMATOES   |
| JANE       | BENNETT     | ANYTHING SAVANNAH    |
| FRANKLIN   | TROUTMAN    | ANYTHING SAVANNAH    |
| EDITH      | MCDONALD    | ANYTHING SAVANNAH    |
| NEIL       | RENNER      | ANYTHING SAVANNAH    |
| VICKIE     | BREWER      | ANYTHING SAVANNAH    |
| DOUGLAS    | GRAF        | ANYTHING SAVANNAH    |
| SALVADOR   | TEEL        | ANYTHING SAVANNAH    |
| JACOB      | LANCE       | ANYTHING SAVANNAH    |
+------------+-------------+----------------------+
500 rows in set (0.0064 sec)
 MySQL  localhost:3306 ssl  sakila  SQL > select a.store_id, c.title from store a inner join inventory b on a.store_id = b.store_id inner join film c on b.film_id = c.film_id limit 500;
+----------+-----------------------------+
| store_id | title                       |
+----------+-----------------------------+
|        1 | ACADEMY DINOSAUR            |
|        1 | ACADEMY DINOSAUR            |
|        1 | ACADEMY DINOSAUR            |
|        1 | ACADEMY DINOSAUR            |
|        1 | AFFAIR PREJUDICE            |
|        1 | AFFAIR PREJUDICE            |
|        1 | AFFAIR PREJUDICE            |
|        1 | AFFAIR PREJUDICE            |
|        1 | AGENT TRUMAN                |
|        1 | AGENT TRUMAN                |
|        1 | AGENT TRUMAN                |
|        1 | AIRPLANE SIERRA             |
|        1 | AIRPLANE SIERRA             |
|        1 | ALABAMA DEVIL               |
|        1 | ALABAMA DEVIL               |
|        1 | ALABAMA DEVIL               |
|        1 | ALADDIN CALENDAR            |
|        1 | ALADDIN CALENDAR            |
|        1 | ALADDIN CALENDAR            |
|        1 | ALADDIN CALENDAR            |
|        1 | ALAMO VIDEOTAPE             |
|        1 | ALAMO VIDEOTAPE             |
|        1 | ALAMO VIDEOTAPE             |
|        1 | ALAMO VIDEOTAPE             |
|        1 | ALASKA PHANTOM              |
|        1 | ALASKA PHANTOM              |
|        1 | ALASKA PHANTOM              |
|        1 | ALIEN CENTER                |
|        1 | ALIEN CENTER                |
|        1 | ALLEY EVOLUTION             |
|        1 | ALLEY EVOLUTION             |
|        1 | ALONE TRIP                  |
|        1 | ALONE TRIP                  |
|        1 | ALONE TRIP                  |
|        1 | ALTER VICTORY               |
|        1 | ALTER VICTORY               |
|        1 | ALTER VICTORY               |
|        1 | AMADEUS HOLY                |
|        1 | AMADEUS HOLY                |
|        1 | AMADEUS HOLY                |
|        1 | AMADEUS HOLY                |
|        1 | AMELIE HELLFIGHTERS         |
|        1 | AMELIE HELLFIGHTERS         |
|        1 | AMELIE HELLFIGHTERS         |
|        1 | AMERICAN CIRCUS             |
|        1 | AMERICAN CIRCUS             |
|        1 | AMISTAD MIDSUMMER           |
|        1 | AMISTAD MIDSUMMER           |
|        1 | AMISTAD MIDSUMMER           |
|        1 | AMISTAD MIDSUMMER           |
|        1 | ANACONDA CONFESSIONS        |
|        1 | ANACONDA CONFESSIONS        |
|        1 | ANACONDA CONFESSIONS        |
|        1 | ANALYZE HOOSIERS            |
|        1 | ANALYZE HOOSIERS            |
|        1 | ANALYZE HOOSIERS            |
|        1 | ANALYZE HOOSIERS            |
|        1 | ANGELS LIFE                 |
|        1 | ANGELS LIFE                 |
|        1 | ANGELS LIFE                 |
|        1 | ANGELS LIFE                 |
|        1 | ANNIE IDENTITY              |
|        1 | ANNIE IDENTITY              |
|        1 | ANONYMOUS HUMAN             |
|        1 | ANONYMOUS HUMAN             |
|        1 | ANONYMOUS HUMAN             |
|        1 | ANONYMOUS HUMAN             |
|        1 | ANTHEM LUKE                 |
|        1 | ANTHEM LUKE                 |
|        1 | ANTHEM LUKE                 |
|        1 | ANTITRUST TOMATOES          |
|        1 | ANTITRUST TOMATOES          |
|        1 | ANYTHING SAVANNAH           |
|        1 | ANYTHING SAVANNAH           |
|        1 | APACHE DIVINE               |
|        1 | APACHE DIVINE               |
|        1 | APACHE DIVINE               |
|        1 | APACHE DIVINE               |
|        1 | ARACHNOPHOBIA ROLLERCOASTER |
|        1 | ARACHNOPHOBIA ROLLERCOASTER |
|        1 | ARACHNOPHOBIA ROLLERCOASTER |
|        1 | ARACHNOPHOBIA ROLLERCOASTER |
|        1 | ARIZONA BANG                |
|        1 | ARIZONA BANG                |
|        1 | ARIZONA BANG                |
|        1 | ARIZONA BANG                |
|        1 | ARMAGEDDON LOST             |
|        1 | ARMAGEDDON LOST             |
|        1 | ARMAGEDDON LOST             |
|        1 | ATLANTIS CAUSE              |
|        1 | ATLANTIS CAUSE              |
|        1 | ATLANTIS CAUSE              |
|        1 | ATTACKS HATE                |
|        1 | ATTACKS HATE                |
|        1 | ATTRACTION NEWTON           |
|        1 | ATTRACTION NEWTON           |
|        1 | ATTRACTION NEWTON           |
|        1 | ATTRACTION NEWTON           |
|        1 | BACKLASH UNDEFEATED         |
|        1 | BACKLASH UNDEFEATED         |
|        1 | BADMAN DAWN                 |
|        1 | BADMAN DAWN                 |
|        1 | BADMAN DAWN                 |
|        1 | BAKED CLEOPATRA             |
|        1 | BAKED CLEOPATRA             |
|        1 | BAKED CLEOPATRA             |
|        1 | BALLOON HOMEWARD            |
|        1 | BALLOON HOMEWARD            |
|        1 | BANG KWAI                   |
|        1 | BANG KWAI                   |
|        1 | BANGER PINOCCHIO            |
|        1 | BANGER PINOCCHIO            |
|        1 | BANGER PINOCCHIO            |
|        1 | BARBARELLA STREETCAR        |
|        1 | BARBARELLA STREETCAR        |
|        1 | BARBARELLA STREETCAR        |
|        1 | BARBARELLA STREETCAR        |
|        1 | BAREFOOT MANCHURIAN         |
|        1 | BAREFOOT MANCHURIAN         |
|        1 | BAREFOOT MANCHURIAN         |
|        1 | BASIC EASY                  |
|        1 | BASIC EASY                  |
|        1 | BASIC EASY                  |
|        1 | BASIC EASY                  |
|        1 | BEAR GRACELAND              |
|        1 | BEAR GRACELAND              |
|        1 | BEAR GRACELAND              |
|        1 | BEAST HUNCHBACK             |
|        1 | BEAST HUNCHBACK             |
|        1 | BEAST HUNCHBACK             |
|        1 | BEAUTY GREASE               |
|        1 | BEAUTY GREASE               |
|        1 | BEAUTY GREASE               |
|        1 | BEAUTY GREASE               |
|        1 | BEDAZZLED MARRIED           |
|        1 | BEDAZZLED MARRIED           |
|        1 | BENEATH RUSH                |
|        1 | BENEATH RUSH                |
|        1 | BENEATH RUSH                |
|        1 | BERETS AGENT                |
|        1 | BERETS AGENT                |
|        1 | BETRAYED REAR               |
|        1 | BETRAYED REAR               |
|        1 | BEVERLY OUTLAW              |
|        1 | BEVERLY OUTLAW              |
|        1 | BEVERLY OUTLAW              |
|        1 | BEVERLY OUTLAW              |
|        1 | BIKINI BORROWERS            |
|        1 | BIKINI BORROWERS            |
|        1 | BILL OTHERS                 |
|        1 | BILL OTHERS                 |
|        1 | BILL OTHERS                 |
|        1 | BILL OTHERS                 |
|        1 | BINGO TALENTED              |
|        1 | BINGO TALENTED              |
|        1 | BINGO TALENTED              |
|        1 | BINGO TALENTED              |
|        1 | BIRCH ANTITRUST             |
|        1 | BIRCH ANTITRUST             |
|        1 | BIRCH ANTITRUST             |
|        1 | BIRDCAGE CASPER             |
|        1 | BIRDCAGE CASPER             |
|        1 | BIRDCAGE CASPER             |
|        1 | BIRDS PERDITION             |
|        1 | BIRDS PERDITION             |
|        1 | BIRDS PERDITION             |
|        1 | BIRDS PERDITION             |
|        1 | BLACKOUT PRIVATE            |
|        1 | BLACKOUT PRIVATE            |
|        1 | BLACKOUT PRIVATE            |
|        1 | BLADE POLISH                |
|        1 | BLADE POLISH                |
|        1 | BLADE POLISH                |
|        1 | BLANKET BEVERLY             |
|        1 | BLANKET BEVERLY             |
|        1 | BLANKET BEVERLY             |
|        1 | BLANKET BEVERLY             |
|        1 | BLINDNESS GUN               |
|        1 | BLINDNESS GUN               |
|        1 | BLINDNESS GUN               |
|        1 | BLINDNESS GUN               |
|        1 | BLOOD ARGONAUTS             |
|        1 | BLOOD ARGONAUTS             |
|        1 | BLUES INSTINCT              |
|        1 | BLUES INSTINCT              |
|        1 | BLUES INSTINCT              |
|        1 | BOILED DARES                |
|        1 | BOILED DARES                |
|        1 | BOILED DARES                |
|        1 | BOILED DARES                |
|        1 | BOOGIE AMELIE               |
|        1 | BOOGIE AMELIE               |
|        1 | BOOGIE AMELIE               |
|        1 | BOOGIE AMELIE               |
|        1 | BORROWERS BEDAZZLED         |
|        1 | BORROWERS BEDAZZLED         |
|        1 | BORROWERS BEDAZZLED         |
|        1 | BOULEVARD MOB               |
|        1 | BOULEVARD MOB               |
|        1 | BOULEVARD MOB               |
|        1 | BOUND CHEAPER               |
|        1 | BOUND CHEAPER               |
|        1 | BOUND CHEAPER               |
|        1 | BOUND CHEAPER               |
|        1 | BOWFINGER GABLES            |
|        1 | BOWFINGER GABLES            |
|        1 | BRAVEHEART HUMAN            |
|        1 | BRAVEHEART HUMAN            |
|        1 | BREAKFAST GOLDFINGER        |
|        1 | BREAKFAST GOLDFINGER        |
|        1 | BREAKING HOME               |
|        1 | BREAKING HOME               |
|        1 | BREAKING HOME               |
|        1 | BRIDE INTRIGUE              |
|        1 | BRIDE INTRIGUE              |
|        1 | BRIDE INTRIGUE              |
|        1 | BRIDE INTRIGUE              |
|        1 | BRIGHT ENCOUNTERS           |
|        1 | BRIGHT ENCOUNTERS           |
|        1 | BRIGHT ENCOUNTERS           |
|        1 | BRINGING HYSTERICAL         |
|        1 | BRINGING HYSTERICAL         |
|        1 | BRINGING HYSTERICAL         |
|        1 | BROOKLYN DESERT             |
|        1 | BROOKLYN DESERT             |
|        1 | BROOKLYN DESERT             |
|        1 | BROOKLYN DESERT             |
|        1 | BROTHERHOOD BLANKET         |
|        1 | BROTHERHOOD BLANKET         |
|        1 | BROTHERHOOD BLANKET         |
|        1 | BROTHERHOOD BLANKET         |
|        1 | BUCKET BROTHERHOOD          |
|        1 | BUCKET BROTHERHOOD          |
|        1 | BUCKET BROTHERHOOD          |
|        1 | BUCKET BROTHERHOOD          |
|        1 | BULL SHAWSHANK              |
|        1 | BULL SHAWSHANK              |
|        1 | BULWORTH COMMANDMENTS       |
|        1 | BULWORTH COMMANDMENTS       |
|        1 | BUTTERFLY CHOCOLAT          |
|        1 | BUTTERFLY CHOCOLAT          |
|        1 | BUTTERFLY CHOCOLAT          |
|        1 | BUTTERFLY CHOCOLAT          |
|        1 | CABIN FLASH                 |
|        1 | CABIN FLASH                 |
|        1 | CABIN FLASH                 |
|        1 | CABIN FLASH                 |
|        1 | CALENDAR GUNFIGHT           |
|        1 | CALENDAR GUNFIGHT           |
|        1 | CALENDAR GUNFIGHT           |
|        1 | CALENDAR GUNFIGHT           |
|        1 | CAMELOT VACATION            |
|        1 | CAMELOT VACATION            |
|        1 | CAMELOT VACATION            |
|        1 | CAMELOT VACATION            |
|        1 | CAMPUS REMEMBER             |
|        1 | CAMPUS REMEMBER             |
|        1 | CAMPUS REMEMBER             |
|        1 | CANDIDATE PERDITION         |
|        1 | CANDIDATE PERDITION         |
|        1 | CANDLES GRAPES              |
|        1 | CANDLES GRAPES              |
|        1 | CANDLES GRAPES              |
|        1 | CANDLES GRAPES              |
|        1 | CANYON STOCK                |
|        1 | CANYON STOCK                |
|        1 | CANYON STOCK                |
|        1 | CANYON STOCK                |
|        1 | CAPER MOTIONS               |
|        1 | CAPER MOTIONS               |
|        1 | CAPER MOTIONS               |
|        1 | CARIBBEAN LIBERTY           |
|        1 | CARIBBEAN LIBERTY           |
|        1 | CARIBBEAN LIBERTY           |
|        1 | CAROL TEXAS                 |
|        1 | CAROL TEXAS                 |
|        1 | CAROL TEXAS                 |
|        1 | CARRIE BUNCH                |
|        1 | CARRIE BUNCH                |
|        1 | CARRIE BUNCH                |
|        1 | CARRIE BUNCH                |
|        1 | CASABLANCA SUPER            |
|        1 | CASABLANCA SUPER            |
|        1 | CAT CONEHEADS               |
|        1 | CAT CONEHEADS               |
|        1 | CAT CONEHEADS               |
|        1 | CAT CONEHEADS               |
|        1 | CAUSE DATE                  |
|        1 | CAUSE DATE                  |
|        1 | CAUSE DATE                  |
|        1 | CELEBRITY HORN              |
|        1 | CELEBRITY HORN              |
|        1 | CENTER DINOSAUR             |
|        1 | CENTER DINOSAUR             |
|        1 | CENTER DINOSAUR             |
|        1 | CENTER DINOSAUR             |
|        1 | CHAINSAW UPTOWN             |
|        1 | CHAINSAW UPTOWN             |
|        1 | CHAINSAW UPTOWN             |
|        1 | CHAINSAW UPTOWN             |
|        1 | CHAMBER ITALIAN             |
|        1 | CHAMBER ITALIAN             |
|        1 | CHANCE RESURRECTION         |
|        1 | CHANCE RESURRECTION         |
|        1 | CHANCE RESURRECTION         |
|        1 | CHAPLIN LICENSE             |
|        1 | CHAPLIN LICENSE             |
|        1 | CHAPLIN LICENSE             |
|        1 | CHARIOTS CONSPIRACY         |
|        1 | CHARIOTS CONSPIRACY         |
|        1 | CHASING FIGHT               |
|        1 | CHASING FIGHT               |
|        1 | CHASING FIGHT               |
|        1 | CHASING FIGHT               |
|        1 | CHEAPER CLYDE               |
|        1 | CHEAPER CLYDE               |
|        1 | CHICAGO NORTH               |
|        1 | CHICAGO NORTH               |
|        1 | CHICAGO NORTH               |
|        1 | CHICKEN HELLFIGHTERS        |
|        1 | CHICKEN HELLFIGHTERS        |
|        1 | CHICKEN HELLFIGHTERS        |
|        1 | CHILL LUCK                  |
|        1 | CHILL LUCK                  |
|        1 | CHILL LUCK                  |
|        1 | CHILL LUCK                  |
|        1 | CHITTY LOCK                 |
|        1 | CHITTY LOCK                 |
|        1 | CHITTY LOCK                 |
|        1 | CHOCOLAT HARRY              |
|        1 | CHOCOLAT HARRY              |
|        1 | CHOCOLAT HARRY              |
|        1 | CHRISTMAS MOONSHINE         |
|        1 | CHRISTMAS MOONSHINE         |
|        1 | CHRISTMAS MOONSHINE         |
|        1 | CIDER DESIRE                |
|        1 | CIDER DESIRE                |
|        1 | CINCINATTI WHISPERER        |
|        1 | CINCINATTI WHISPERER        |
|        1 | CIRCUS YOUTH                |
|        1 | CIRCUS YOUTH                |
|        1 | CIRCUS YOUTH                |
|        1 | CIRCUS YOUTH                |
|        1 | CITIZEN SHREK               |
|        1 | CITIZEN SHREK               |
|        1 | CITIZEN SHREK               |
|        1 | CITIZEN SHREK               |
|        1 | CLASH FREDDY                |
|        1 | CLASH FREDDY                |
|        1 | CLASH FREDDY                |
|        1 | CLEOPATRA DEVIL             |
|        1 | CLEOPATRA DEVIL             |
|        1 | CLONES PINOCCHIO            |
|        1 | CLONES PINOCCHIO            |
|        1 | CLOSER BANG                 |
|        1 | CLOSER BANG                 |
|        1 | CLOSER BANG                 |
|        1 | CLOSER BANG                 |
|        1 | CLUB GRAFFITI               |
|        1 | CLUB GRAFFITI               |
|        1 | CLUE GRAIL                  |
|        1 | CLUE GRAIL                  |
|        1 | CLUELESS BUCKET             |
|        1 | CLUELESS BUCKET             |
|        1 | CLUELESS BUCKET             |
|        1 | COAST RAINBOW               |
|        1 | COAST RAINBOW               |
|        1 | COLDBLOODED DARLING         |
|        1 | COLDBLOODED DARLING         |
|        1 | COLDBLOODED DARLING         |
|        1 | COLOR PHILADELPHIA          |
|        1 | COLOR PHILADELPHIA          |
|        1 | COLOR PHILADELPHIA          |
|        1 | COLOR PHILADELPHIA          |
|        1 | COMA HEAD                   |
|        1 | COMA HEAD                   |
|        1 | COMA HEAD                   |
|        1 | COMA HEAD                   |
|        1 | COMANCHEROS ENEMY           |
|        1 | COMANCHEROS ENEMY           |
|        1 | COMFORTS RUSH               |
|        1 | COMFORTS RUSH               |
|        1 | COMMAND DARLING             |
|        1 | COMMAND DARLING             |
|        1 | CONEHEADS SMOOCHY           |
|        1 | CONEHEADS SMOOCHY           |
|        1 | CONEHEADS SMOOCHY           |
|        1 | CONEHEADS SMOOCHY           |
|        1 | CONFESSIONS MAGUIRE         |
|        1 | CONFESSIONS MAGUIRE         |
|        1 | CONFESSIONS MAGUIRE         |
|        1 | CONFIDENTIAL INTERVIEW      |
|        1 | CONFIDENTIAL INTERVIEW      |
|        1 | CONFIDENTIAL INTERVIEW      |
|        1 | CONFIDENTIAL INTERVIEW      |
|        1 | CONFUSED CANDLES            |
|        1 | CONFUSED CANDLES            |
|        1 | CONGENIALITY QUEST          |
|        1 | CONGENIALITY QUEST          |
|        1 | CONNECTION MICROCOSMOS      |
|        1 | CONNECTION MICROCOSMOS      |
|        1 | CONQUERER NUTS              |
|        1 | CONQUERER NUTS              |
|        1 | CONQUERER NUTS              |
|        1 | CONQUERER NUTS              |
|        1 | CONTACT ANONYMOUS           |
|        1 | CONTACT ANONYMOUS           |
|        1 | CONTACT ANONYMOUS           |
|        1 | CONTROL ANTHEM              |
|        1 | CONTROL ANTHEM              |
|        1 | CONVERSATION DOWNHILL       |
|        1 | CONVERSATION DOWNHILL       |
|        1 | CONVERSATION DOWNHILL       |
|        1 | CORE SUIT                   |
|        1 | CORE SUIT                   |
|        1 | COWBOY DOOM                 |
|        1 | COWBOY DOOM                 |
|        1 | CRAFT OUTFIELD              |
|        1 | CRAFT OUTFIELD              |
|        1 | CRAZY HOME                  |
|        1 | CRAZY HOME                  |
|        1 | CRAZY HOME                  |
|        1 | CREATURES SHAKESPEARE       |
|        1 | CREATURES SHAKESPEARE       |
|        1 | CROOKED FROGMEN             |
|        1 | CROOKED FROGMEN             |
|        1 | CROOKED FROGMEN             |
|        1 | CROSSROADS CASUALTIES       |
|        1 | CROSSROADS CASUALTIES       |
|        1 | CROSSROADS CASUALTIES       |
|        1 | CROSSROADS CASUALTIES       |
|        1 | CROW GREASE                 |
|        1 | CROW GREASE                 |
|        1 | CRUELTY UNFORGIVEN          |
|        1 | CRUELTY UNFORGIVEN          |
|        1 | CRUSADE HONEY               |
|        1 | CRUSADE HONEY               |
|        1 | CUPBOARD SINNERS            |
|        1 | CUPBOARD SINNERS            |
|        1 | CUPBOARD SINNERS            |
|        1 | CUPBOARD SINNERS            |
|        1 | CURTAIN VIDEOTAPE           |
|        1 | CURTAIN VIDEOTAPE           |
|        1 | CURTAIN VIDEOTAPE           |
|        1 | CURTAIN VIDEOTAPE           |
|        1 | CYCLONE FAMILY              |
|        1 | CYCLONE FAMILY              |
|        1 | CYCLONE FAMILY              |
|        1 | CYCLONE FAMILY              |
|        1 | DADDY PITTSBURGH            |
|        1 | DADDY PITTSBURGH            |
|        1 | DADDY PITTSBURGH            |
|        1 | DALMATIONS SWEDEN           |
|        1 | DALMATIONS SWEDEN           |
|        1 | DALMATIONS SWEDEN           |
|        1 | DALMATIONS SWEDEN           |
|        1 | DANCES NONE                 |
|        1 | DANCES NONE                 |
|        1 | DANCES NONE                 |
|        1 | DANCES NONE                 |
|        1 | DANCING FEVER               |
|        1 | DANCING FEVER               |
|        1 | DANCING FEVER               |
|        1 | DANCING FEVER               |
|        1 | DANGEROUS UPTOWN            |
|        1 | DANGEROUS UPTOWN            |
|        1 | DANGEROUS UPTOWN            |
|        1 | DANGEROUS UPTOWN            |
|        1 | DARES PLUTO                 |
|        1 | DARES PLUTO                 |
|        1 | DARES PLUTO                 |
|        1 | DARKNESS WAR                |
|        1 | DARKNESS WAR                |
|        1 | DARKNESS WAR                |
|        1 | DARKNESS WAR                |
|        1 | DARLING BREAKING            |
|        1 | DARLING BREAKING            |
|        1 | DARN FORRESTER              |
|        1 | DARN FORRESTER              |
|        1 | DARN FORRESTER              |
|        1 | DATE SPEED                  |
|        1 | DATE SPEED                  |
|        1 | DATE SPEED                  |
|        1 | DATE SPEED                  |
|        1 | DAWN POND                   |
|        1 | DAWN POND                   |
|        1 | DAWN POND                   |
|        1 | DAY UNFAITHFUL              |
|        1 | DAY UNFAITHFUL              |
|        1 | DECEIVER BETRAYED           |
|        1 | DECEIVER BETRAYED           |
|        1 | DECEIVER BETRAYED           |
|        1 | DECEIVER BETRAYED           |
|        1 | DEEP CRUSADE                |
|        1 | DEEP CRUSADE                |
|        1 | DEEP CRUSADE                |
|        1 | DEEP CRUSADE                |
|        1 | DEER VIRGINIAN              |
|        1 | DEER VIRGINIAN              |
|        1 | DEER VIRGINIAN              |
+----------+-----------------------------+
500 rows in set (0.0025 sec)
 MySQL  localhost:3306 ssl  sakila  SQL > select a.store_id, c.title from store a inner join inventory b on a.store_id = b.store_id inner join film c on b.film_id = c.film_id limit 1000;
+----------+-----------------------------+
| store_id | title                       |
+----------+-----------------------------+
|        1 | ACADEMY DINOSAUR            |
|        1 | ACADEMY DINOSAUR            |
|        1 | ACADEMY DINOSAUR            |
|        1 | ACADEMY DINOSAUR            |
|        1 | AFFAIR PREJUDICE            |
|        1 | AFFAIR PREJUDICE            |
|        1 | AFFAIR PREJUDICE            |
|        1 | AFFAIR PREJUDICE            |
|        1 | AGENT TRUMAN                |
|        1 | AGENT TRUMAN                |
|        1 | AGENT TRUMAN                |
|        1 | AIRPLANE SIERRA             |
|        1 | AIRPLANE SIERRA             |
|        1 | ALABAMA DEVIL               |
|        1 | ALABAMA DEVIL               |
|        1 | ALABAMA DEVIL               |
|        1 | ALADDIN CALENDAR            |
|        1 | ALADDIN CALENDAR            |
|        1 | ALADDIN CALENDAR            |
|        1 | ALADDIN CALENDAR            |
|        1 | ALAMO VIDEOTAPE             |
|        1 | ALAMO VIDEOTAPE             |
|        1 | ALAMO VIDEOTAPE             |
|        1 | ALAMO VIDEOTAPE             |
|        1 | ALASKA PHANTOM              |
|        1 | ALASKA PHANTOM              |
|        1 | ALASKA PHANTOM              |
|        1 | ALIEN CENTER                |
|        1 | ALIEN CENTER                |
|        1 | ALLEY EVOLUTION             |
|        1 | ALLEY EVOLUTION             |
|        1 | ALONE TRIP                  |
|        1 | ALONE TRIP                  |
|        1 | ALONE TRIP                  |
|        1 | ALTER VICTORY               |
|        1 | ALTER VICTORY               |
|        1 | ALTER VICTORY               |
|        1 | AMADEUS HOLY                |
|        1 | AMADEUS HOLY                |
|        1 | AMADEUS HOLY                |
|        1 | AMADEUS HOLY                |
|        1 | AMELIE HELLFIGHTERS         |
|        1 | AMELIE HELLFIGHTERS         |
|        1 | AMELIE HELLFIGHTERS         |
|        1 | AMERICAN CIRCUS             |
|        1 | AMERICAN CIRCUS             |
|        1 | AMISTAD MIDSUMMER           |
|        1 | AMISTAD MIDSUMMER           |
|        1 | AMISTAD MIDSUMMER           |
|        1 | AMISTAD MIDSUMMER           |
|        1 | ANACONDA CONFESSIONS        |
|        1 | ANACONDA CONFESSIONS        |
|        1 | ANACONDA CONFESSIONS        |
|        1 | ANALYZE HOOSIERS            |
|        1 | ANALYZE HOOSIERS            |
|        1 | ANALYZE HOOSIERS            |
|        1 | ANALYZE HOOSIERS            |
|        1 | ANGELS LIFE                 |
|        1 | ANGELS LIFE                 |
|        1 | ANGELS LIFE                 |
|        1 | ANGELS LIFE                 |
|        1 | ANNIE IDENTITY              |
|        1 | ANNIE IDENTITY              |
|        1 | ANONYMOUS HUMAN             |
|        1 | ANONYMOUS HUMAN             |
|        1 | ANONYMOUS HUMAN             |
|        1 | ANONYMOUS HUMAN             |
|        1 | ANTHEM LUKE                 |
|        1 | ANTHEM LUKE                 |
|        1 | ANTHEM LUKE                 |
|        1 | ANTITRUST TOMATOES          |
|        1 | ANTITRUST TOMATOES          |
|        1 | ANYTHING SAVANNAH           |
|        1 | ANYTHING SAVANNAH           |
|        1 | APACHE DIVINE               |
|        1 | APACHE DIVINE               |
|        1 | APACHE DIVINE               |
|        1 | APACHE DIVINE               |
|        1 | ARACHNOPHOBIA ROLLERCOASTER |
|        1 | ARACHNOPHOBIA ROLLERCOASTER |
|        1 | ARACHNOPHOBIA ROLLERCOASTER |
|        1 | ARACHNOPHOBIA ROLLERCOASTER |
|        1 | ARIZONA BANG                |
|        1 | ARIZONA BANG                |
|        1 | ARIZONA BANG                |
|        1 | ARIZONA BANG                |
|        1 | ARMAGEDDON LOST             |
|        1 | ARMAGEDDON LOST             |
|        1 | ARMAGEDDON LOST             |
|        1 | ATLANTIS CAUSE              |
|        1 | ATLANTIS CAUSE              |
|        1 | ATLANTIS CAUSE              |
|        1 | ATTACKS HATE                |
|        1 | ATTACKS HATE                |
|        1 | ATTRACTION NEWTON           |
|        1 | ATTRACTION NEWTON           |
|        1 | ATTRACTION NEWTON           |
|        1 | ATTRACTION NEWTON           |
|        1 | BACKLASH UNDEFEATED         |
|        1 | BACKLASH UNDEFEATED         |
|        1 | BADMAN DAWN                 |
|        1 | BADMAN DAWN                 |
|        1 | BADMAN DAWN                 |
|        1 | BAKED CLEOPATRA             |
|        1 | BAKED CLEOPATRA             |
|        1 | BAKED CLEOPATRA             |
|        1 | BALLOON HOMEWARD            |
|        1 | BALLOON HOMEWARD            |
|        1 | BANG KWAI                   |
|        1 | BANG KWAI                   |
|        1 | BANGER PINOCCHIO            |
|        1 | BANGER PINOCCHIO            |
|        1 | BANGER PINOCCHIO            |
|        1 | BARBARELLA STREETCAR        |
|        1 | BARBARELLA STREETCAR        |
|        1 | BARBARELLA STREETCAR        |
|        1 | BARBARELLA STREETCAR        |
|        1 | BAREFOOT MANCHURIAN         |
|        1 | BAREFOOT MANCHURIAN         |
|        1 | BAREFOOT MANCHURIAN         |
|        1 | BASIC EASY                  |
|        1 | BASIC EASY                  |
|        1 | BASIC EASY                  |
|        1 | BASIC EASY                  |
|        1 | BEAR GRACELAND              |
|        1 | BEAR GRACELAND              |
|        1 | BEAR GRACELAND              |
|        1 | BEAST HUNCHBACK             |
|        1 | BEAST HUNCHBACK             |
|        1 | BEAST HUNCHBACK             |
|        1 | BEAUTY GREASE               |
|        1 | BEAUTY GREASE               |
|        1 | BEAUTY GREASE               |
|        1 | BEAUTY GREASE               |
|        1 | BEDAZZLED MARRIED           |
|        1 | BEDAZZLED MARRIED           |
|        1 | BENEATH RUSH                |
|        1 | BENEATH RUSH                |
|        1 | BENEATH RUSH                |
|        1 | BERETS AGENT                |
|        1 | BERETS AGENT                |
|        1 | BETRAYED REAR               |
|        1 | BETRAYED REAR               |
|        1 | BEVERLY OUTLAW              |
|        1 | BEVERLY OUTLAW              |
|        1 | BEVERLY OUTLAW              |
|        1 | BEVERLY OUTLAW              |
|        1 | BIKINI BORROWERS            |
|        1 | BIKINI BORROWERS            |
|        1 | BILL OTHERS                 |
|        1 | BILL OTHERS                 |
|        1 | BILL OTHERS                 |
|        1 | BILL OTHERS                 |
|        1 | BINGO TALENTED              |
|        1 | BINGO TALENTED              |
|        1 | BINGO TALENTED              |
|        1 | BINGO TALENTED              |
|        1 | BIRCH ANTITRUST             |
|        1 | BIRCH ANTITRUST             |
|        1 | BIRCH ANTITRUST             |
|        1 | BIRDCAGE CASPER             |
|        1 | BIRDCAGE CASPER             |
|        1 | BIRDCAGE CASPER             |
|        1 | BIRDS PERDITION             |
|        1 | BIRDS PERDITION             |
|        1 | BIRDS PERDITION             |
|        1 | BIRDS PERDITION             |
|        1 | BLACKOUT PRIVATE            |
|        1 | BLACKOUT PRIVATE            |
|        1 | BLACKOUT PRIVATE            |
|        1 | BLADE POLISH                |
|        1 | BLADE POLISH                |
|        1 | BLADE POLISH                |
|        1 | BLANKET BEVERLY             |
|        1 | BLANKET BEVERLY             |
|        1 | BLANKET BEVERLY             |
|        1 | BLANKET BEVERLY             |
|        1 | BLINDNESS GUN               |
|        1 | BLINDNESS GUN               |
|        1 | BLINDNESS GUN               |
|        1 | BLINDNESS GUN               |
|        1 | BLOOD ARGONAUTS             |
|        1 | BLOOD ARGONAUTS             |
|        1 | BLUES INSTINCT              |
|        1 | BLUES INSTINCT              |
|        1 | BLUES INSTINCT              |
|        1 | BOILED DARES                |
|        1 | BOILED DARES                |
|        1 | BOILED DARES                |
|        1 | BOILED DARES                |
|        1 | BOOGIE AMELIE               |
|        1 | BOOGIE AMELIE               |
|        1 | BOOGIE AMELIE               |
|        1 | BOOGIE AMELIE               |
|        1 | BORROWERS BEDAZZLED         |
|        1 | BORROWERS BEDAZZLED         |
|        1 | BORROWERS BEDAZZLED         |
|        1 | BOULEVARD MOB               |
|        1 | BOULEVARD MOB               |
|        1 | BOULEVARD MOB               |
|        1 | BOUND CHEAPER               |
|        1 | BOUND CHEAPER               |
|        1 | BOUND CHEAPER               |
|        1 | BOUND CHEAPER               |
|        1 | BOWFINGER GABLES            |
|        1 | BOWFINGER GABLES            |
|        1 | BRAVEHEART HUMAN            |
|        1 | BRAVEHEART HUMAN            |
|        1 | BREAKFAST GOLDFINGER        |
|        1 | BREAKFAST GOLDFINGER        |
|        1 | BREAKING HOME               |
|        1 | BREAKING HOME               |
|        1 | BREAKING HOME               |
|        1 | BRIDE INTRIGUE              |
|        1 | BRIDE INTRIGUE              |
|        1 | BRIDE INTRIGUE              |
|        1 | BRIDE INTRIGUE              |
|        1 | BRIGHT ENCOUNTERS           |
|        1 | BRIGHT ENCOUNTERS           |
|        1 | BRIGHT ENCOUNTERS           |
|        1 | BRINGING HYSTERICAL         |
|        1 | BRINGING HYSTERICAL         |
|        1 | BRINGING HYSTERICAL         |
|        1 | BROOKLYN DESERT             |
|        1 | BROOKLYN DESERT             |
|        1 | BROOKLYN DESERT             |
|        1 | BROOKLYN DESERT             |
|        1 | BROTHERHOOD BLANKET         |
|        1 | BROTHERHOOD BLANKET         |
|        1 | BROTHERHOOD BLANKET         |
|        1 | BROTHERHOOD BLANKET         |
|        1 | BUCKET BROTHERHOOD          |
|        1 | BUCKET BROTHERHOOD          |
|        1 | BUCKET BROTHERHOOD          |
|        1 | BUCKET BROTHERHOOD          |
|        1 | BULL SHAWSHANK              |
|        1 | BULL SHAWSHANK              |
|        1 | BULWORTH COMMANDMENTS       |
|        1 | BULWORTH COMMANDMENTS       |
|        1 | BUTTERFLY CHOCOLAT          |
|        1 | BUTTERFLY CHOCOLAT          |
|        1 | BUTTERFLY CHOCOLAT          |
|        1 | BUTTERFLY CHOCOLAT          |
|        1 | CABIN FLASH                 |
|        1 | CABIN FLASH                 |
|        1 | CABIN FLASH                 |
|        1 | CABIN FLASH                 |
|        1 | CALENDAR GUNFIGHT           |
|        1 | CALENDAR GUNFIGHT           |
|        1 | CALENDAR GUNFIGHT           |
|        1 | CALENDAR GUNFIGHT           |
|        1 | CAMELOT VACATION            |
|        1 | CAMELOT VACATION            |
|        1 | CAMELOT VACATION            |
|        1 | CAMELOT VACATION            |
|        1 | CAMPUS REMEMBER             |
|        1 | CAMPUS REMEMBER             |
|        1 | CAMPUS REMEMBER             |
|        1 | CANDIDATE PERDITION         |
|        1 | CANDIDATE PERDITION         |
|        1 | CANDLES GRAPES              |
|        1 | CANDLES GRAPES              |
|        1 | CANDLES GRAPES              |
|        1 | CANDLES GRAPES              |
|        1 | CANYON STOCK                |
|        1 | CANYON STOCK                |
|        1 | CANYON STOCK                |
|        1 | CANYON STOCK                |
|        1 | CAPER MOTIONS               |
|        1 | CAPER MOTIONS               |
|        1 | CAPER MOTIONS               |
|        1 | CARIBBEAN LIBERTY           |
|        1 | CARIBBEAN LIBERTY           |
|        1 | CARIBBEAN LIBERTY           |
|        1 | CAROL TEXAS                 |
|        1 | CAROL TEXAS                 |
|        1 | CAROL TEXAS                 |
|        1 | CARRIE BUNCH                |
|        1 | CARRIE BUNCH                |
|        1 | CARRIE BUNCH                |
|        1 | CARRIE BUNCH                |
|        1 | CASABLANCA SUPER            |
|        1 | CASABLANCA SUPER            |
|        1 | CAT CONEHEADS               |
|        1 | CAT CONEHEADS               |
|        1 | CAT CONEHEADS               |
|        1 | CAT CONEHEADS               |
|        1 | CAUSE DATE                  |
|        1 | CAUSE DATE                  |
|        1 | CAUSE DATE                  |
|        1 | CELEBRITY HORN              |
|        1 | CELEBRITY HORN              |
|        1 | CENTER DINOSAUR             |
|        1 | CENTER DINOSAUR             |
|        1 | CENTER DINOSAUR             |
|        1 | CENTER DINOSAUR             |
|        1 | CHAINSAW UPTOWN             |
|        1 | CHAINSAW UPTOWN             |
|        1 | CHAINSAW UPTOWN             |
|        1 | CHAINSAW UPTOWN             |
|        1 | CHAMBER ITALIAN             |
|        1 | CHAMBER ITALIAN             |
|        1 | CHANCE RESURRECTION         |
|        1 | CHANCE RESURRECTION         |
|        1 | CHANCE RESURRECTION         |
|        1 | CHAPLIN LICENSE             |
|        1 | CHAPLIN LICENSE             |
|        1 | CHAPLIN LICENSE             |
|        1 | CHARIOTS CONSPIRACY         |
|        1 | CHARIOTS CONSPIRACY         |
|        1 | CHASING FIGHT               |
|        1 | CHASING FIGHT               |
|        1 | CHASING FIGHT               |
|        1 | CHASING FIGHT               |
|        1 | CHEAPER CLYDE               |
|        1 | CHEAPER CLYDE               |
|        1 | CHICAGO NORTH               |
|        1 | CHICAGO NORTH               |
|        1 | CHICAGO NORTH               |
|        1 | CHICKEN HELLFIGHTERS        |
|        1 | CHICKEN HELLFIGHTERS        |
|        1 | CHICKEN HELLFIGHTERS        |
|        1 | CHILL LUCK                  |
|        1 | CHILL LUCK                  |
|        1 | CHILL LUCK                  |
|        1 | CHILL LUCK                  |
|        1 | CHITTY LOCK                 |
|        1 | CHITTY LOCK                 |
|        1 | CHITTY LOCK                 |
|        1 | CHOCOLAT HARRY              |
|        1 | CHOCOLAT HARRY              |
|        1 | CHOCOLAT HARRY              |
|        1 | CHRISTMAS MOONSHINE         |
|        1 | CHRISTMAS MOONSHINE         |
|        1 | CHRISTMAS MOONSHINE         |
|        1 | CIDER DESIRE                |
|        1 | CIDER DESIRE                |
|        1 | CINCINATTI WHISPERER        |
|        1 | CINCINATTI WHISPERER        |
|        1 | CIRCUS YOUTH                |
|        1 | CIRCUS YOUTH                |
|        1 | CIRCUS YOUTH                |
|        1 | CIRCUS YOUTH                |
|        1 | CITIZEN SHREK               |
|        1 | CITIZEN SHREK               |
|        1 | CITIZEN SHREK               |
|        1 | CITIZEN SHREK               |
|        1 | CLASH FREDDY                |
|        1 | CLASH FREDDY                |
|        1 | CLASH FREDDY                |
|        1 | CLEOPATRA DEVIL             |
|        1 | CLEOPATRA DEVIL             |
|        1 | CLONES PINOCCHIO            |
|        1 | CLONES PINOCCHIO            |
|        1 | CLOSER BANG                 |
|        1 | CLOSER BANG                 |
|        1 | CLOSER BANG                 |
|        1 | CLOSER BANG                 |
|        1 | CLUB GRAFFITI               |
|        1 | CLUB GRAFFITI               |
|        1 | CLUE GRAIL                  |
|        1 | CLUE GRAIL                  |
|        1 | CLUELESS BUCKET             |
|        1 | CLUELESS BUCKET             |
|        1 | CLUELESS BUCKET             |
|        1 | COAST RAINBOW               |
|        1 | COAST RAINBOW               |
|        1 | COLDBLOODED DARLING         |
|        1 | COLDBLOODED DARLING         |
|        1 | COLDBLOODED DARLING         |
|        1 | COLOR PHILADELPHIA          |
|        1 | COLOR PHILADELPHIA          |
|        1 | COLOR PHILADELPHIA          |
|        1 | COLOR PHILADELPHIA          |
|        1 | COMA HEAD                   |
|        1 | COMA HEAD                   |
|        1 | COMA HEAD                   |
|        1 | COMA HEAD                   |
|        1 | COMANCHEROS ENEMY           |
|        1 | COMANCHEROS ENEMY           |
|        1 | COMFORTS RUSH               |
|        1 | COMFORTS RUSH               |
|        1 | COMMAND DARLING             |
|        1 | COMMAND DARLING             |
|        1 | CONEHEADS SMOOCHY           |
|        1 | CONEHEADS SMOOCHY           |
|        1 | CONEHEADS SMOOCHY           |
|        1 | CONEHEADS SMOOCHY           |
|        1 | CONFESSIONS MAGUIRE         |
|        1 | CONFESSIONS MAGUIRE         |
|        1 | CONFESSIONS MAGUIRE         |
|        1 | CONFIDENTIAL INTERVIEW      |
|        1 | CONFIDENTIAL INTERVIEW      |
|        1 | CONFIDENTIAL INTERVIEW      |
|        1 | CONFIDENTIAL INTERVIEW      |
|        1 | CONFUSED CANDLES            |
|        1 | CONFUSED CANDLES            |
|        1 | CONGENIALITY QUEST          |
|        1 | CONGENIALITY QUEST          |
|        1 | CONNECTION MICROCOSMOS      |
|        1 | CONNECTION MICROCOSMOS      |
|        1 | CONQUERER NUTS              |
|        1 | CONQUERER NUTS              |
|        1 | CONQUERER NUTS              |
|        1 | CONQUERER NUTS              |
|        1 | CONTACT ANONYMOUS           |
|        1 | CONTACT ANONYMOUS           |
|        1 | CONTACT ANONYMOUS           |
|        1 | CONTROL ANTHEM              |
|        1 | CONTROL ANTHEM              |
|        1 | CONVERSATION DOWNHILL       |
|        1 | CONVERSATION DOWNHILL       |
|        1 | CONVERSATION DOWNHILL       |
|        1 | CORE SUIT                   |
|        1 | CORE SUIT                   |
|        1 | COWBOY DOOM                 |
|        1 | COWBOY DOOM                 |
|        1 | CRAFT OUTFIELD              |
|        1 | CRAFT OUTFIELD              |
|        1 | CRAZY HOME                  |
|        1 | CRAZY HOME                  |
|        1 | CRAZY HOME                  |
|        1 | CREATURES SHAKESPEARE       |
|        1 | CREATURES SHAKESPEARE       |
|        1 | CROOKED FROGMEN             |
|        1 | CROOKED FROGMEN             |
|        1 | CROOKED FROGMEN             |
|        1 | CROSSROADS CASUALTIES       |
|        1 | CROSSROADS CASUALTIES       |
|        1 | CROSSROADS CASUALTIES       |
|        1 | CROSSROADS CASUALTIES       |
|        1 | CROW GREASE                 |
|        1 | CROW GREASE                 |
|        1 | CRUELTY UNFORGIVEN          |
|        1 | CRUELTY UNFORGIVEN          |
|        1 | CRUSADE HONEY               |
|        1 | CRUSADE HONEY               |
|        1 | CUPBOARD SINNERS            |
|        1 | CUPBOARD SINNERS            |
|        1 | CUPBOARD SINNERS            |
|        1 | CUPBOARD SINNERS            |
|        1 | CURTAIN VIDEOTAPE           |
|        1 | CURTAIN VIDEOTAPE           |
|        1 | CURTAIN VIDEOTAPE           |
|        1 | CURTAIN VIDEOTAPE           |
|        1 | CYCLONE FAMILY              |
|        1 | CYCLONE FAMILY              |
|        1 | CYCLONE FAMILY              |
|        1 | CYCLONE FAMILY              |
|        1 | DADDY PITTSBURGH            |
|        1 | DADDY PITTSBURGH            |
|        1 | DADDY PITTSBURGH            |
|        1 | DALMATIONS SWEDEN           |
|        1 | DALMATIONS SWEDEN           |
|        1 | DALMATIONS SWEDEN           |
|        1 | DALMATIONS SWEDEN           |
|        1 | DANCES NONE                 |
|        1 | DANCES NONE                 |
|        1 | DANCES NONE                 |
|        1 | DANCES NONE                 |
|        1 | DANCING FEVER               |
|        1 | DANCING FEVER               |
|        1 | DANCING FEVER               |
|        1 | DANCING FEVER               |
|        1 | DANGEROUS UPTOWN            |
|        1 | DANGEROUS UPTOWN            |
|        1 | DANGEROUS UPTOWN            |
|        1 | DANGEROUS UPTOWN            |
|        1 | DARES PLUTO                 |
|        1 | DARES PLUTO                 |
|        1 | DARES PLUTO                 |
|        1 | DARKNESS WAR                |
|        1 | DARKNESS WAR                |
|        1 | DARKNESS WAR                |
|        1 | DARKNESS WAR                |
|        1 | DARLING BREAKING            |
|        1 | DARLING BREAKING            |
|        1 | DARN FORRESTER              |
|        1 | DARN FORRESTER              |
|        1 | DARN FORRESTER              |
|        1 | DATE SPEED                  |
|        1 | DATE SPEED                  |
|        1 | DATE SPEED                  |
|        1 | DATE SPEED                  |
|        1 | DAWN POND                   |
|        1 | DAWN POND                   |
|        1 | DAWN POND                   |
|        1 | DAY UNFAITHFUL              |
|        1 | DAY UNFAITHFUL              |
|        1 | DECEIVER BETRAYED           |
|        1 | DECEIVER BETRAYED           |
|        1 | DECEIVER BETRAYED           |
|        1 | DECEIVER BETRAYED           |
|        1 | DEEP CRUSADE                |
|        1 | DEEP CRUSADE                |
|        1 | DEEP CRUSADE                |
|        1 | DEEP CRUSADE                |
|        1 | DEER VIRGINIAN              |
|        1 | DEER VIRGINIAN              |
|        1 | DEER VIRGINIAN              |
|        1 | DEER VIRGINIAN              |
|        1 | DESERT POSEIDON             |
|        1 | DESERT POSEIDON             |
|        1 | DESPERATE TRAINSPOTTING     |
|        1 | DESPERATE TRAINSPOTTING     |
|        1 | DESTINATION JERK            |
|        1 | DESTINATION JERK            |
|        1 | DESTINATION JERK            |
|        1 | DESTINY SATURDAY            |
|        1 | DESTINY SATURDAY            |
|        1 | DETAILS PACKER              |
|        1 | DETAILS PACKER              |
|        1 | DETAILS PACKER              |
|        1 | DETECTIVE VISION            |
|        1 | DETECTIVE VISION            |
|        1 | DETECTIVE VISION            |
|        1 | DEVIL DESIRE                |
|        1 | DEVIL DESIRE                |
|        1 | DIARY PANIC                 |
|        1 | DIARY PANIC                 |
|        1 | DINOSAUR SECRETARY          |
|        1 | DINOSAUR SECRETARY          |
|        1 | DINOSAUR SECRETARY          |
|        1 | DINOSAUR SECRETARY          |
|        1 | DIRTY ACE                   |
|        1 | DIRTY ACE                   |
|        1 | DIRTY ACE                   |
|        1 | DISCIPLE MOTHER             |
|        1 | DISCIPLE MOTHER             |
|        1 | DISCIPLE MOTHER             |
|        1 | DISCIPLE MOTHER             |
|        1 | DISTURBING SCARFACE         |
|        1 | DISTURBING SCARFACE         |
|        1 | DISTURBING SCARFACE         |
|        1 | DISTURBING SCARFACE         |
|        1 | DIVIDE MONSTER              |
|        1 | DIVIDE MONSTER              |
|        1 | DIVORCE SHINING             |
|        1 | DIVORCE SHINING             |
|        1 | DOCTOR GRAIL                |
|        1 | DOCTOR GRAIL                |
|        1 | DOGMA FAMILY                |
|        1 | DOGMA FAMILY                |
|        1 | DOGMA FAMILY                |
|        1 | DOGMA FAMILY                |
|        1 | DONNIE ALLEY                |
|        1 | DONNIE ALLEY                |
|        1 | DONNIE ALLEY                |
|        1 | DONNIE ALLEY                |
|        1 | DOOM DANCING                |
|        1 | DOOM DANCING                |
|        1 | DOORS PRESIDENT             |
|        1 | DOORS PRESIDENT             |
|        1 | DORADO NOTTING              |
|        1 | DORADO NOTTING              |
|        1 | DORADO NOTTING              |
|        1 | DORADO NOTTING              |
|        1 | DOUBLE WRATH                |
|        1 | DOUBLE WRATH                |
|        1 | DOUBLE WRATH                |
|        1 | DOWNHILL ENOUGH             |
|        1 | DOWNHILL ENOUGH             |
|        1 | DOWNHILL ENOUGH             |
|        1 | DRACULA CRYSTAL             |
|        1 | DRACULA CRYSTAL             |
|        1 | DRAGONFLY STRANGERS         |
|        1 | DRAGONFLY STRANGERS         |
|        1 | DREAM PICKUP                |
|        1 | DREAM PICKUP                |
|        1 | DREAM PICKUP                |
|        1 | DRIFTER COMMANDMENTS        |
|        1 | DRIFTER COMMANDMENTS        |
|        1 | DRIFTER COMMANDMENTS        |
|        1 | DRIFTER COMMANDMENTS        |
|        1 | DRIVER ANNIE                |
|        1 | DRIVER ANNIE                |
|        1 | DRIVING POLISH              |
|        1 | DRIVING POLISH              |
|        1 | DRIVING POLISH              |
|        1 | DRIVING POLISH              |
|        1 | DUCK RACER                  |
|        1 | DUCK RACER                  |
|        1 | DUFFEL APOCALYPSE           |
|        1 | DUFFEL APOCALYPSE           |
|        1 | DURHAM PANKY                |
|        1 | DURHAM PANKY                |
|        1 | DURHAM PANKY                |
|        1 | DURHAM PANKY                |
|        1 | DYING MAKER                 |
|        1 | DYING MAKER                 |
|        1 | DYING MAKER                 |
|        1 | DYING MAKER                 |
|        1 | DYNAMITE TARZAN             |
|        1 | DYNAMITE TARZAN             |
|        1 | DYNAMITE TARZAN             |
|        1 | DYNAMITE TARZAN             |
|        1 | EAGLES PANKY                |
|        1 | EAGLES PANKY                |
|        1 | EAGLES PANKY                |
|        1 | EAGLES PANKY                |
|        1 | EARRING INSTINCT            |
|        1 | EARRING INSTINCT            |
|        1 | EARTH VISION                |
|        1 | EARTH VISION                |
|        1 | EARTH VISION                |
|        1 | EASY GLADIATOR              |
|        1 | EASY GLADIATOR              |
|        1 | EASY GLADIATOR              |
|        1 | EDGE KISSING                |
|        1 | EDGE KISSING                |
|        1 | EDGE KISSING                |
|        1 | EDGE KISSING                |
|        1 | EFFECT GLADIATOR            |
|        1 | EFFECT GLADIATOR            |
|        1 | EFFECT GLADIATOR            |
|        1 | EFFECT GLADIATOR            |
|        1 | EGG IGBY                    |
|        1 | EGG IGBY                    |
|        1 | EGG IGBY                    |
|        1 | EGYPT TENENBAUMS            |
|        1 | EGYPT TENENBAUMS            |
|        1 | EGYPT TENENBAUMS            |
|        1 | ELEMENT FREDDY              |
|        1 | ELEMENT FREDDY              |
|        1 | ELEMENT FREDDY              |
|        1 | ELEMENT FREDDY              |
|        1 | ELEPHANT TROJAN             |
|        1 | ELEPHANT TROJAN             |
|        1 | ELEPHANT TROJAN             |
|        1 | ELF MURDER                  |
|        1 | ELF MURDER                  |
|        1 | ELIZABETH SHANE             |
|        1 | ELIZABETH SHANE             |
|        1 | EMPIRE MALKOVICH            |
|        1 | EMPIRE MALKOVICH            |
|        1 | EMPIRE MALKOVICH            |
|        1 | EMPIRE MALKOVICH            |
|        1 | ENCINO ELF                  |
|        1 | ENCINO ELF                  |
|        1 | ENCOUNTERS CURTAIN          |
|        1 | ENCOUNTERS CURTAIN          |
|        1 | ENCOUNTERS CURTAIN          |
|        1 | ENDING CROWDS               |
|        1 | ENDING CROWDS               |
|        1 | ENDING CROWDS               |
|        1 | ENEMY ODDS                  |
|        1 | ENEMY ODDS                  |
|        1 | ENEMY ODDS                  |
|        1 | ENGLISH BULWORTH            |
|        1 | ENGLISH BULWORTH            |
|        1 | ENGLISH BULWORTH            |
|        1 | ENOUGH RAGING               |
|        1 | ENOUGH RAGING               |
|        1 | ENTRAPMENT SATISFACTION     |
|        1 | ENTRAPMENT SATISFACTION     |
|        1 | ESCAPE METROPOLIS           |
|        1 | ESCAPE METROPOLIS           |
|        1 | EVE RESURRECTION            |
|        1 | EVE RESURRECTION            |
|        1 | EVERYONE CRAFT              |
|        1 | EVERYONE CRAFT              |
|        1 | EVERYONE CRAFT              |
|        1 | EVOLUTION ALTER             |
|        1 | EVOLUTION ALTER             |
|        1 | EVOLUTION ALTER             |
|        1 | EVOLUTION ALTER             |
|        1 | EXCITEMENT EVE              |
|        1 | EXCITEMENT EVE              |
|        1 | EXCITEMENT EVE              |
|        1 | EXORCIST STING              |
|        1 | EXORCIST STING              |
|        1 | EXPECATIONS NATURAL         |
|        1 | EXPECATIONS NATURAL         |
|        1 | EXPENDABLE STALLION         |
|        1 | EXPENDABLE STALLION         |
|        1 | EXPENDABLE STALLION         |
|        1 | EXPENDABLE STALLION         |
|        1 | EXPRESS LONELY              |
|        1 | EXPRESS LONELY              |
|        1 | EXPRESS LONELY              |
|        1 | EXPRESS LONELY              |
|        1 | EYES DRIVING                |
|        1 | EYES DRIVING                |
|        1 | FACTORY DRAGON              |
|        1 | FACTORY DRAGON              |
|        1 | FACTORY DRAGON              |
|        1 | FACTORY DRAGON              |
|        1 | FALCON VOLUME               |
|        1 | FALCON VOLUME               |
|        1 | FAMILY SWEET                |
|        1 | FAMILY SWEET                |
|        1 | FAMILY SWEET                |
|        1 | FAMILY SWEET                |
|        1 | FANTASIA PARK               |
|        1 | FANTASIA PARK               |
|        1 | FANTASY TROOPERS            |
|        1 | FANTASY TROOPERS            |
|        1 | FANTASY TROOPERS            |
|        1 | FANTASY TROOPERS            |
|        1 | FARGO GANDHI                |
|        1 | FARGO GANDHI                |
|        1 | FARGO GANDHI                |
|        1 | FARGO GANDHI                |
|        1 | FATAL HAUNTED               |
|        1 | FATAL HAUNTED               |
|        1 | FATAL HAUNTED               |
|        1 | FATAL HAUNTED               |
|        1 | FEATHERS METAL              |
|        1 | FEATHERS METAL              |
|        1 | FEATHERS METAL              |
|        1 | FELLOWSHIP AUTUMN           |
|        1 | FELLOWSHIP AUTUMN           |
|        1 | FELLOWSHIP AUTUMN           |
|        1 | FERRIS MOTHER               |
|        1 | FERRIS MOTHER               |
|        1 | FEUD FROGMEN                |
|        1 | FEUD FROGMEN                |
|        1 | FEVER EMPIRE                |
|        1 | FEVER EMPIRE                |
|        1 | FICTION CHRISTMAS           |
|        1 | FICTION CHRISTMAS           |
|        1 | FICTION CHRISTMAS           |
|        1 | FIDELITY DEVIL              |
|        1 | FIDELITY DEVIL              |
|        1 | FIDELITY DEVIL              |
|        1 | FIDELITY DEVIL              |
|        1 | FIGHT JAWBREAKER            |
|        1 | FIGHT JAWBREAKER            |
|        1 | FIREBALL PHILADELPHIA       |
|        1 | FIREBALL PHILADELPHIA       |
|        1 | FIREBALL PHILADELPHIA       |
|        1 | FIREBALL PHILADELPHIA       |
|        1 | FISH OPUS                   |
|        1 | FISH OPUS                   |
|        1 | FISH OPUS                   |
|        1 | FLAMINGOS CONNECTICUT       |
|        1 | FLAMINGOS CONNECTICUT       |
|        1 | FLAMINGOS CONNECTICUT       |
|        1 | FLASH WARS                  |
|        1 | FLASH WARS                  |
|        1 | FLASH WARS                  |
|        1 | FLASH WARS                  |
|        1 | FLATLINERS KILLER           |
|        1 | FLATLINERS KILLER           |
|        1 | FLATLINERS KILLER           |
|        1 | FLATLINERS KILLER           |
|        1 | FLINTSTONES HAPPINESS       |
|        1 | FLINTSTONES HAPPINESS       |
|        1 | FLINTSTONES HAPPINESS       |
|        1 | FLYING HOOK                 |
|        1 | FLYING HOOK                 |
|        1 | FOOL MOCKINGBIRD            |
|        1 | FOOL MOCKINGBIRD            |
|        1 | FOOL MOCKINGBIRD            |
|        1 | FOOL MOCKINGBIRD            |
|        1 | FORREST SONS                |
|        1 | FORREST SONS                |
|        1 | FORREST SONS                |
|        1 | FORRESTER COMANCHEROS       |
|        1 | FORRESTER COMANCHEROS       |
|        1 | FORRESTER COMANCHEROS       |
|        1 | FORRESTER COMANCHEROS       |
|        1 | FORWARD TEMPLE              |
|        1 | FORWARD TEMPLE              |
|        1 | FORWARD TEMPLE              |
|        1 | FORWARD TEMPLE              |
|        1 | FREAKY POCUS                |
|        1 | FREAKY POCUS                |
|        1 | FREDDY STORM                |
|        1 | FREDDY STORM                |
|        1 | FREEDOM CLEOPATRA           |
|        1 | FREEDOM CLEOPATRA           |
|        1 | FRENCH HOLIDAY              |
|        1 | FRENCH HOLIDAY              |
|        1 | FRENCH HOLIDAY              |
|        1 | FRIDA SLIPPER               |
|        1 | FRIDA SLIPPER               |
|        1 | FRONTIER CABIN              |
|        1 | FRONTIER CABIN              |
|        1 | FROST HEAD                  |
|        1 | FROST HEAD                  |
|        1 | FROST HEAD                  |
|        1 | FROST HEAD                  |
|        1 | FUGITIVE MAGUIRE            |
|        1 | FUGITIVE MAGUIRE            |
|        1 | FUGITIVE MAGUIRE            |
|        1 | FUGITIVE MAGUIRE            |
|        1 | FULL FLATLINERS             |
|        1 | FULL FLATLINERS             |
|        1 | FURY MURDER                 |
|        1 | FURY MURDER                 |
|        1 | FURY MURDER                 |
|        1 | GABLES METROPOLIS           |
|        1 | GABLES METROPOLIS           |
|        1 | GABLES METROPOLIS           |
|        1 | GALAXY SWEETHEARTS          |
|        1 | GALAXY SWEETHEARTS          |
|        1 | GAMES BOWFINGER             |
|        1 | GAMES BOWFINGER             |
|        1 | GAMES BOWFINGER             |
|        1 | GAMES BOWFINGER             |
|        1 | GANGS PRIDE                 |
|        1 | GANGS PRIDE                 |
|        1 | GANGS PRIDE                 |
|        1 | GANGS PRIDE                 |
|        1 | GARDEN ISLAND               |
|        1 | GARDEN ISLAND               |
|        1 | GARDEN ISLAND               |
|        1 | GARDEN ISLAND               |
|        1 | GASLIGHT CRUSADE            |
|        1 | GASLIGHT CRUSADE            |
|        1 | GASLIGHT CRUSADE            |
|        1 | GENTLEMEN STAGE             |
|        1 | GENTLEMEN STAGE             |
|        1 | GHOST GROUNDHOG             |
|        1 | GHOST GROUNDHOG             |
|        1 | GHOST GROUNDHOG             |
|        1 | GIANT TROOPERS              |
|        1 | GIANT TROOPERS              |
|        1 | GIANT TROOPERS              |
|        1 | GIANT TROOPERS              |
|        1 | GILMORE BOILED              |
|        1 | GILMORE BOILED              |
|        1 | GILMORE BOILED              |
|        1 | GILMORE BOILED              |
|        1 | GLASS DYING                 |
|        1 | GLASS DYING                 |
|        1 | GLASS DYING                 |
|        1 | GLASS DYING                 |
|        1 | GLEAMING JAWBREAKER         |
|        1 | GLEAMING JAWBREAKER         |
|        1 | GLEAMING JAWBREAKER         |
|        1 | GLEAMING JAWBREAKER         |
|        1 | GLORY TRACY                 |
|        1 | GLORY TRACY                 |
|        1 | GO PURPLE                   |
|        1 | GO PURPLE                   |
|        1 | GO PURPLE                   |
|        1 | GODFATHER DIARY             |
|        1 | GODFATHER DIARY             |
|        1 | GODFATHER DIARY             |
|        1 | GOLD RIVER                  |
|        1 | GOLD RIVER                  |
|        1 | GOLDFINGER SENSIBILITY      |
|        1 | GOLDFINGER SENSIBILITY      |
|        1 | GOLDFINGER SENSIBILITY      |
|        1 | GOLDFINGER SENSIBILITY      |
|        1 | GOLDMINE TYCOON             |
|        1 | GOLDMINE TYCOON             |
|        1 | GOLDMINE TYCOON             |
|        1 | GOLDMINE TYCOON             |
|        1 | GONE TROUBLE                |
|        1 | GONE TROUBLE                |
|        1 | GOODFELLAS SALUTE           |
|        1 | GOODFELLAS SALUTE           |
|        1 | GOODFELLAS SALUTE           |
|        1 | GOODFELLAS SALUTE           |
|        1 | GORGEOUS BINGO              |
|        1 | GORGEOUS BINGO              |
|        1 | GORGEOUS BINGO              |
|        1 | GOSFORD DONNIE              |
|        1 | GOSFORD DONNIE              |
|        1 | GOSFORD DONNIE              |
|        1 | GRACELAND DYNAMITE          |
|        1 | GRACELAND DYNAMITE          |
|        1 | GRADUATE LORD               |
|        1 | GRADUATE LORD               |
|        1 | GRADUATE LORD               |
|        1 | GRAFFITI LOVE               |
|        1 | GRAFFITI LOVE               |
|        1 | GRAFFITI LOVE               |
|        1 | GRAIL FRANKENSTEIN          |
|        1 | GRAIL FRANKENSTEIN          |
|        1 | GRAPES FURY                 |
|        1 | GRAPES FURY                 |
|        1 | GRAPES FURY                 |
|        1 | GRAPES FURY                 |
|        1 | GREASE YOUTH                |
|        1 | GREASE YOUTH                |
|        1 | GREASE YOUTH                |
|        1 | GREATEST NORTH              |
|        1 | GREATEST NORTH              |
|        1 | GREATEST NORTH              |
|        1 | GREATEST NORTH              |
|        1 | GREEK EVERYONE              |
|        1 | GREEK EVERYONE              |
|        1 | GRINCH MASSAGE              |
|        1 | GRINCH MASSAGE              |
|        1 | GRIT CLOCKWORK              |
|        1 | GRIT CLOCKWORK              |
|        1 | GRIT CLOCKWORK              |
|        1 | GRIT CLOCKWORK              |
|        1 | GROOVE FICTION              |
|        1 | GROOVE FICTION              |
|        1 | GROOVE FICTION              |
|        1 | GROUNDHOG UNCUT             |
|        1 | GROUNDHOG UNCUT             |
|        1 | GUN BONNIE                  |
|        1 | GUN BONNIE                  |
|        1 | GUN BONNIE                  |
|        1 | GUNFIGHT MOON               |
|        1 | GUNFIGHT MOON               |
|        1 | GUNFIGHT MOON               |
|        1 | GUNFIGHTER MUSSOLINI        |
|        1 | GUNFIGHTER MUSSOLINI        |
|        1 | GUYS FALCON                 |
|        1 | GUYS FALCON                 |
|        1 | GUYS FALCON                 |
|        1 | HALF OUTFIELD               |
|        1 | HALF OUTFIELD               |
|        1 | HALF OUTFIELD               |
|        1 | HALF OUTFIELD               |
|        1 | HALL CASSIDY                |
|        1 | HALL CASSIDY                |
|        1 | HALL CASSIDY                |
|        1 | HALL CASSIDY                |
|        1 | HALLOWEEN NUTS              |
|        1 | HALLOWEEN NUTS              |
|        1 | HAMLET WISDOM               |
|        1 | HAMLET WISDOM               |
|        1 | HAMLET WISDOM               |
|        1 | HAMLET WISDOM               |
|        1 | HANDICAP BOONDOCK           |
|        1 | HANDICAP BOONDOCK           |
|        1 | HANDICAP BOONDOCK           |
|        1 | HANKY OCTOBER               |
|        1 | HANKY OCTOBER               |
|        1 | HANKY OCTOBER               |
|        1 | HARDLY ROBBERS              |
|        1 | HARDLY ROBBERS              |
|        1 | HAROLD FRENCH               |
|        1 | HAROLD FRENCH               |
|        1 | HARPER DYING                |
|        1 | HARPER DYING                |
|        1 | HARPER DYING                |
|        1 | HARRY IDAHO                 |
|        1 | HARRY IDAHO                 |
|        1 | HARRY IDAHO                 |
|        1 | HARRY IDAHO                 |
|        1 | HAUNTING PIANIST            |
|        1 | HAUNTING PIANIST            |
|        1 | HAWK CHILL                  |
|        1 | HAWK CHILL                  |
|        1 | HEAD STRANGER               |
|        1 | HEAD STRANGER               |
|        1 | HEAD STRANGER               |
|        1 | HEAD STRANGER               |
|        1 | HEARTBREAKERS BRIGHT        |
|        1 | HEARTBREAKERS BRIGHT        |
|        1 | HEARTBREAKERS BRIGHT        |
|        1 | HEARTBREAKERS BRIGHT        |
|        1 | HEAVEN FREEDOM              |
|        1 | HEAVEN FREEDOM              |
|        1 | HEAVEN FREEDOM              |
|        1 | HEAVENLY GUN                |
|        1 | HEAVENLY GUN                |
|        1 | HEAVYWEIGHTS BEAST          |
|        1 | HEAVYWEIGHTS BEAST          |
|        1 | HEAVYWEIGHTS BEAST          |
|        1 | HEAVYWEIGHTS BEAST          |
|        1 | HEDWIG ALTER                |
|        1 | HEDWIG ALTER                |
|        1 | HEDWIG ALTER                |
|        1 | HELLFIGHTERS SIERRA         |
|        1 | HELLFIGHTERS SIERRA         |
|        1 | HELLFIGHTERS SIERRA         |
|        1 | HIGH ENCINO                 |
|        1 | HIGH ENCINO                 |
|        1 | HIGH ENCINO                 |
|        1 | HIGHBALL POTTER             |
|        1 | HIGHBALL POTTER             |
|        1 | HILLS NEIGHBORS             |
|        1 | HILLS NEIGHBORS             |
|        1 | HILLS NEIGHBORS             |
|        1 | HILLS NEIGHBORS             |
|        1 | HOBBIT ALIEN                |
|        1 | HOBBIT ALIEN                |
|        1 | HOBBIT ALIEN                |
|        1 | HOBBIT ALIEN                |
|        1 | HOLES BRANNIGAN             |
|        1 | HOLES BRANNIGAN             |
|        1 | HOLLYWOOD ANONYMOUS         |
|        1 | HOLLYWOOD ANONYMOUS         |
|        1 | HOLOCAUST HIGHBALL          |
|        1 | HOLOCAUST HIGHBALL          |
|        1 | HOLOCAUST HIGHBALL          |
|        1 | HOMEWARD CIDER              |
|        1 | HOMEWARD CIDER              |
|        1 | HOMEWARD CIDER              |
|        1 | HOMEWARD CIDER              |
|        1 | HOMICIDE PEACH              |
|        1 | HOMICIDE PEACH              |
|        1 | HOMICIDE PEACH              |
|        1 | HOMICIDE PEACH              |
|        1 | HONEY TIES                  |
|        1 | HONEY TIES                  |
|        1 | HOPE TOOTSIE                |
|        1 | HOPE TOOTSIE                |
|        1 | HOPE TOOTSIE                |
|        1 | HORN WORKING                |
+----------+-----------------------------+
1000 rows in set (0.0047 sec)
 MySQL  localhost:3306 ssl  sakila  SQL > select b.first_name as cliente, b.last_name as apellido, d.title as pelicula, a.rental_date as fecha_renta, e.first_name as empleado, e.last_name as emp_apellido from rental a inner join customer b on a.customer_id = b.customer_id inner join inventory c on a.inventory_id = c.inventory_id inner join film d on c.film_id = d.film_id inner join staff e on a.staff_id = e.staff_id limit 500;
+-------------+--------------+----------------------+---------------------+----------+--------------+
| cliente     | apellido     | pelicula             | fecha_renta         | empleado | emp_apellido |
+-------------+--------------+----------------------+---------------------+----------+--------------+
| BRANDY      | GRAVES       | HUMAN GRAFFITI       | 2005-08-17 17:28:01 | Mike     | Hillyer      |
| RAMONA      | HALE         | HUMAN GRAFFITI       | 2005-07-30 14:15:02 | Mike     | Hillyer      |
| ARTHUR      | SIMPKINS     | HUMAN GRAFFITI       | 2005-08-02 06:52:54 | Mike     | Hillyer      |
| BYRON       | BOX          | HUMAN GRAFFITI       | 2005-07-12 12:37:00 | Mike     | Hillyer      |
| JEREMY      | HURTADO      | HUMAN GRAFFITI       | 2005-07-10 03:46:47 | Mike     | Hillyer      |
| KIM         | CRUZ         | HUMAN GRAFFITI       | 2005-07-30 00:22:31 | Mike     | Hillyer      |
| CAROLE      | BARNETT      | HUMAN GRAFFITI       | 2005-07-08 21:26:11 | Mike     | Hillyer      |
| CHARLIE     | BESS         | HOUSE DYNAMITE       | 2005-08-23 20:16:27 | Mike     | Hillyer      |
| CODY        | NOLEN        | HOUSE DYNAMITE       | 2005-07-29 11:35:46 | Mike     | Hillyer      |
| GREG        | ROBINS       | HOUSE DYNAMITE       | 2005-08-21 17:38:37 | Mike     | Hillyer      |
| ROBIN       | HAYES        | HOUSE DYNAMITE       | 2005-07-07 11:35:08 | Mike     | Hillyer      |
| DAVE        | GARDINER     | HOUSE DYNAMITE       | 2005-08-22 06:30:28 | Mike     | Hillyer      |
| ANDREW      | PURDY        | HOUSE DYNAMITE       | 2005-06-20 17:40:12 | Mike     | Hillyer      |
| JIM         | REA          | HOUSE DYNAMITE       | 2005-08-20 08:20:19 | Mike     | Hillyer      |
| JOYCE       | EDWARDS      | HOUSE DYNAMITE       | 2005-07-10 00:09:45 | Mike     | Hillyer      |
| MARCUS      | HIDALGO      | HOUSE DYNAMITE       | 2005-06-19 02:51:04 | Mike     | Hillyer      |
| MAXINE      | SILVA        | HOUSE DYNAMITE       | 2005-08-19 12:06:42 | Mike     | Hillyer      |
| BESSIE      | MORRISON     | HOUSE DYNAMITE       | 2005-07-27 05:06:34 | Mike     | Hillyer      |
| LAURA       | RODRIGUEZ    | HOURS RAGE           | 2005-08-19 00:42:24 | Mike     | Hillyer      |
| HAZEL       | WARREN       | HOURS RAGE           | 2005-08-21 03:40:11 | Mike     | Hillyer      |
| ANDREW      | PURDY        | HOURS RAGE           | 2005-07-27 10:30:41 | Mike     | Hillyer      |
| DEBRA       | NELSON       | HOURS RAGE           | 2005-07-11 03:21:05 | Mike     | Hillyer      |
| CARL        | ARTIS        | HOURS RAGE           | 2005-06-16 01:58:35 | Mike     | Hillyer      |
| LYNN        | PAYNE        | HOURS RAGE           | 2005-08-22 16:49:02 | Mike     | Hillyer      |
| THERESA     | WATSON       | HOURS RAGE           | 2005-05-30 01:17:25 | Mike     | Hillyer      |
| GENE        | SANBORN      | HOURS RAGE           | 2005-08-02 21:07:06 | Mike     | Hillyer      |
| PEDRO       | CHESTNUT     | HOTEL HAPPINESS      | 2005-08-22 19:23:58 | Mike     | Hillyer      |
| ALLISON     | STANLEY      | HOTEL HAPPINESS      | 2005-05-28 00:24:58 | Mike     | Hillyer      |
| ERIK        | GUILLEN      | HOTEL HAPPINESS      | 2005-08-19 07:53:58 | Mike     | Hillyer      |
| HELEN       | HARRIS       | HOTEL HAPPINESS      | 2005-06-20 05:15:37 | Mike     | Hillyer      |
| GAIL        | KNIGHT       | HORROR REIGN         | 2005-08-22 04:48:44 | Mike     | Hillyer      |
| JASON       | MORRISSEY    | HORROR REIGN         | 2005-07-12 11:50:56 | Mike     | Hillyer      |
| TROY        | QUIGLEY      | HORROR REIGN         | 2005-08-23 13:10:16 | Mike     | Hillyer      |
| TARA        | RYAN         | HORROR REIGN         | 2005-07-28 16:35:16 | Mike     | Hillyer      |
| JORGE       | OLIVARES     | HORROR REIGN         | 2005-08-21 03:51:52 | Mike     | Hillyer      |
| ALVIN       | DELOACH      | HORROR REIGN         | 2005-07-28 23:59:02 | Mike     | Hillyer      |
| APRIL       | BURNS        | HORROR REIGN         | 2005-07-08 01:51:32 | Mike     | Hillyer      |
| DIANE       | COLLINS      | HORROR REIGN         | 2005-05-29 16:44:11 | Mike     | Hillyer      |
| FREDDIE     | DUGGAN       | HORROR REIGN         | 2005-08-02 12:34:27 | Mike     | Hillyer      |
| EDNA        | WEST         | HORROR REIGN         | 2005-06-19 12:12:30 | Mike     | Hillyer      |
| HILDA       | HOPKINS      | HORROR REIGN         | 2005-08-01 10:03:20 | Mike     | Hillyer      |
| RHONDA      | KENNEDY      | HORROR REIGN         | 2005-06-18 20:24:23 | Mike     | Hillyer      |
| TONI        | HOLT         | HORROR REIGN         | 2005-05-29 09:26:34 | Mike     | Hillyer      |
| MARK        | RINEHART     | HORROR REIGN         | 2005-08-21 09:19:49 | Mike     | Hillyer      |
| FLORENCE    | WOODS        | HORROR REIGN         | 2005-07-11 08:25:22 | Mike     | Hillyer      |
| DAN         | PAINE        | HORROR REIGN         | 2005-08-21 15:59:27 | Mike     | Hillyer      |
| VANESSA     | SIMS         | HORROR REIGN         | 2005-07-29 08:42:04 | Mike     | Hillyer      |
| EDITH       | MCDONALD     | HORN WORKING         | 2005-08-22 02:26:47 | Mike     | Hillyer      |
| DEREK       | BLAKELY      | HORN WORKING         | 2005-07-28 02:24:23 | Mike     | Hillyer      |
| REGINA      | BERRY        | HORN WORKING         | 2005-08-18 14:28:00 | Mike     | Hillyer      |
| BESSIE      | MORRISON     | HORN WORKING         | 2005-07-30 22:20:04 | Mike     | Hillyer      |
| MARTIN      | BALES        | HORN WORKING         | 2005-06-18 05:05:18 | Mike     | Hillyer      |
| BETTY       | WHITE        | HORN WORKING         | 2005-08-18 19:16:47 | Mike     | Hillyer      |
| KIMBERLY    | LEE          | HORN WORKING         | 2005-05-31 10:22:54 | Mike     | Hillyer      |
| JESSIE      | BANKS        | HORN WORKING         | 2005-06-20 04:09:04 | Mike     | Hillyer      |
| JUNE        | CARROLL      | HORN WORKING         | 2005-07-27 09:19:05 | Mike     | Hillyer      |
| EDDIE       | TOMLIN       | HORN WORKING         | 2005-06-18 17:51:46 | Mike     | Hillyer      |
| DARRELL     | POWER        | HOPE TOOTSIE         | 2005-07-30 20:22:17 | Mike     | Hillyer      |
| CONNIE      | WALLACE      | HOPE TOOTSIE         | 2005-07-07 14:52:12 | Mike     | Hillyer      |
| VERA        | MCCOY        | HOPE TOOTSIE         | 2005-07-30 05:28:40 | Mike     | Hillyer      |
| VIOLA       | HANSON       | HOPE TOOTSIE         | 2005-07-10 15:05:42 | Mike     | Hillyer      |
| BILLY       | POULIN       | HOPE TOOTSIE         | 2005-06-20 22:31:54 | Mike     | Hillyer      |
| JORDAN      | ARCHULETA    | HOPE TOOTSIE         | 2005-08-22 00:24:37 | Mike     | Hillyer      |
| HAZEL       | WARREN       | HOPE TOOTSIE         | 2005-07-28 06:10:55 | Mike     | Hillyer      |
| VANESSA     | SIMS         | HOPE TOOTSIE         | 2005-08-17 10:59:00 | Mike     | Hillyer      |
| KATIE       | ELLIOTT      | HOPE TOOTSIE         | 2005-08-20 03:07:47 | Mike     | Hillyer      |
| CAROLYN     | PEREZ        | HOPE TOOTSIE         | 2005-07-31 19:23:00 | Mike     | Hillyer      |
| CARMEN      | OWENS        | HOPE TOOTSIE         | 2005-06-17 09:30:05 | Mike     | Hillyer      |
| BRYAN       | HARDISON     | HOOSIERS BIRDCAGE    | 2005-08-17 03:12:04 | Mike     | Hillyer      |
| ERICA       | MATTHEWS     | HOOSIERS BIRDCAGE    | 2005-08-17 06:39:59 | Mike     | Hillyer      |
| MARSHA      | DOUGLAS      | HOOSIERS BIRDCAGE    | 2005-07-28 20:59:04 | Mike     | Hillyer      |
| CONSTANCE   | REID         | HOOSIERS BIRDCAGE    | 2005-06-19 21:34:54 | Mike     | Hillyer      |
| TERESA      | ROGERS       | HOOK CHARIOTS        | 2005-08-19 02:57:37 | Mike     | Hillyer      |
| HARRY       | ARCE         | HOOK CHARIOTS        | 2005-07-07 04:34:09 | Mike     | Hillyer      |
| CATHERINE   | CAMPBELL     | HOOK CHARIOTS        | 2005-08-23 10:35:51 | Mike     | Hillyer      |
| JULIA       | FLORES       | HOOK CHARIOTS        | 2005-07-30 04:06:25 | Mike     | Hillyer      |
| KATHY       | JAMES        | HOOK CHARIOTS        | 2005-07-11 02:08:55 | Mike     | Hillyer      |
| ALMA        | AUSTIN       | HOOK CHARIOTS        | 2005-07-29 01:20:16 | Mike     | Hillyer      |
| VIRGIL      | WOFFORD      | HOOK CHARIOTS        | 2005-07-07 11:36:20 | Mike     | Hillyer      |
| DWIGHT      | LOMBARDI     | HOOK CHARIOTS        | 2005-06-21 02:30:37 | Mike     | Hillyer      |
| RAMONA      | HALE         | HONEY TIES           | 2005-08-20 19:29:44 | Mike     | Hillyer      |
| CHARLIE     | BESS         | HONEY TIES           | 2005-07-31 09:09:22 | Mike     | Hillyer      |
| DARYL       | LARUE        | HONEY TIES           | 2005-07-30 04:53:23 | Mike     | Hillyer      |
| JAMES       | GANNON       | HONEY TIES           | 2005-07-06 00:00:03 | Mike     | Hillyer      |
| ARMANDO     | GRUBER       | HONEY TIES           | 2005-05-26 05:29:49 | Mike     | Hillyer      |
| ETHEL       | WEBB         | HONEY TIES           | 2005-07-28 10:27:46 | Mike     | Hillyer      |
| VIOLET      | RODRIQUEZ    | HONEY TIES           | 2005-08-19 15:23:41 | Mike     | Hillyer      |
| RONNIE      | RICKETTS     | HONEY TIES           | 2005-08-01 11:44:13 | Mike     | Hillyer      |
| RHONDA      | KENNEDY      | HONEY TIES           | 2005-07-06 09:10:37 | Mike     | Hillyer      |
| ELLEN       | SIMPSON      | HOMICIDE PEACH       | 2005-08-21 16:52:29 | Mike     | Hillyer      |
| HELEN       | HARRIS       | HOMICIDE PEACH       | 2005-08-18 04:39:10 | Mike     | Hillyer      |
| TOMMY       | COLLAZO      | HOMICIDE PEACH       | 2005-07-30 01:00:17 | Mike     | Hillyer      |
| CHRISTIAN   | JUNG         | HOMICIDE PEACH       | 2005-07-27 05:41:20 | Mike     | Hillyer      |
| NELSON      | CHRISTENSON  | HOMICIDE PEACH       | 2005-06-17 15:07:30 | Mike     | Hillyer      |
| DARLENE     | ROSE         | HOMICIDE PEACH       | 2005-08-20 10:11:07 | Mike     | Hillyer      |
| PATRICK     | NEWSOM       | HOMICIDE PEACH       | 2005-08-01 17:11:52 | Mike     | Hillyer      |
| DAISY       | BATES        | HOMICIDE PEACH       | 2005-06-17 07:14:15 | Mike     | Hillyer      |
| MELINDA     | FERNANDEZ    | HOMICIDE PEACH       | 2005-05-28 03:57:28 | Mike     | Hillyer      |
| SARA        | PERRY        | HOMICIDE PEACH       | 2005-08-19 11:27:43 | Mike     | Hillyer      |
| LAURIE      | LAWRENCE     | HOMICIDE PEACH       | 2005-07-31 11:59:32 | Mike     | Hillyer      |
| CURTIS      | IRBY         | HOMICIDE PEACH       | 2005-07-09 08:28:40 | Mike     | Hillyer      |
| JAMES       | GANNON       | HOMICIDE PEACH       | 2005-06-21 06:36:59 | Mike     | Hillyer      |
| CLAYTON     | BARBEE       | HOMICIDE PEACH       | 2005-08-22 01:45:18 | Mike     | Hillyer      |
| CHARLENE    | ALVAREZ      | HOMICIDE PEACH       | 2005-07-31 20:47:14 | Mike     | Hillyer      |
| NORMAN      | CURRIER      | HOMICIDE PEACH       | 2005-07-06 20:52:09 | Mike     | Hillyer      |
| CAROLE      | BARNETT      | HOMICIDE PEACH       | 2005-06-21 11:30:47 | Mike     | Hillyer      |
| FELICIA     | SUTTON       | HOMEWARD CIDER       | 2005-07-08 19:27:50 | Mike     | Hillyer      |
| BYRON       | BOX          | HOMEWARD CIDER       | 2005-08-01 04:04:37 | Mike     | Hillyer      |
| DWAYNE      | OLVERA       | HOMEWARD CIDER       | 2005-08-21 13:07:24 | Mike     | Hillyer      |
| ETHEL       | WEBB         | HOMEWARD CIDER       | 2005-07-29 07:19:16 | Mike     | Hillyer      |
| IAN         | STILL        | HOMEWARD CIDER       | 2005-07-12 00:16:19 | Mike     | Hillyer      |
| ANNE        | POWELL       | HOMEWARD CIDER       | 2005-06-19 18:53:05 | Mike     | Hillyer      |
| EARL        | SHANKS       | HOMEWARD CIDER       | 2005-07-31 21:31:49 | Mike     | Hillyer      |
| WILLIE      | HOWELL       | HOMEWARD CIDER       | 2005-06-18 17:12:01 | Mike     | Hillyer      |
| ALBERT      | CROUSE       | HOME PITY            | 2005-08-17 11:05:53 | Mike     | Hillyer      |
| BRUCE       | SCHWARZ      | HOME PITY            | 2005-06-17 10:22:13 | Mike     | Hillyer      |
| DARLENE     | ROSE         | HOME PITY            | 2005-08-18 11:33:34 | Mike     | Hillyer      |
| TERESA      | ROGERS       | HOME PITY            | 2005-06-19 09:57:56 | Mike     | Hillyer      |
| MITCHELL    | WESTMORELAND | HOME PITY            | 2005-08-21 09:39:50 | Mike     | Hillyer      |
| TED         | BREAUX       | HOME PITY            | 2005-08-02 03:48:13 | Mike     | Hillyer      |
| JACOB       | LANCE        | HOME PITY            | 2005-07-09 05:25:20 | Mike     | Hillyer      |
| DWAYNE      | OLVERA       | HOME PITY            | 2005-06-18 06:38:22 | Mike     | Hillyer      |
| TANYA       | GILBERT      | HOLY TADPOLE         | 2005-06-20 14:13:00 | Mike     | Hillyer      |
| MORRIS      | MCCARTER     | HOLY TADPOLE         | 2005-07-31 16:10:36 | Mike     | Hillyer      |
| ARNOLD      | HAVENS       | HOLY TADPOLE         | 2005-07-10 22:14:30 | Mike     | Hillyer      |
| BOBBY       | BOUDREAU     | HOLY TADPOLE         | 2005-06-15 16:31:08 | Mike     | Hillyer      |
| JAMIE       | WAUGH        | HOLOCAUST HIGHBALL   | 2005-08-22 21:36:51 | Mike     | Hillyer      |
| MARCIA      | DEAN         | HOLOCAUST HIGHBALL   | 2005-07-27 10:46:37 | Mike     | Hillyer      |
| JORGE       | OLIVARES     | HOLOCAUST HIGHBALL   | 2005-08-02 16:58:56 | Mike     | Hillyer      |
| TAMMY       | SANDERS      | HOLOCAUST HIGHBALL   | 2005-08-18 03:26:42 | Mike     | Hillyer      |
| GREGORY     | MAULDIN      | HOLOCAUST HIGHBALL   | 2005-07-30 21:18:37 | Mike     | Hillyer      |
| MARION      | SNYDER       | HOLOCAUST HIGHBALL   | 2005-08-01 13:05:52 | Mike     | Hillyer      |
| SAMANTHA    | DUNCAN       | HOLOCAUST HIGHBALL   | 2005-08-22 03:55:02 | Mike     | Hillyer      |
| ELAINE      | STEVENS      | HOLOCAUST HIGHBALL   | 2005-06-18 16:58:58 | Mike     | Hillyer      |
| MARSHA      | DOUGLAS      | HOLLYWOOD ANONYMOUS  | 2005-08-21 01:10:29 | Mike     | Hillyer      |
| LANCE       | PEMBERTON    | HOLLYWOOD ANONYMOUS  | 2005-08-19 14:24:48 | Mike     | Hillyer      |
| VALERIE     | BLACK        | HOLLYWOOD ANONYMOUS  | 2005-07-08 18:09:12 | Mike     | Hillyer      |
| SHERRI      | RHODES       | HOLLYWOOD ANONYMOUS  | 2005-08-20 15:39:42 | Mike     | Hillyer      |
| WILLARD     | LUMPKIN      | HOLLYWOOD ANONYMOUS  | 2005-07-12 18:42:55 | Mike     | Hillyer      |
| TRACY       | COLE         | HOLLOW JEOPARDY      | 2005-07-29 12:18:40 | Mike     | Hillyer      |
| MARVIN      | YEE          | HOLLOW JEOPARDY      | 2005-07-06 12:52:49 | Mike     | Hillyer      |
| ALAN        | KAHN         | HOLLOW JEOPARDY      | 2005-06-16 17:51:01 | Mike     | Hillyer      |
| RONNIE      | RICKETTS     | HOLLOW JEOPARDY      | 2005-05-25 01:17:24 | Mike     | Hillyer      |
| MARC        | OUTLAW       | HOLLOW JEOPARDY      | 2005-06-16 00:27:51 | Mike     | Hillyer      |
| FREDDIE     | DUGGAN       | HOLIDAY GAMES        | 2005-08-23 01:29:59 | Mike     | Hillyer      |
| FRED        | WHEAT        | HOLIDAY GAMES        | 2005-07-08 18:54:04 | Mike     | Hillyer      |
| JAVIER      | ELROD        | HOLIDAY GAMES        | 2005-08-22 11:04:52 | Mike     | Hillyer      |
| MORRIS      | MCCARTER     | HOLIDAY GAMES        | 2005-07-08 02:41:25 | Mike     | Hillyer      |
| HILDA       | HOPKINS      | HOLIDAY GAMES        | 2005-08-21 12:13:10 | Mike     | Hillyer      |
| LEWIS       | LYMAN        | HOLIDAY GAMES        | 2005-07-06 09:46:12 | Mike     | Hillyer      |
| RHONDA      | KENNEDY      | HOLIDAY GAMES        | 2005-07-30 05:02:21 | Mike     | Hillyer      |
| ALEX        | GRESHAM      | HOLIDAY GAMES        | 2005-06-16 09:14:58 | Mike     | Hillyer      |
| MARION      | SNYDER       | HOLES BRANNIGAN      | 2005-07-31 13:45:32 | Mike     | Hillyer      |
| DAVE        | GARDINER     | HOLES BRANNIGAN      | 2005-07-11 03:21:49 | Mike     | Hillyer      |
| TYLER       | WREN         | HOLES BRANNIGAN      | 2005-08-20 05:02:59 | Mike     | Hillyer      |
| SEAN        | DOUGLASS     | HOLES BRANNIGAN      | 2005-08-01 08:50:51 | Mike     | Hillyer      |
| IRMA        | PEARSON      | HOLES BRANNIGAN      | 2005-07-30 07:21:52 | Mike     | Hillyer      |
| CATHY       | SPENCER      | HOLES BRANNIGAN      | 2006-02-14 15:16:03 | Mike     | Hillyer      |
| GINA        | WILLIAMSON   | HOLES BRANNIGAN      | 2005-07-30 23:07:22 | Mike     | Hillyer      |
| MINNIE      | ROMERO       | HOLES BRANNIGAN      | 2005-08-17 15:30:44 | Mike     | Hillyer      |
| SHARON      | ROBINSON     | HOLES BRANNIGAN      | 2005-07-30 07:55:14 | Mike     | Hillyer      |
| SHERRY      | MARSHALL     | HOBBIT ALIEN         | 2005-08-22 13:06:26 | Mike     | Hillyer      |
| BESSIE      | MORRISON     | HOBBIT ALIEN         | 2005-07-27 06:18:01 | Mike     | Hillyer      |
| IRENE       | PRICE        | HOBBIT ALIEN         | 2005-07-07 06:20:33 | Mike     | Hillyer      |
| DORA        | MEDINA       | HOBBIT ALIEN         | 2005-06-17 20:58:32 | Mike     | Hillyer      |
| JENNIFER    | DAVIS        | HOBBIT ALIEN         | 2005-07-27 06:38:25 | Mike     | Hillyer      |
| TYLER       | WREN         | HOBBIT ALIEN         | 2005-07-06 03:17:23 | Mike     | Hillyer      |
| EDDIE       | TOMLIN       | HOBBIT ALIEN         | 2005-06-15 03:45:35 | Mike     | Hillyer      |
| ROSE        | HOWARD       | HOBBIT ALIEN         | 2005-08-20 09:07:52 | Mike     | Hillyer      |
| ROGER       | QUINTANILLA  | HOBBIT ALIEN         | 2005-08-02 04:08:25 | Mike     | Hillyer      |
| BERNARD     | COLBY        | HOBBIT ALIEN         | 2005-08-21 16:03:02 | Mike     | Hillyer      |
| MAE         | FLETCHER     | HOBBIT ALIEN         | 2005-07-07 18:48:54 | Mike     | Hillyer      |
| RAFAEL      | ABNEY        | HOBBIT ALIEN         | 2005-08-02 10:08:40 | Mike     | Hillyer      |
| ALVIN       | DELOACH      | HOBBIT ALIEN         | 2005-07-09 08:57:07 | Mike     | Hillyer      |
| CATHERINE   | CAMPBELL     | HOBBIT ALIEN         | 2005-08-17 07:49:17 | Mike     | Hillyer      |
| SERGIO      | STANFIELD    | HILLS NEIGHBORS      | 2005-08-21 21:15:23 | Mike     | Hillyer      |
| JOSE        | ANDREW       | HILLS NEIGHBORS      | 2005-07-28 04:47:14 | Mike     | Hillyer      |
| CAROL       | GARCIA       | HILLS NEIGHBORS      | 2005-07-08 10:15:38 | Mike     | Hillyer      |
| RONALD      | WEINER       | HILLS NEIGHBORS      | 2005-08-17 19:44:46 | Mike     | Hillyer      |
| BONNIE      | HUGHES       | HILLS NEIGHBORS      | 2005-08-01 08:22:54 | Mike     | Hillyer      |
| THEODORE    | CULP         | HILLS NEIGHBORS      | 2005-07-12 04:43:43 | Mike     | Hillyer      |
| RUBEN       | GEARY        | HILLS NEIGHBORS      | 2005-07-28 15:45:24 | Mike     | Hillyer      |
| ALFREDO     | MCADAMS      | HILLS NEIGHBORS      | 2005-07-08 05:51:19 | Mike     | Hillyer      |
| YOLANDA     | WEAVER       | HILLS NEIGHBORS      | 2005-05-27 16:22:10 | Mike     | Hillyer      |
| SETH        | HANNON       | HILLS NEIGHBORS      | 2005-08-17 07:34:05 | Mike     | Hillyer      |
| DARLENE     | ROSE         | HILLS NEIGHBORS      | 2005-07-28 21:11:48 | Mike     | Hillyer      |
| TOMMY       | COLLAZO      | HILLS NEIGHBORS      | 2005-06-20 02:39:21 | Mike     | Hillyer      |
| JOHN        | FARNSWORTH   | HILLS NEIGHBORS      | 2005-05-29 14:18:32 | Mike     | Hillyer      |
| IDA         | ANDREWS      | HIGHBALL POTTER      | 2005-08-19 01:40:43 | Mike     | Hillyer      |
| MAURICE     | CRAWLEY      | HIGHBALL POTTER      | 2005-08-21 22:22:29 | Mike     | Hillyer      |
| SONIA       | GREGORY      | HIGHBALL POTTER      | 2005-07-06 03:33:23 | Mike     | Hillyer      |
| MAX         | PITT         | HIGHBALL POTTER      | 2005-08-23 02:48:24 | Mike     | Hillyer      |
| ANNE        | POWELL       | HIGHBALL POTTER      | 2005-08-01 12:44:32 | Mike     | Hillyer      |
| ERNEST      | STEPP        | HIGHBALL POTTER      | 2005-06-17 12:39:50 | Mike     | Hillyer      |
| JAMES       | GANNON       | HIGHBALL POTTER      | 2005-07-12 13:58:51 | Mike     | Hillyer      |
| DARLENE     | ROSE         | HIGHBALL POTTER      | 2005-06-18 11:30:56 | Mike     | Hillyer      |
| ZACHARY     | HITE         | HIGHBALL POTTER      | 2005-08-20 18:54:59 | Mike     | Hillyer      |
| TIFFANY     | JORDAN       | HIGHBALL POTTER      | 2005-07-27 21:43:04 | Mike     | Hillyer      |
| FELIX       | GAFFNEY      | HIGHBALL POTTER      | 2005-07-30 18:01:15 | Mike     | Hillyer      |
| GEORGIA     | JACOBS       | HIGH ENCINO          | 2005-08-18 03:11:04 | Mike     | Hillyer      |
| MICHEAL     | FORMAN       | HIGH ENCINO          | 2005-07-28 14:00:47 | Mike     | Hillyer      |
| NATHAN      | RUNYON       | HIGH ENCINO          | 2005-06-17 22:50:36 | Mike     | Hillyer      |
| ROSS        | GREY         | HIGH ENCINO          | 2005-08-22 14:30:09 | Mike     | Hillyer      |
| LAURIE      | LAWRENCE     | HIGH ENCINO          | 2005-08-21 20:43:21 | Mike     | Hillyer      |
| BRYAN       | HARDISON     | HIGH ENCINO          | 2005-08-01 10:19:53 | Mike     | Hillyer      |
| BRIAN       | WYMAN        | HIGH ENCINO          | 2005-07-07 19:21:22 | Mike     | Hillyer      |
| HENRY       | BILLINGSLEY  | HIGH ENCINO          | 2005-08-22 16:55:26 | Mike     | Hillyer      |
| EMILY       | DIAZ         | HIGH ENCINO          | 2005-07-27 03:11:48 | Mike     | Hillyer      |
| MITCHELL    | WESTMORELAND | HIGH ENCINO          | 2005-07-07 18:58:45 | Mike     | Hillyer      |
| ELLA        | OLIVER       | HELLFIGHTERS SIERRA  | 2005-08-18 09:45:33 | Mike     | Hillyer      |
| RONNIE      | RICKETTS     | HELLFIGHTERS SIERRA  | 2005-07-07 08:19:20 | Mike     | Hillyer      |
| MILDRED     | BAILEY       | HELLFIGHTERS SIERRA  | 2005-08-23 07:07:58 | Mike     | Hillyer      |
| ARNOLD      | HAVENS       | HELLFIGHTERS SIERRA  | 2005-07-30 03:54:12 | Mike     | Hillyer      |
| TOMMY       | COLLAZO      | HELLFIGHTERS SIERRA  | 2005-08-22 12:53:58 | Mike     | Hillyer      |
| CHAD        | CARBONE      | HELLFIGHTERS SIERRA  | 2005-07-27 14:58:27 | Mike     | Hillyer      |
| VIRGIL      | WOFFORD      | HELLFIGHTERS SIERRA  | 2005-07-10 01:13:52 | Mike     | Hillyer      |
| STEVEN      | CURLEY       | HELLFIGHTERS SIERRA  | 2005-08-23 15:34:49 | Mike     | Hillyer      |
| ROLAND      | SOUTH        | HELLFIGHTERS SIERRA  | 2005-08-22 20:32:39 | Mike     | Hillyer      |
| WENDY       | HARRISON     | HELLFIGHTERS SIERRA  | 2005-07-31 18:25:30 | Mike     | Hillyer      |
| ELEANOR     | HUNT         | HELLFIGHTERS SIERRA  | 2005-08-22 22:26:13 | Mike     | Hillyer      |
| JENNY       | CASTRO       | HELLFIGHTERS SIERRA  | 2005-07-09 16:17:44 | Mike     | Hillyer      |
| COURTNEY    | DAY          | HELLFIGHTERS SIERRA  | 2005-06-20 21:07:54 | Mike     | Hillyer      |
| GARY        | COY          | HEDWIG ALTER         | 2005-08-17 04:00:40 | Mike     | Hillyer      |
| VIOLA       | HANSON       | HEDWIG ALTER         | 2005-08-02 04:04:32 | Mike     | Hillyer      |
| KATHLEEN    | ADAMS        | HEDWIG ALTER         | 2005-08-23 08:42:40 | Mike     | Hillyer      |
| RICKY       | SHELBY       | HEDWIG ALTER         | 2005-08-02 06:03:53 | Mike     | Hillyer      |
| RANDALL     | NEUMANN      | HEDWIG ALTER         | 2005-05-26 06:20:37 | Mike     | Hillyer      |
| EDITH       | MCDONALD     | HEDWIG ALTER         | 2005-08-23 00:26:52 | Mike     | Hillyer      |
| SALLY       | PIERCE       | HEDWIG ALTER         | 2005-05-26 18:36:58 | Mike     | Hillyer      |
| WADE        | DELVALLE     | HEAVYWEIGHTS BEAST   | 2005-07-06 22:53:57 | Mike     | Hillyer      |
| JOHN        | FARNSWORTH   | HEAVYWEIGHTS BEAST   | 2005-08-20 01:52:30 | Mike     | Hillyer      |
| GINA        | WILLIAMSON   | HEAVYWEIGHTS BEAST   | 2005-06-18 09:44:21 | Mike     | Hillyer      |
| RUTH        | MARTINEZ     | HEAVYWEIGHTS BEAST   | 2005-08-21 00:33:03 | Mike     | Hillyer      |
| LYDIA       | BURKE        | HEAVYWEIGHTS BEAST   | 2005-07-31 00:29:44 | Mike     | Hillyer      |
| VICTOR      | BARKLEY      | HEAVYWEIGHTS BEAST   | 2005-07-30 04:51:25 | Mike     | Hillyer      |
| KELLY       | TORRES       | HEAVYWEIGHTS BEAST   | 2005-08-20 12:21:05 | Mike     | Hillyer      |
| BERNICE     | WILLIS       | HEAVYWEIGHTS BEAST   | 2005-07-28 01:13:26 | Mike     | Hillyer      |
| BRETT       | CORNWELL     | HEAVYWEIGHTS BEAST   | 2005-08-02 16:08:52 | Mike     | Hillyer      |
| KARL        | SEAL         | HEAVYWEIGHTS BEAST   | 2005-07-27 11:29:02 | Mike     | Hillyer      |
| TYRONE      | ASHER        | HEAVYWEIGHTS BEAST   | 2005-07-08 08:25:52 | Mike     | Hillyer      |
| GABRIEL     | HARDER       | HEAVENLY GUN         | 2005-08-19 09:48:52 | Mike     | Hillyer      |
| ERNEST      | STEPP        | HEAVENLY GUN         | 2005-08-17 10:19:51 | Mike     | Hillyer      |
| JERRY       | JORDON       | HEAVENLY GUN         | 2005-05-30 00:28:12 | Mike     | Hillyer      |
| KRISTINA    | CHAMBERS     | HEAVEN FREEDOM       | 2005-05-26 01:46:20 | Mike     | Hillyer      |
| EARL        | SHANKS       | HEAVEN FREEDOM       | 2005-07-27 13:11:57 | Mike     | Hillyer      |
| RICHARD     | MCCRARY      | HEAVEN FREEDOM       | 2005-07-09 03:59:43 | Mike     | Hillyer      |
| LILLIE      | KIM          | HEAVEN FREEDOM       | 2005-06-18 17:35:08 | Mike     | Hillyer      |
| PAMELA      | BAKER        | HEAVEN FREEDOM       | 2005-05-30 11:58:50 | Mike     | Hillyer      |
| RITA        | GRAHAM       | HEAVEN FREEDOM       | 2005-07-27 05:22:04 | Mike     | Hillyer      |
| JEFF        | EAST         | HEAVEN FREEDOM       | 2005-08-02 14:18:07 | Mike     | Hillyer      |
| EDNA        | WEST         | HEAVEN FREEDOM       | 2005-08-19 17:27:10 | Mike     | Hillyer      |
| CASEY       | MENA         | HEAVEN FREEDOM       | 2005-08-01 02:52:05 | Mike     | Hillyer      |
| PHILIP      | CAUSEY       | HEAVEN FREEDOM       | 2005-06-18 03:16:54 | Mike     | Hillyer      |
| KIM         | CRUZ         | HEARTBREAKERS BRIGHT | 2005-08-21 17:35:17 | Mike     | Hillyer      |
| VERONICA    | STONE        | HEARTBREAKERS BRIGHT | 2005-08-02 08:09:54 | Mike     | Hillyer      |
| HILDA       | HOPKINS      | HEARTBREAKERS BRIGHT | 2005-08-17 21:04:35 | Mike     | Hillyer      |
| MAX         | PITT         | HEARTBREAKERS BRIGHT | 2005-06-20 16:58:19 | Mike     | Hillyer      |
| CHARLES     | KOWALSKI     | HEARTBREAKERS BRIGHT | 2005-08-18 03:00:11 | Mike     | Hillyer      |
| STACY       | CUNNINGHAM   | HEARTBREAKERS BRIGHT | 2005-08-01 13:46:02 | Mike     | Hillyer      |
| JUSTIN      | NGO          | HEARTBREAKERS BRIGHT | 2005-07-29 03:50:54 | Mike     | Hillyer      |
| EDGAR       | RHOADS       | HEARTBREAKERS BRIGHT | 2005-08-17 21:49:14 | Mike     | Hillyer      |
| ELSIE       | KELLEY       | HEAD STRANGER        | 2005-08-22 18:20:07 | Mike     | Hillyer      |
| ALEX        | GRESHAM      | HEAD STRANGER        | 2005-06-19 11:17:12 | Mike     | Hillyer      |
| KELLY       | TORRES       | HEAD STRANGER        | 2005-05-27 02:22:26 | Mike     | Hillyer      |
| ANGEL       | BARCLAY      | HEAD STRANGER        | 2005-08-22 10:15:54 | Mike     | Hillyer      |
| BEVERLY     | BROOKS       | HEAD STRANGER        | 2005-08-02 17:21:49 | Mike     | Hillyer      |
| ELIZABETH   | BROWN        | HEAD STRANGER        | 2005-07-09 01:57:57 | Mike     | Hillyer      |
| RHONDA      | KENNEDY      | HEAD STRANGER        | 2005-07-06 18:06:12 | Mike     | Hillyer      |
| JESSICA     | HALL         | HEAD STRANGER        | 2005-06-19 01:27:46 | Mike     | Hillyer      |
| RYAN        | SALISBURY    | HEAD STRANGER        | 2005-08-23 04:51:52 | Mike     | Hillyer      |
| MARCUS      | HIDALGO      | HEAD STRANGER        | 2005-07-06 00:02:08 | Mike     | Hillyer      |
| KURT        | EMMONS       | HEAD STRANGER        | 2005-08-21 14:44:41 | Mike     | Hillyer      |
| PEDRO       | CHESTNUT     | HEAD STRANGER        | 2005-07-28 01:15:45 | Mike     | Hillyer      |
| EDITH       | MCDONALD     | HEAD STRANGER        | 2005-07-11 05:52:50 | Mike     | Hillyer      |
| GILBERT     | SLEDGE       | HEAD STRANGER        | 2005-07-30 15:05:36 | Mike     | Hillyer      |
| DOROTHY     | TAYLOR       | HAWK CHILL           | 2005-06-17 11:11:14 | Mike     | Hillyer      |
| EARL        | SHANKS       | HAWK CHILL           | 2005-08-01 14:49:41 | Mike     | Hillyer      |
| SHANE       | MILLARD      | HAUNTING PIANIST     | 2005-07-28 16:55:47 | Mike     | Hillyer      |
| RICARDO     | MEADOR       | HAUNTING PIANIST     | 2005-06-18 02:08:27 | Mike     | Hillyer      |
| BOBBIE      | CRAIG        | HAUNTING PIANIST     | 2005-07-28 05:38:20 | Mike     | Hillyer      |
| ROBERTA     | HARPER       | HAUNTING PIANIST     | 2005-07-27 03:53:52 | Mike     | Hillyer      |
| CLARA       | SHAW         | HAUNTING PIANIST     | 2005-07-30 04:31:08 | Mike     | Hillyer      |
| RUBY        | WASHINGTON   | HAUNTING PIANIST     | 2005-08-16 23:54:47 | Mike     | Hillyer      |
| KATIE       | ELLIOTT      | HAUNTING PIANIST     | 2005-07-28 23:34:22 | Mike     | Hillyer      |
| SEAN        | DOUGLASS     | HAUNTING PIANIST     | 2005-07-11 04:06:25 | Mike     | Hillyer      |
| ELLA        | OLIVER       | HAUNTING PIANIST     | 2005-06-19 23:13:04 | Mike     | Hillyer      |
| WENDY       | HARRISON     | HAUNTING PIANIST     | 2005-05-30 11:20:27 | Mike     | Hillyer      |
| JAIME       | NETTLES      | HAUNTED ANTITRUST    | 2005-07-09 07:25:19 | Mike     | Hillyer      |
| JOHN        | FARNSWORTH   | HARRY IDAHO          | 2005-08-21 21:07:59 | Mike     | Hillyer      |
| TYRONE      | ASHER        | HARRY IDAHO          | 2005-07-09 00:49:03 | Mike     | Hillyer      |
| ALBERT      | CROUSE       | HARRY IDAHO          | 2005-06-16 11:08:28 | Mike     | Hillyer      |
| ARLENE      | HARVEY       | HARRY IDAHO          | 2005-07-08 17:37:39 | Mike     | Hillyer      |
| CLARA       | SHAW         | HARRY IDAHO          | 2005-08-19 07:03:14 | Mike     | Hillyer      |
| BETH        | FRANKLIN     | HARRY IDAHO          | 2005-08-01 23:53:45 | Mike     | Hillyer      |
| MELISSA     | KING         | HARRY IDAHO          | 2005-07-06 22:23:02 | Mike     | Hillyer      |
| MAE         | FLETCHER     | HARRY IDAHO          | 2005-06-17 01:17:12 | Mike     | Hillyer      |
| ANGEL       | BARCLAY      | HARRY IDAHO          | 2005-08-23 10:00:02 | Mike     | Hillyer      |
| MYRTLE      | FLEMING      | HARRY IDAHO          | 2005-07-30 07:39:59 | Mike     | Hillyer      |
| NORA        | HERRERA      | HARRY IDAHO          | 2005-08-20 00:56:44 | Mike     | Hillyer      |
| ANNA        | HILL         | HARRY IDAHO          | 2005-07-28 14:53:06 | Mike     | Hillyer      |
| KYLE        | SPURLOCK     | HARRY IDAHO          | 2005-06-20 21:32:32 | Mike     | Hillyer      |
| JUDITH      | COX          | HARRY IDAHO          | 2005-05-28 00:39:31 | Mike     | Hillyer      |
| ALFRED      | CASILLAS     | HARRY IDAHO          | 2005-07-27 21:39:42 | Mike     | Hillyer      |
| SHANE       | MILLARD      | HARRY IDAHO          | 2005-07-07 13:00:20 | Mike     | Hillyer      |
| JEAN        | BELL         | HARPER DYING         | 2005-08-02 19:44:04 | Mike     | Hillyer      |
| JULIAN      | VEST         | HARPER DYING         | 2005-07-12 04:14:19 | Mike     | Hillyer      |
| CARLA       | GUTIERREZ    | HARPER DYING         | 2005-08-20 03:03:31 | Mike     | Hillyer      |
| REGINA      | BERRY        | HARPER DYING         | 2005-07-09 22:43:56 | Mike     | Hillyer      |
| BECKY       | MILES        | HARPER DYING         | 2005-07-08 19:31:02 | Mike     | Hillyer      |
| LEWIS       | LYMAN        | HARPER DYING         | 2005-08-19 13:28:26 | Mike     | Hillyer      |
| KENT        | ARSENAULT    | HARPER DYING         | 2005-07-28 15:02:25 | Mike     | Hillyer      |
| PEDRO       | CHESTNUT     | HARPER DYING         | 2005-07-06 23:11:11 | Mike     | Hillyer      |
| HERBERT     | KRUGER       | HARPER DYING         | 2005-06-21 13:51:12 | Mike     | Hillyer      |
| STANLEY     | SCROGGINS    | HARPER DYING         | 2005-08-18 06:41:30 | Mike     | Hillyer      |
| CRYSTAL     | FORD         | HARPER DYING         | 2005-08-23 21:59:26 | Mike     | Hillyer      |
| GORDON      | ALLARD       | HARPER DYING         | 2005-07-30 21:08:41 | Mike     | Hillyer      |
| CLAUDE      | HERZOG       | HAROLD FRENCH        | 2005-05-26 07:30:37 | Mike     | Hillyer      |
| TONY        | CARRANZA     | HAROLD FRENCH        | 2005-08-21 09:16:19 | Mike     | Hillyer      |
| SUSAN       | WILSON       | HAROLD FRENCH        | 2005-07-12 10:43:53 | Mike     | Hillyer      |
| JULIA       | FLORES       | HARDLY ROBBERS       | 2005-08-18 22:52:13 | Mike     | Hillyer      |
| ANA         | BRADLEY      | HAPPINESS UNITED     | 2006-02-14 15:16:03 | Mike     | Hillyer      |
| SONIA       | GREGORY      | HAPPINESS UNITED     | 2005-08-01 12:21:13 | Mike     | Hillyer      |
| WENDY       | HARRISON     | HANOVER GALAXY       | 2005-07-28 14:23:01 | Mike     | Hillyer      |
| LEE         | HAWKS        | HANOVER GALAXY       | 2005-07-05 23:41:08 | Mike     | Hillyer      |
| EDWIN       | BURK         | HANOVER GALAXY       | 2005-06-20 23:59:57 | Mike     | Hillyer      |
| SEAN        | DOUGLASS     | HANOVER GALAXY       | 2005-08-20 07:04:07 | Mike     | Hillyer      |
| MIGUEL      | BETANCOURT   | HANOVER GALAXY       | 2005-07-27 00:57:42 | Mike     | Hillyer      |
| HILDA       | HOPKINS      | HANOVER GALAXY       | 2005-07-11 21:40:23 | Mike     | Hillyer      |
| HERMAN      | DEVORE       | HANOVER GALAXY       | 2005-08-17 09:10:55 | Mike     | Hillyer      |
| BONNIE      | HUGHES       | HANOVER GALAXY       | 2005-07-28 00:34:06 | Mike     | Hillyer      |
| DANA        | HART         | HANOVER GALAXY       | 2005-07-12 08:37:30 | Mike     | Hillyer      |
| VICTOR      | BARKLEY      | HANOVER GALAXY       | 2005-06-18 20:23:52 | Mike     | Hillyer      |
| JUDY        | GRAY         | HANOVER GALAXY       | 2005-05-28 11:49:00 | Mike     | Hillyer      |
| DAN         | PAINE        | HANKY OCTOBER        | 2005-08-23 18:23:30 | Mike     | Hillyer      |
| AMBER       | DIXON        | HANKY OCTOBER        | 2005-08-22 08:57:10 | Mike     | Hillyer      |
| MELVIN      | ELLINGTON    | HANKY OCTOBER        | 2005-08-22 20:07:03 | Mike     | Hillyer      |
| JUDY        | GRAY         | HANKY OCTOBER        | 2005-07-11 22:07:32 | Mike     | Hillyer      |
| MARCUS      | HIDALGO      | HANKY OCTOBER        | 2005-06-15 16:25:26 | Mike     | Hillyer      |
| CURTIS      | IRBY         | HANKY OCTOBER        | 2005-08-02 21:49:06 | Mike     | Hillyer      |
| TYRONE      | ASHER        | HANKY OCTOBER        | 2005-06-20 06:39:11 | Mike     | Hillyer      |
| LESTER      | KRAUS        | HANKY OCTOBER        | 2005-05-25 12:36:30 | Mike     | Hillyer      |
| BETTY       | WHITE        | HANKY OCTOBER        | 2005-07-31 03:21:16 | Mike     | Hillyer      |
| EDITH       | MCDONALD     | HANKY OCTOBER        | 2005-06-21 01:38:09 | Mike     | Hillyer      |
| MICHEAL     | FORMAN       | HANKY OCTOBER        | 2005-08-21 20:01:18 | Mike     | Hillyer      |
| KEVIN       | SCHULER      | HANKY OCTOBER        | 2005-07-29 16:17:05 | Mike     | Hillyer      |
| PEGGY       | MYERS        | HANKY OCTOBER        | 2005-07-10 12:40:17 | Mike     | Hillyer      |
| VALERIE     | BLACK        | HANKY OCTOBER        | 2005-06-18 01:41:37 | Mike     | Hillyer      |
| RICHARD     | MCCRARY      | HANKY OCTOBER        | 2005-08-22 23:54:04 | Mike     | Hillyer      |
| JULIAN      | VEST         | HANGING DEEP         | 2005-07-07 11:53:14 | Mike     | Hillyer      |
| VICTORIA    | GIBSON       | HANGING DEEP         | 2005-06-17 05:19:47 | Mike     | Hillyer      |
| JORGE       | OLIVARES     | HANGING DEEP         | 2005-05-27 04:50:56 | Mike     | Hillyer      |
| RICK        | MATTOX       | HANGING DEEP         | 2005-08-17 13:09:01 | Mike     | Hillyer      |
| ARNOLD      | HAVENS       | HANGING DEEP         | 2005-07-10 01:09:42 | Mike     | Hillyer      |
| JUNE        | CARROLL      | HANGING DEEP         | 2005-08-20 23:42:31 | Mike     | Hillyer      |
| KEITH       | RICO         | HANGING DEEP         | 2005-08-01 11:07:44 | Mike     | Hillyer      |
| NATHANIEL   | ADAM         | HANGING DEEP         | 2005-07-06 10:49:30 | Mike     | Hillyer      |
| ANTONIO     | MEEK         | HANGING DEEP         | 2005-05-27 23:51:12 | Mike     | Hillyer      |
| EILEEN      | CARR         | HANDICAP BOONDOCK    | 2005-06-18 04:17:44 | Mike     | Hillyer      |
| JORGE       | OLIVARES     | HANDICAP BOONDOCK    | 2005-08-17 08:48:39 | Mike     | Hillyer      |
| BILLY       | POULIN       | HANDICAP BOONDOCK    | 2005-08-20 18:00:37 | Mike     | Hillyer      |
| JILL        | HAWKINS      | HANDICAP BOONDOCK    | 2005-05-28 07:35:37 | Mike     | Hillyer      |
| TRAVIS      | ESTEP        | HANDICAP BOONDOCK    | 2005-08-02 15:39:18 | Mike     | Hillyer      |
| TONY        | CARRANZA     | HANDICAP BOONDOCK    | 2005-07-10 21:40:06 | Mike     | Hillyer      |
| YVONNE      | WATKINS      | HANDICAP BOONDOCK    | 2005-06-21 20:45:51 | Mike     | Hillyer      |
| BETTY       | WHITE        | HANDICAP BOONDOCK    | 2005-05-28 04:25:33 | Mike     | Hillyer      |
| CURTIS      | IRBY         | HANDICAP BOONDOCK    | 2005-08-01 23:30:22 | Mike     | Hillyer      |
| CASEY       | MENA         | HANDICAP BOONDOCK    | 2005-07-06 21:22:17 | Mike     | Hillyer      |
| KATHRYN     | COLEMAN      | HANDICAP BOONDOCK    | 2005-06-15 18:38:51 | Mike     | Hillyer      |
| JAVIER      | ELROD        | HANDICAP BOONDOCK    | 2005-05-29 14:09:53 | Mike     | Hillyer      |
| ELAINE      | STEVENS      | HAMLET WISDOM        | 2005-08-19 10:40:10 | Mike     | Hillyer      |
| AGNES       | BISHOP       | HAMLET WISDOM        | 2005-07-10 12:48:01 | Mike     | Hillyer      |
| CHARLES     | KOWALSKI     | HAMLET WISDOM        | 2005-05-27 08:49:21 | Mike     | Hillyer      |
| DENISE      | KELLY        | HAMLET WISDOM        | 2005-07-06 15:35:06 | Mike     | Hillyer      |
| VIRGINIA    | GREEN        | HAMLET WISDOM        | 2005-08-20 10:31:01 | Mike     | Hillyer      |
| JAY         | ROBB         | HAMLET WISDOM        | 2005-08-02 04:30:02 | Mike     | Hillyer      |
| PHILLIP     | HOLM         | HAMLET WISDOM        | 2005-08-17 01:20:26 | Mike     | Hillyer      |
| MISTY       | LAMBERT      | HAMLET WISDOM        | 2005-07-27 09:27:45 | Mike     | Hillyer      |
| MITCHELL    | WESTMORELAND | HALLOWEEN NUTS       | 2005-07-29 02:32:41 | Mike     | Hillyer      |
| CAROLE      | BARNETT      | HALLOWEEN NUTS       | 2005-05-27 03:15:23 | Mike     | Hillyer      |
| ARMANDO     | GRUBER       | HALLOWEEN NUTS       | 2005-07-08 18:13:10 | Mike     | Hillyer      |
| RUBEN       | GEARY        | HALL CASSIDY         | 2005-08-22 17:46:17 | Mike     | Hillyer      |
| LARRY       | THRASHER     | HALL CASSIDY         | 2005-08-23 19:51:30 | Mike     | Hillyer      |
| CLIFTON     | MALCOLM      | HALL CASSIDY         | 2005-07-27 15:18:42 | Mike     | Hillyer      |
| MELVIN      | ELLINGTON    | HALL CASSIDY         | 2005-08-22 02:48:05 | Mike     | Hillyer      |
| GLENDA      | FRAZIER      | HALL CASSIDY         | 2005-07-29 09:02:13 | Mike     | Hillyer      |
| ELLA        | OLIVER       | HALL CASSIDY         | 2005-07-06 18:41:33 | Mike     | Hillyer      |
| ANTONIO     | MEEK         | HALL CASSIDY         | 2005-06-20 19:55:47 | Mike     | Hillyer      |
| SHANE       | MILLARD      | HALL CASSIDY         | 2005-08-18 12:38:37 | Mike     | Hillyer      |
| KURT        | EMMONS       | HALL CASSIDY         | 2005-07-06 13:01:47 | Mike     | Hillyer      |
| LYNN        | PAYNE        | HALF OUTFIELD        | 2005-08-18 19:50:43 | Mike     | Hillyer      |
| CLARA       | SHAW         | HALF OUTFIELD        | 2005-07-27 22:34:45 | Mike     | Hillyer      |
| TROY        | QUIGLEY      | HALF OUTFIELD        | 2005-08-20 03:30:00 | Mike     | Hillyer      |
| AMY         | LOPEZ        | HALF OUTFIELD        | 2005-07-07 22:48:34 | Mike     | Hillyer      |
| LAWRENCE    | LAWTON       | HALF OUTFIELD        | 2006-02-14 15:16:03 | Mike     | Hillyer      |
| FRED        | WHEAT        | HALF OUTFIELD        | 2005-07-29 22:30:16 | Mike     | Hillyer      |
| CHRISTIAN   | JUNG         | HALF OUTFIELD        | 2006-02-14 15:16:03 | Mike     | Hillyer      |
| CODY        | NOLEN        | HALF OUTFIELD        | 2005-08-02 19:05:06 | Mike     | Hillyer      |
| JUANITA     | MASON        | HALF OUTFIELD        | 2005-07-12 01:14:03 | Mike     | Hillyer      |
| ALEX        | GRESHAM      | HALF OUTFIELD        | 2005-06-18 18:30:26 | Mike     | Hillyer      |
| ELSIE       | KELLEY       | HALF OUTFIELD        | 2005-08-17 09:29:22 | Mike     | Hillyer      |
| ERIKA       | PENA         | HALF OUTFIELD        | 2005-07-06 11:29:00 | Mike     | Hillyer      |
| GERALDINE   | PERKINS      | HALF OUTFIELD        | 2005-08-22 14:12:05 | Mike     | Hillyer      |
| ALMA        | AUSTIN       | HALF OUTFIELD        | 2005-07-09 01:12:57 | Mike     | Hillyer      |
| CRYSTAL     | FORD         | GUYS FALCON          | 2005-08-19 22:57:25 | Mike     | Hillyer      |
| FLORENCE    | WOODS        | GUYS FALCON          | 2005-07-27 18:02:08 | Mike     | Hillyer      |
| NATHANIEL   | ADAM         | GUYS FALCON          | 2005-06-20 05:17:22 | Mike     | Hillyer      |
| CHRISTINE   | ROBERTS      | GUYS FALCON          | 2005-05-25 20:26:42 | Mike     | Hillyer      |
| GLADYS      | HAMILTON     | GUYS FALCON          | 2005-07-30 19:42:07 | Mike     | Hillyer      |
| STEVEN      | CURLEY       | GUNFIGHTER MUSSOLINI | 2005-08-21 04:55:37 | Mike     | Hillyer      |
| HARRY       | ARCE         | GUNFIGHTER MUSSOLINI | 2005-08-01 19:21:42 | Mike     | Hillyer      |
| CATHY       | SPENCER      | GUNFIGHTER MUSSOLINI | 2005-08-23 03:30:45 | Mike     | Hillyer      |
| LESLIE      | GORDON       | GUNFIGHTER MUSSOLINI | 2005-07-11 05:05:30 | Mike     | Hillyer      |
| PHILLIP     | HOLM         | GUNFIGHTER MUSSOLINI | 2005-08-19 09:44:17 | Mike     | Hillyer      |
| WALTER      | PERRYMAN     | GUNFIGHTER MUSSOLINI | 2005-07-11 04:52:40 | Mike     | Hillyer      |
| OLGA        | JIMENEZ      | GUNFIGHTER MUSSOLINI | 2005-06-17 23:45:47 | Mike     | Hillyer      |
| CHARLIE     | BESS         | GUNFIGHT MOON        | 2005-06-20 18:57:48 | Mike     | Hillyer      |
| TERESA      | ROGERS       | GUNFIGHT MOON        | 2005-05-26 07:03:49 | Mike     | Hillyer      |
| ALEX        | GRESHAM      | GUNFIGHT MOON        | 2005-08-18 07:18:10 | Mike     | Hillyer      |
| AUSTIN      | CINTRON      | GUNFIGHT MOON        | 2005-07-09 04:42:00 | Mike     | Hillyer      |
| SHELLY      | WATTS        | GUNFIGHT MOON        | 2005-08-17 14:16:48 | Mike     | Hillyer      |
| CHERYL      | MURPHY       | GUNFIGHT MOON        | 2005-07-08 20:06:19 | Mike     | Hillyer      |
| ENRIQUE     | FORSYTHE     | GUNFIGHT MOON        | 2006-02-14 15:16:03 | Mike     | Hillyer      |
| BILLIE      | HORTON       | GUNFIGHT MOON        | 2005-07-27 10:20:27 | Mike     | Hillyer      |
| YVONNE      | WATKINS      | GUNFIGHT MOON        | 2005-07-08 16:56:34 | Mike     | Hillyer      |
| LEROY       | BUSTAMANTE   | GUNFIGHT MOON        | 2005-05-27 20:57:07 | Mike     | Hillyer      |
| LAUREN      | HUDSON       | GUNFIGHT MOON        | 2005-07-30 11:30:37 | Mike     | Hillyer      |
| DUANE       | TUBBS        | GUNFIGHT MOON        | 2005-07-06 18:00:19 | Mike     | Hillyer      |
| CHERYL      | MURPHY       | GUNFIGHT MOON        | 2005-06-20 04:13:04 | Mike     | Hillyer      |
| GLORIA      | COOK         | GUNFIGHT MOON        | 2005-05-28 00:43:41 | Mike     | Hillyer      |
| JERRY       | JORDON       | GUNFIGHT MOON        | 2006-02-14 15:16:03 | Mike     | Hillyer      |
| ASHLEY      | RICHARDSON   | GUN BONNIE           | 2005-08-19 10:38:56 | Mike     | Hillyer      |
| SONIA       | GREGORY      | GUN BONNIE           | 2005-05-27 15:32:57 | Mike     | Hillyer      |
| BESSIE      | MORRISON     | GUN BONNIE           | 2005-07-31 12:58:20 | Mike     | Hillyer      |
| DON         | BONE         | GUN BONNIE           | 2005-07-12 19:24:07 | Mike     | Hillyer      |
| STEVE       | MACKENZIE    | GUN BONNIE           | 2005-08-18 02:59:09 | Mike     | Hillyer      |
| LUCY        | WHEELER      | GUN BONNIE           | 2005-07-28 10:02:01 | Mike     | Hillyer      |
| JOAN        | COOPER       | GUN BONNIE           | 2005-06-16 04:52:28 | Mike     | Hillyer      |
| SUE         | PETERS       | GUN BONNIE           | 2005-05-28 19:35:45 | Mike     | Hillyer      |
| CONNIE      | WALLACE      | GUN BONNIE           | 2005-07-09 22:24:11 | Mike     | Hillyer      |
| ELEANOR     | HUNT         | GUN BONNIE           | 2005-06-15 22:02:35 | Mike     | Hillyer      |
| JENNY       | CASTRO       | GUN BONNIE           | 2005-05-25 06:20:46 | Mike     | Hillyer      |
| MICHELLE    | CLARK        | GUN BONNIE           | 2005-08-17 17:53:09 | Mike     | Hillyer      |
| LOUISE      | JENKINS      | GUN BONNIE           | 2005-08-02 19:25:13 | Mike     | Hillyer      |
| JANET       | PHILLIPS     | GUN BONNIE           | 2005-07-11 01:24:44 | Mike     | Hillyer      |
| STEVEN      | CURLEY       | GUN BONNIE           | 2005-06-18 22:01:31 | Mike     | Hillyer      |
| DWAYNE      | OLVERA       | GUN BONNIE           | 2005-08-17 19:29:44 | Mike     | Hillyer      |
| CHRISTOPHER | GRECO        | GROUNDHOG UNCUT      | 2005-07-11 00:18:21 | Mike     | Hillyer      |
| JUNE        | CARROLL      | GROUNDHOG UNCUT      | 2005-05-27 09:34:39 | Mike     | Hillyer      |
| HUGH        | WALDROP      | GROUNDHOG UNCUT      | 2005-08-18 10:37:49 | Mike     | Hillyer      |
| PAULA       | BRYANT       | GROUNDHOG UNCUT      | 2005-07-27 19:02:19 | Mike     | Hillyer      |
| RHONDA      | KENNEDY      | GROUNDHOG UNCUT      | 2005-07-11 03:12:19 | Mike     | Hillyer      |
| PATRICK     | NEWSOM       | GROUNDHOG UNCUT      | 2005-06-18 01:06:01 | Mike     | Hillyer      |
| LORI        | WOOD         | GROUNDHOG UNCUT      | 2005-07-28 05:50:11 | Mike     | Hillyer      |
| RUSSELL     | BRINSON      | GROUNDHOG UNCUT      | 2005-08-21 15:08:31 | Mike     | Hillyer      |
| PAUL        | TROUT        | GROUNDHOG UNCUT      | 2005-06-16 07:33:18 | Mike     | Hillyer      |
| VALERIE     | BLACK        | GROUNDHOG UNCUT      | 2005-08-01 19:31:24 | Mike     | Hillyer      |
| IVAN        | CROMWELL     | GROSSE WONDERFUL     | 2005-08-17 20:36:37 | Mike     | Hillyer      |
| NATHAN      | RUNYON       | GROSSE WONDERFUL     | 2005-07-09 06:13:54 | Mike     | Hillyer      |
| HERMAN      | DEVORE       | GROSSE WONDERFUL     | 2005-07-28 08:55:27 | Mike     | Hillyer      |
| BOBBIE      | CRAIG        | GROOVE FICTION       | 2005-07-30 21:19:26 | Mike     | Hillyer      |
| ESTHER      | CRAWFORD     | GROOVE FICTION       | 2005-07-08 20:50:05 | Mike     | Hillyer      |
| JEFFERY     | PINSON       | GROOVE FICTION       | 2005-06-16 18:12:17 | Mike     | Hillyer      |
| TIM         | CARY         | GROOVE FICTION       | 2005-05-28 22:07:30 | Mike     | Hillyer      |
| ENRIQUE     | FORSYTHE     | GROOVE FICTION       | 2005-08-21 11:13:35 | Mike     | Hillyer      |
| TERRANCE    | ROUSH        | GROOVE FICTION       | 2005-07-26 23:15:50 | Mike     | Hillyer      |
| DAVID       | ROYAL        | GROOVE FICTION       | 2005-07-10 12:20:36 | Mike     | Hillyer      |
| DOROTHY     | TAYLOR       | GROOVE FICTION       | 2005-08-18 09:19:12 | Mike     | Hillyer      |
| TAMARA      | NGUYEN       | GROOVE FICTION       | 2005-08-19 02:39:47 | Mike     | Hillyer      |
| THELMA      | MURRAY       | GROOVE FICTION       | 2005-08-19 13:48:54 | Mike     | Hillyer      |
| KENT        | ARSENAULT    | GROOVE FICTION       | 2005-07-27 21:53:21 | Mike     | Hillyer      |
| SUZANNE     | NICHOLS      | GROOVE FICTION       | 2005-07-06 21:46:36 | Mike     | Hillyer      |
| MARCIA      | DEAN         | GROOVE FICTION       | 2005-06-21 21:46:56 | Mike     | Hillyer      |
| ROY         | WHITING      | GRIT CLOCKWORK       | 2005-08-18 01:51:44 | Mike     | Hillyer      |
| JEFFREY     | SPEAR        | GRIT CLOCKWORK       | 2005-07-28 15:35:41 | Mike     | Hillyer      |
| REGINALD    | KINDER       | GRIT CLOCKWORK       | 2005-07-28 12:10:02 | Mike     | Hillyer      |
| IVAN        | CROMWELL     | GRIT CLOCKWORK       | 2005-06-18 05:46:15 | Mike     | Hillyer      |
| RHONDA      | KENNEDY      | GRIT CLOCKWORK       | 2005-08-19 12:55:30 | Mike     | Hillyer      |
| MEGAN       | PALMER       | GRIT CLOCKWORK       | 2005-07-27 13:58:57 | Mike     | Hillyer      |
| MARGIE      | WADE         | GRIT CLOCKWORK       | 2005-06-19 16:55:59 | Mike     | Hillyer      |
| YVONNE      | WATKINS      | GRIT CLOCKWORK       | 2005-05-25 05:12:29 | Mike     | Hillyer      |
| BARRY       | LOVELACE     | GRIT CLOCKWORK       | 2005-08-17 04:49:46 | Mike     | Hillyer      |
| BEVERLY     | BROOKS       | GRIT CLOCKWORK       | 2005-07-28 03:11:29 | Mike     | Hillyer      |
| ANDREW      | PURDY        | GRIT CLOCKWORK       | 2005-08-18 10:24:17 | Mike     | Hillyer      |
| NICOLE      | PETERSON     | GRIT CLOCKWORK       | 2005-07-08 04:48:36 | Mike     | Hillyer      |
| ARMANDO     | GRUBER       | GRIT CLOCKWORK       | 2005-06-21 19:31:40 | Mike     | Hillyer      |
| ANNETTE     | OLSON        | GRINCH MASSAGE       | 2005-07-31 15:31:25 | Mike     | Hillyer      |
| BERNICE     | WILLIS       | GRINCH MASSAGE       | 2005-08-20 17:22:51 | Mike     | Hillyer      |
| TONYA       | CHAPMAN      | GRINCH MASSAGE       | 2005-07-27 05:46:43 | Mike     | Hillyer      |
| MARION      | OCAMPO       | GRINCH MASSAGE       | 2005-08-01 06:24:26 | Mike     | Hillyer      |
| SUZANNE     | NICHOLS      | GRINCH MASSAGE       | 2005-07-07 10:59:39 | Mike     | Hillyer      |
| VINCENT     | RALSTON      | GRINCH MASSAGE       | 2005-08-20 08:01:39 | Mike     | Hillyer      |
| TONYA       | CHAPMAN      | GRINCH MASSAGE       | 2005-08-01 15:57:55 | Mike     | Hillyer      |
| MITCHELL    | WESTMORELAND | GREEK EVERYONE       | 2005-08-19 23:38:02 | Mike     | Hillyer      |
| LEON        | BOSTIC       | GREEK EVERYONE       | 2005-08-19 20:18:53 | Mike     | Hillyer      |
| JENNY       | CASTRO       | GREEK EVERYONE       | 2005-07-27 17:32:20 | Mike     | Hillyer      |
| GILBERT     | SLEDGE       | GREEDY ROOTS         | 2005-08-23 18:01:31 | Mike     | Hillyer      |
| ELLEN       | SIMPSON      | GREEDY ROOTS         | 2005-07-28 13:48:09 | Mike     | Hillyer      |
| ALEXANDER   | FENNELL      | GREEDY ROOTS         | 2005-06-19 08:07:31 | Mike     | Hillyer      |
| GWENDOLYN   | MAY          | GREEDY ROOTS         | 2005-07-11 22:23:09 | Mike     | Hillyer      |
| ALLEN       | BUTTERFIELD  | GREEDY ROOTS         | 2005-07-29 15:54:22 | Mike     | Hillyer      |
+-------------+--------------+----------------------+---------------------+----------+--------------+
500 rows in set (0.0503 sec)
 MySQL  localhost:3306 ssl  sakila  SQL >